Archive member included to satisfy reference by file (symbol)

C:/ST/STM32CubeIDE_1.12.0/STM32CubeIDE/plugins/com.st.stm32cube.ide.mcu.externaltools.gnu-tools-for-stm32.11.3.rel1.win32_1.1.100.202309141235/tools/bin/../lib/gcc/arm-none-eabi/11.3.1/../../../../arm-none-eabi/lib/thumb/v7e-m+fp/hard\libc_nano.a(libc_a-exit.o)
                              C:/ST/STM32CubeIDE_1.12.0/STM32CubeIDE/plugins/com.st.stm32cube.ide.mcu.externaltools.gnu-tools-for-stm32.11.3.rel1.win32_1.1.100.202309141235/tools/bin/../lib/gcc/arm-none-eabi/11.3.1/../../../../arm-none-eabi/lib/thumb/v7e-m+fp/hard/crt0.o (exit)
C:/ST/STM32CubeIDE_1.12.0/STM32CubeIDE/plugins/com.st.stm32cube.ide.mcu.externaltools.gnu-tools-for-stm32.11.3.rel1.win32_1.1.100.202309141235/tools/bin/../lib/gcc/arm-none-eabi/11.3.1/../../../../arm-none-eabi/lib/thumb/v7e-m+fp/hard\libc_nano.a(libc_a-findfp.o)
                              C:/ST/STM32CubeIDE_1.12.0/STM32CubeIDE/plugins/com.st.stm32cube.ide.mcu.externaltools.gnu-tools-for-stm32.11.3.rel1.win32_1.1.100.202309141235/tools/bin/../lib/gcc/arm-none-eabi/11.3.1/../../../../arm-none-eabi/lib/thumb/v7e-m+fp/hard\libc_nano.a(libc_a-exit.o) (__stdio_exit_handler)
C:/ST/STM32CubeIDE_1.12.0/STM32CubeIDE/plugins/com.st.stm32cube.ide.mcu.externaltools.gnu-tools-for-stm32.11.3.rel1.win32_1.1.100.202309141235/tools/bin/../lib/gcc/arm-none-eabi/11.3.1/../../../../arm-none-eabi/lib/thumb/v7e-m+fp/hard\libc_nano.a(libc_a-fwalk.o)
                              C:/ST/STM32CubeIDE_1.12.0/STM32CubeIDE/plugins/com.st.stm32cube.ide.mcu.externaltools.gnu-tools-for-stm32.11.3.rel1.win32_1.1.100.202309141235/tools/bin/../lib/gcc/arm-none-eabi/11.3.1/../../../../arm-none-eabi/lib/thumb/v7e-m+fp/hard\libc_nano.a(libc_a-findfp.o) (_fwalk_sglue)
C:/ST/STM32CubeIDE_1.12.0/STM32CubeIDE/plugins/com.st.stm32cube.ide.mcu.externaltools.gnu-tools-for-stm32.11.3.rel1.win32_1.1.100.202309141235/tools/bin/../lib/gcc/arm-none-eabi/11.3.1/../../../../arm-none-eabi/lib/thumb/v7e-m+fp/hard\libc_nano.a(libc_a-stdio.o)
                              C:/ST/STM32CubeIDE_1.12.0/STM32CubeIDE/plugins/com.st.stm32cube.ide.mcu.externaltools.gnu-tools-for-stm32.11.3.rel1.win32_1.1.100.202309141235/tools/bin/../lib/gcc/arm-none-eabi/11.3.1/../../../../arm-none-eabi/lib/thumb/v7e-m+fp/hard\libc_nano.a(libc_a-findfp.o) (__sread)
C:/ST/STM32CubeIDE_1.12.0/STM32CubeIDE/plugins/com.st.stm32cube.ide.mcu.externaltools.gnu-tools-for-stm32.11.3.rel1.win32_1.1.100.202309141235/tools/bin/../lib/gcc/arm-none-eabi/11.3.1/../../../../arm-none-eabi/lib/thumb/v7e-m+fp/hard\libc_nano.a(libc_a-memset.o)
                              C:/ST/STM32CubeIDE_1.12.0/STM32CubeIDE/plugins/com.st.stm32cube.ide.mcu.externaltools.gnu-tools-for-stm32.11.3.rel1.win32_1.1.100.202309141235/tools/bin/../lib/gcc/arm-none-eabi/11.3.1/../../../../arm-none-eabi/lib/thumb/v7e-m+fp/hard/crt0.o (memset)
C:/ST/STM32CubeIDE_1.12.0/STM32CubeIDE/plugins/com.st.stm32cube.ide.mcu.externaltools.gnu-tools-for-stm32.11.3.rel1.win32_1.1.100.202309141235/tools/bin/../lib/gcc/arm-none-eabi/11.3.1/../../../../arm-none-eabi/lib/thumb/v7e-m+fp/hard\libc_nano.a(libc_a-closer.o)
                              C:/ST/STM32CubeIDE_1.12.0/STM32CubeIDE/plugins/com.st.stm32cube.ide.mcu.externaltools.gnu-tools-for-stm32.11.3.rel1.win32_1.1.100.202309141235/tools/bin/../lib/gcc/arm-none-eabi/11.3.1/../../../../arm-none-eabi/lib/thumb/v7e-m+fp/hard\libc_nano.a(libc_a-stdio.o) (_close_r)
C:/ST/STM32CubeIDE_1.12.0/STM32CubeIDE/plugins/com.st.stm32cube.ide.mcu.externaltools.gnu-tools-for-stm32.11.3.rel1.win32_1.1.100.202309141235/tools/bin/../lib/gcc/arm-none-eabi/11.3.1/../../../../arm-none-eabi/lib/thumb/v7e-m+fp/hard\libc_nano.a(libc_a-reent.o)
                              C:/ST/STM32CubeIDE_1.12.0/STM32CubeIDE/plugins/com.st.stm32cube.ide.mcu.externaltools.gnu-tools-for-stm32.11.3.rel1.win32_1.1.100.202309141235/tools/bin/../lib/gcc/arm-none-eabi/11.3.1/../../../../arm-none-eabi/lib/thumb/v7e-m+fp/hard\libc_nano.a(libc_a-closer.o) (errno)
C:/ST/STM32CubeIDE_1.12.0/STM32CubeIDE/plugins/com.st.stm32cube.ide.mcu.externaltools.gnu-tools-for-stm32.11.3.rel1.win32_1.1.100.202309141235/tools/bin/../lib/gcc/arm-none-eabi/11.3.1/../../../../arm-none-eabi/lib/thumb/v7e-m+fp/hard\libc_nano.a(libc_a-impure.o)
                              C:/ST/STM32CubeIDE_1.12.0/STM32CubeIDE/plugins/com.st.stm32cube.ide.mcu.externaltools.gnu-tools-for-stm32.11.3.rel1.win32_1.1.100.202309141235/tools/bin/../lib/gcc/arm-none-eabi/11.3.1/../../../../arm-none-eabi/lib/thumb/v7e-m+fp/hard\libc_nano.a(libc_a-reent.o) (_impure_ptr)
C:/ST/STM32CubeIDE_1.12.0/STM32CubeIDE/plugins/com.st.stm32cube.ide.mcu.externaltools.gnu-tools-for-stm32.11.3.rel1.win32_1.1.100.202309141235/tools/bin/../lib/gcc/arm-none-eabi/11.3.1/../../../../arm-none-eabi/lib/thumb/v7e-m+fp/hard\libc_nano.a(libc_a-lseekr.o)
[...]
Memory Configuration

Name             Origin             Length             Attributes
RAM              0x0000000020000000 0x0000000000018000 xrw
FLASH            0x0000000008000000 0x0000000000080000 xr
*default*        0x0000000000000000 0xffffffffffffffff

Linker script and memory map

LOAD C:/ST/STM32CubeIDE_1.12.0/STM32CubeIDE/plugins/com.st.stm32cube.ide.mcu.externaltools.gnu-tools-for-stm32.11.3.rel1.win32_1.1.100.202309141235/tools/bin/../lib/gcc/arm-none-eabi/11.3.1/thumb/v7e-m+fp/hard/crti.o
LOAD C:/ST/STM32CubeIDE_1.12.0/STM32CubeIDE/plugins/com.st.stm32cube.ide.mcu.externaltools.gnu-tools-for-stm32.11.3.rel1.win32_1.1.100.202309141235/tools/bin/../lib/gcc/arm-none-eabi/11.3.1/thumb/v7e-m+fp/hard/crtbegin.o
LOAD C:/ST/STM32CubeIDE_1.12.0/STM32CubeIDE/plugins/com.st.stm32cube.ide.mcu.externaltools.gnu-tools-for-stm32.11.3.rel1.win32_1.1.100.202309141235/tools/bin/../lib/gcc/arm-none-eabi/11.3.1/../../../../arm-none-eabi/lib/thumb/v7e-m+fp/hard/crt0.o
LOAD ./Core/Src/main.o
LOAD ./Core/Src/stm32f4xx_hal_msp.o
LOAD ./Core/Src/stm32f4xx_it.o
LOAD ./Core/Src/syscalls.o
LOAD ./Core/Src/sysmem.o
LOAD ./Core/Src/system_stm32f4xx.o
LOAD ./Core/Startup/startup_stm32f401retx.o
LOAD ./Drivers/STM32F4xx_HAL_Driver/Src/stm32f4xx_hal.o
LOAD ./Drivers/STM32F4xx_HAL_Driver/Src/stm32f4xx_hal_cortex.o
LOAD ./Drivers/STM32F4xx_HAL_Driver/Src/stm32f4xx_hal_dma.o
LOAD ./Drivers/STM32F4xx_HAL_Driver/Src/stm32f4xx_hal_dma_ex.o
LOAD ./Drivers/STM32F4xx_HAL_Driver/Src/stm32f4xx_hal_exti.o
LOAD ./Drivers/STM32F4xx_HAL_Driver/Src/stm32f4xx_hal_flash.o
LOAD ./Drivers/STM32F4xx_HAL_Driver/Src/stm32f4xx_hal_flash_ex.o
LOAD ./Drivers/STM32F4xx_HAL_Driver/Src/stm32f4xx_hal_flash_ramfunc.o
LOAD ./Drivers/STM32F4xx_HAL_Driver/Src/stm32f4xx_hal_gpio.o
LOAD ./Drivers/STM32F4xx_HAL_Driver/Src/stm32f4xx_hal_pcd.o
LOAD ./Drivers/STM32F4xx_HAL_Driver/Src/stm32f4xx_hal_pcd_ex.o
LOAD ./Drivers/STM32F4xx_HAL_Driver/Src/stm32f4xx_hal_pwr.o
LOAD ./Drivers/STM32F4xx_HAL_Driver/Src/stm32f4xx_hal_pwr_ex.o
LOAD ./Drivers/STM32F4xx_HAL_Driver/Src/stm32f4xx_hal_rcc.o
LOAD ./Drivers/STM32F4xx_HAL_Driver/Src/stm32f4xx_hal_rcc_ex.o
LOAD ./Drivers/STM32F4xx_HAL_Driver/Src/stm32f4xx_hal_tim.o
LOAD ./Drivers/STM32F4xx_HAL_Driver/Src/stm32f4xx_hal_tim_ex.o
LOAD ./Drivers/STM32F4xx_HAL_Driver/Src/stm32f4xx_hal_uart.o
LOAD ./Drivers/STM32F4xx_HAL_Driver/Src/stm32f4xx_ll_usb.o
LOAD ./Middlewares/ST/STM32_USB_Device_Library/Class/CustomHID/Src/usbd_customhid.o
LOAD ./Middlewares/ST/STM32_USB_Device_Library/Core/Src/usbd_core.o
LOAD ./Middlewares/ST/STM32_USB_Device_Library/Core/Src/usbd_ctlreq.o
LOAD ./Middlewares/ST/STM32_USB_Device_Library/Core/Src/usbd_ioreq.o
LOAD ./USB_DEVICE/App/usb_device.o
LOAD ./USB_DEVICE/App/usbd_custom_hid_if.o
LOAD ./USB_DEVICE/App/usbd_desc.o
LOAD ./USB_DEVICE/Target/usbd_conf.o
START GROUP
LOAD C:/ST/STM32CubeIDE_1.12.0/STM32CubeIDE/plugins/com.st.stm32cube.ide.mcu.externaltools.gnu-tools-for-stm32.11.3.rel1.win32_1.1.100.202309141235/tools/bin/../lib/gcc/arm-none-eabi/11.3.1/../../../../arm-none-eabi/lib/thumb/v7e-m+fp/hard\libc_nano.a
LOAD C:/ST/STM32CubeIDE_1.12.0/STM32CubeIDE/plugins/com.st.stm32cube.ide.mcu.externaltools.gnu-tools-for-stm32.11.3.rel1.win32_1.1.100.202309141235/tools/bin/../lib/gcc/arm-none-eabi/11.3.1/../../../../arm-none-eabi/lib/thumb/v7e-m+fp/hard\libm.a
END GROUP
START GROUP
LOAD C:/ST/STM32CubeIDE_1.12.0/STM32CubeIDE/plugins/com.st.stm32cube.ide.mcu.externaltools.gnu-tools-for-stm32.11.3.rel1.win32_1.1.100.202309141235/tools/bin/../lib/gcc/arm-none-eabi/11.3.1/thumb/v7e-m+fp/hard\libgcc.a
LOAD C:/ST/STM32CubeIDE_1.12.0/STM32CubeIDE/plugins/com.st.stm32cube.ide.mcu.externaltools.gnu-tools-for-stm32.11.3.rel1.win32_1.1.100.202309141235/tools/bin/../lib/gcc/arm-none-eabi/11.3.1/../../../../arm-none-eabi/lib/thumb/v7e-m+fp/hard\libc_nano.a
END GROUP
START GROUP
LOAD C:/ST/STM32CubeIDE_1.12.0/STM32CubeIDE/plugins/com.st.stm32cube.ide.mcu.externaltools.gnu-tools-for-stm32.11.3.rel1.win32_1.1.100.202309141235/tools/bin/../lib/gcc/arm-none-eabi/11.3.1/thumb/v7e-m+fp/hard\libgcc.a
LOAD C:/ST/STM32CubeIDE_1.12.0/STM32CubeIDE/plugins/com.st.stm32cube.ide.mcu.externaltools.gnu-tools-for-stm32.11.3.rel1.win32_1.1.100.202309141235/tools/bin/../lib/gcc/arm-none-eabi/11.3.1/../../../../arm-none-eabi/lib/thumb/v7e-m+fp/hard\libc_nano.a
LOAD C:/ST/STM32CubeIDE_1.12.0/STM32CubeIDE/plugins/com.st.stm32cube.ide.mcu.externaltools.gnu-tools-for-stm32.11.3.rel1.win32_1.1.100.202309141235/tools/bin/../lib/gcc/arm-none-eabi/11.3.1/../../../../arm-none-eabi/lib/thumb/v7e-m+fp/hard\libnosys.a
END GROUP
START GROUP
LOAD C:/ST/STM32CubeIDE_1.12.0/STM32CubeIDE/plugins/com.st.stm32cube.ide.mcu.externaltools.gnu-tools-for-stm32.11.3.rel1.win32_1.1.100.202309141235/tools/bin/../lib/gcc/arm-none-eabi/11.3.1/thumb/v7e-m+fp/hard\libgcc.a
LOAD C:/ST/STM32CubeIDE_1.12.0/STM32CubeIDE/plugins/com.st.stm32cube.ide.mcu.externaltools.gnu-tools-for-stm32.11.3.rel1.win32_1.1.100.202309141235/tools/bin/../lib/gcc/arm-none-eabi/11.3.1/../../../../arm-none-eabi/lib/thumb/v7e-m+fp/hard\libc_nano.a
LOAD C:/ST/STM32CubeIDE_1.12.0/STM32CubeIDE/plugins/com.st.stm32cube.ide.mcu.externaltools.gnu-tools-for-stm32.11.3.rel1.win32_1.1.100.202309141235/tools/bin/../lib/gcc/arm-none-eabi/11.3.1/../../../../arm-none-eabi/lib/thumb/v7e-m+fp/hard\libnosys.a
END GROUP
LOAD C:/ST/STM32CubeIDE_1.12.0/STM32CubeIDE/plugins/com.st.stm32cube.ide.mcu.externaltools.gnu-tools-for-stm32.11.3.rel1.win32_1.1.100.202309141235/tools/bin/../lib/gcc/arm-none-eabi/11.3.1/thumb/v7e-m+fp/hard/crtend.o
LOAD C:/ST/STM32CubeIDE_1.12.0/STM32CubeIDE/plugins/com.st.stm32cube.ide.mcu.externaltools.gnu-tools-for-stm32.11.3.rel1.win32_1.1.100.202309141235/tools/bin/../lib/gcc/arm-none-eabi/11.3.1/thumb/v7e-m+fp/hard/crtn.o
                0x0000000020018000                _estack = (ORIGIN (RAM) + LENGTH (RAM))
                0x0000000000000200                _Min_Heap_Size = 0x200
                0x0000000000000400                _Min_Stack_Size = 0x400

.isr_vector     0x0000000008000000      0x194
                0x0000000008000000                . = ALIGN (0x4)
 *(.isr_vector)
 .isr_vector    0x0000000008000000      0x194 ./Core/Startup/startup_stm32f401retx.o
                0x0000000008000000                g_pfnVectors
                0x0000000008000194                . = ALIGN (0x4)

.text           0x0000000008000194     0x6750
                0x0000000008000194                . = ALIGN (0x4)
 *(.text)
 .text          0x0000000008000194       0x40 C:/ST/STM32CubeIDE_1.12.0/STM32CubeIDE/plugins/com.st.stm32cube.ide.mcu.externaltools.gnu-tools-for-stm32.11.3.rel1.win32_1.1.100.202309141235/tools/bin/../lib/gcc/arm-none-eabi/11.3.1/thumb/v7e-m+fp/hard/crtbegin.o
 .text          0x00000000080001d4       0x30 C:/ST/STM32CubeIDE_1.12.0/STM32CubeIDE/plugins/com.st.stm32cube.ide.mcu.externaltools.gnu-tools-for-stm32.11.3.rel1.win32_1.1.100.202309141235/tools/bin/../lib/gcc/arm-none-eabi/11.3.1/thumb/v7e-m+fp/hard\libgcc.a(_aeabi_uldivmod.o)
                0x00000000080001d4                __aeabi_uldivmod
 .text          0x0000000008000204      0x2c8 C:/ST/STM32CubeIDE_1.12.0/STM32CubeIDE/plugins/com.st.stm32cube.ide.mcu.externaltools.gnu-tools-for-stm32.11.3.rel1.win32_1.1.100.202309141235/tools/bin/../lib/gcc/arm-none-eabi/11.3.1/thumb/v7e-m+fp/hard\libgcc.a(_udivmoddi4.o)
                0x0000000008000204                __udivmoddi4
 .text          0x00000000080004cc        0x4 C:/ST/STM32CubeIDE_1.12.0/STM32CubeIDE/plugins/com.st.stm32cube.ide.mcu.externaltools.gnu-tools-for-stm32.11.3.rel1.win32_1.1.100.202309141235/tools/bin/../lib/gcc/arm-none-eabi/11.3.1/thumb/v7e-m+fp/hard\libgcc.a(_dvmd_tls.o)
                0x00000000080004cc                __aeabi_idiv0
                0x00000000080004cc                __aeabi_ldiv0
 *(.text*)
 .text.main     0x00000000080004d0       0x1a ./Core/Src/main.o
                0x00000000080004d0                main
 *fill*         0x00000000080004ea        0x2 
 .text.SystemClock_Config
                0x00000000080004ec       0xd4 ./Core/Src/main.o
                0x00000000080004ec                SystemClock_Config
 .text.MX_USART2_UART_Init
                0x00000000080005c0       0x54 ./Core/Src/main.o
 .text.MX_GPIO_Init
                0x0000000008000614       0xdc ./Core/Src/main.o
 .text.Error_Handler
                0x00000000080006f0        0xa ./Core/Src/main.o
                0x00000000080006f0                Error_Handler
 *fill*         0x00000000080006fa        0x2 
 .text.HAL_MspInit
                0x00000000080006fc       0x50 ./Core/Src/stm32f4xx_hal_msp.o
                0x00000000080006fc                HAL_MspInit
 .text.HAL_UART_MspInit
                0x000000000800074c       0x90 ./Core/Src/stm32f4xx_hal_msp.o
                0x000000000800074c                HAL_UART_MspInit
 .text.NMI_Handler
                0x00000000080007dc        0x6 ./Core/Src/stm32f4xx_it.o
                0x00000000080007dc                NMI_Handler
 .text.HardFault_Handler
                0x00000000080007e2        0x6 ./Core/Src/stm32f4xx_it.o
                0x00000000080007e2                HardFault_Handler
 .text.MemManage_Handler
                0x00000000080007e8        0x6 ./Core/Src/stm32f4xx_it.o
                0x00000000080007e8                MemManage_Handler
 .text.BusFault_Handler
                0x00000000080007ee        0x6 ./Core/Src/stm32f4xx_it.o
                0x00000000080007ee                BusFault_Handler
 .text.UsageFault_Handler
                0x00000000080007f4        0x6 ./Core/Src/stm32f4xx_it.o
                0x00000000080007f4                UsageFault_Handler
 .text.SVC_Handler
                0x00000000080007fa        0xe ./Core/Src/stm32f4xx_it.o
                0x00000000080007fa                SVC_Handler
 .text.DebugMon_Handler
                0x0000000008000808        0xe ./Core/Src/stm32f4xx_it.o
                0x0000000008000808                DebugMon_Handler
 .text.PendSV_Handler
                0x0000000008000816        0xe ./Core/Src/stm32f4xx_it.o
                0x0000000008000816                PendSV_Handler
 .text.SysTick_Handler
                0x0000000008000824        0xc ./Core/Src/stm32f4xx_it.o
                0x0000000008000824                SysTick_Handler
 .text.OTG_FS_IRQHandler
                0x0000000008000830       0x14 ./Core/Src/stm32f4xx_it.o
                0x0000000008000830                OTG_FS_IRQHandler
 .text.SystemInit
                0x0000000008000844       0x24 ./Core/Src/system_stm32f4xx.o
                0x0000000008000844                SystemInit
 .text.Reset_Handler
                0x0000000008000868       0x50 ./Core/Startup/startup_stm32f401retx.o
                0x0000000008000868                Reset_Handler
 .text.Default_Handler
                0x00000000080008b8        0x2 ./Core/Startup/startup_stm32f401retx.o
                0x00000000080008b8                RTC_Alarm_IRQHandler
                0x00000000080008b8                EXTI2_IRQHandler
                0x00000000080008b8                SPI4_IRQHandler
                0x00000000080008b8                TIM1_CC_IRQHandler
                0x00000000080008b8                DMA2_Stream5_IRQHandler
                0x00000000080008b8                DMA1_Stream5_IRQHandler
                0x00000000080008b8                PVD_IRQHandler
                0x00000000080008b8                SDIO_IRQHandler
                0x00000000080008b8                TAMP_STAMP_IRQHandler
                0x00000000080008b8                EXTI3_IRQHandler
                0x00000000080008b8                TIM1_UP_TIM10_IRQHandler
                0x00000000080008b8                I2C3_ER_IRQHandler
                0x00000000080008b8                EXTI0_IRQHandler
                0x00000000080008b8                I2C2_EV_IRQHandler
                0x00000000080008b8                DMA1_Stream2_IRQHandler
                0x00000000080008b8                FPU_IRQHandler
                0x00000000080008b8                DMA2_Stream2_IRQHandler
                0x00000000080008b8                SPI1_IRQHandler
                0x00000000080008b8                TIM1_BRK_TIM9_IRQHandler
                0x00000000080008b8                DMA2_Stream3_IRQHandler
                0x00000000080008b8                USART6_IRQHandler
                0x00000000080008b8                DMA2_Stream0_IRQHandler
                0x00000000080008b8                TIM4_IRQHandler
                0x00000000080008b8                I2C1_EV_IRQHandler
                0x00000000080008b8                DMA1_Stream6_IRQHandler
                0x00000000080008b8                DMA1_Stream1_IRQHandler
                0x00000000080008b8                TIM3_IRQHandler
                0x00000000080008b8                RCC_IRQHandler
                0x00000000080008b8                Default_Handler
                0x00000000080008b8                EXTI15_10_IRQHandler
                0x00000000080008b8                ADC_IRQHandler
                0x00000000080008b8                DMA1_Stream7_IRQHandler
                0x00000000080008b8                TIM5_IRQHandler
                0x00000000080008b8                DMA2_Stream7_IRQHandler
                0x00000000080008b8                I2C3_EV_IRQHandler
                0x00000000080008b8                EXTI9_5_IRQHandler
                0x00000000080008b8                RTC_WKUP_IRQHandler
                0x00000000080008b8                SPI2_IRQHandler
                0x00000000080008b8                DMA1_Stream0_IRQHandler
                0x00000000080008b8                EXTI4_IRQHandler
                0x00000000080008b8                WWDG_IRQHandler
                0x00000000080008b8                TIM2_IRQHandler
                0x00000000080008b8                OTG_FS_WKUP_IRQHandler
                0x00000000080008b8                TIM1_TRG_COM_TIM11_IRQHandler
                0x00000000080008b8                EXTI1_IRQHandler
                0x00000000080008b8                USART2_IRQHandler
                0x00000000080008b8                I2C2_ER_IRQHandler
                0x00000000080008b8                DMA2_Stream1_IRQHandler
                0x00000000080008b8                FLASH_IRQHandler
                0x00000000080008b8                DMA2_Stream4_IRQHandler
                0x00000000080008b8                USART1_IRQHandler
                0x00000000080008b8                SPI3_IRQHandler
                0x00000000080008b8                DMA1_Stream4_IRQHandler
                0x00000000080008b8                I2C1_ER_IRQHandler
                0x00000000080008b8                DMA2_Stream6_IRQHandler
                0x00000000080008b8                DMA1_Stream3_IRQHandler
 *fill*         0x00000000080008ba        0x2 
 .text.HAL_Init
                0x00000000080008bc       0x44 ./Drivers/STM32F4xx_HAL_Driver/Src/stm32f4xx_hal.o
                0x00000000080008bc                HAL_Init
 .text.HAL_InitTick
                0x0000000008000900       0x60 ./Drivers/STM32F4xx_HAL_Driver/Src/stm32f4xx_hal.o
                0x0000000008000900                HAL_InitTick
 .text.HAL_IncTick
                0x0000000008000960       0x28 ./Drivers/STM32F4xx_HAL_Driver/Src/stm32f4xx_hal.o
                0x0000000008000960                HAL_IncTick
 .text.HAL_GetTick
                0x0000000008000988       0x18 ./Drivers/STM32F4xx_HAL_Driver/Src/stm32f4xx_hal.o
                0x0000000008000988                HAL_GetTick
 .text.HAL_Delay
                0x00000000080009a0       0x48 ./Drivers/STM32F4xx_HAL_Driver/Src/stm32f4xx_hal.o
                0x00000000080009a0                HAL_Delay
 .text.__NVIC_SetPriorityGrouping
                0x00000000080009e8       0x48 ./Drivers/STM32F4xx_HAL_Driver/Src/stm32f4xx_hal_cortex.o
 .text.__NVIC_GetPriorityGrouping
                0x0000000008000a30       0x1c ./Drivers/STM32F4xx_HAL_Driver/Src/stm32f4xx_hal_cortex.o
 .text.__NVIC_EnableIRQ
                0x0000000008000a4c       0x3c ./Drivers/STM32F4xx_HAL_Driver/Src/stm32f4xx_hal_cortex.o
 .text.__NVIC_SetPriority
                0x0000000008000a88       0x54 ./Drivers/STM32F4xx_HAL_Driver/Src/stm32f4xx_hal_cortex.o
 .text.NVIC_EncodePriority
                0x0000000008000adc       0x66 ./Drivers/STM32F4xx_HAL_Driver/Src/stm32f4xx_hal_cortex.o
 *fill*         0x0000000008000b42        0x2 
 .text.SysTick_Config
                0x0000000008000b44       0x44 ./Drivers/STM32F4xx_HAL_Driver/Src/stm32f4xx_hal_cortex.o
 .text.HAL_NVIC_SetPriorityGrouping
                0x0000000008000b88       0x16 ./Drivers/STM32F4xx_HAL_Driver/Src/stm32f4xx_hal_cortex.o
                0x0000000008000b88                HAL_NVIC_SetPriorityGrouping
 .text.HAL_NVIC_SetPriority
                0x0000000008000b9e       0x38 ./Drivers/STM32F4xx_HAL_Driver/Src/stm32f4xx_hal_cortex.o
                0x0000000008000b9e                HAL_NVIC_SetPriority
 .text.HAL_NVIC_EnableIRQ
                0x0000000008000bd6       0x1c ./Drivers/STM32F4xx_HAL_Driver/Src/stm32f4xx_hal_cortex.o
                0x0000000008000bd6                HAL_NVIC_EnableIRQ
 .text.HAL_SYSTICK_Config
                0x0000000008000bf2       0x18 ./Drivers/STM32F4xx_HAL_Driver/Src/stm32f4xx_hal_cortex.o
                0x0000000008000bf2                HAL_SYSTICK_Config
 *fill*         0x0000000008000c0a        0x2 
 .text.HAL_GPIO_Init
                0x0000000008000c0c      0x308 ./Drivers/STM32F4xx_HAL_Driver/Src/stm32f4xx_hal_gpio.o
                0x0000000008000c0c                HAL_GPIO_Init
 .text.HAL_GPIO_WritePin
                0x0000000008000f14       0x32 ./Drivers/STM32F4xx_HAL_Driver/Src/stm32f4xx_hal_gpio.o
                0x0000000008000f14                HAL_GPIO_WritePin
 .text.HAL_PCD_Init
                0x0000000008000f46      0x23a ./Drivers/STM32F4xx_HAL_Driver/Src/stm32f4xx_hal_pcd.o
                0x0000000008000f46                HAL_PCD_Init
 .text.HAL_PCD_Start
                0x0000000008001180       0x66 ./Drivers/STM32F4xx_HAL_Driver/Src/stm32f4xx_hal_pcd.o
                0x0000000008001180                HAL_PCD_Start
 .text.HAL_PCD_IRQHandler
                0x00000000080011e6      0x764 ./Drivers/STM32F4xx_HAL_Driver/Src/stm32f4xx_hal_pcd.o
                0x00000000080011e6                HAL_PCD_IRQHandler
 .text.HAL_PCD_SetAddress
                0x000000000800194a       0x4a ./Drivers/STM32F4xx_HAL_Driver/Src/stm32f4xx_hal_pcd.o
                0x000000000800194a                HAL_PCD_SetAddress
 .text.HAL_PCD_EP_Open
                0x0000000008001994       0xd0 ./Drivers/STM32F4xx_HAL_Driver/Src/stm32f4xx_hal_pcd.o
                0x0000000008001994                HAL_PCD_EP_Open
 .text.HAL_PCD_EP_Close
                0x0000000008001a64       0x94 ./Drivers/STM32F4xx_HAL_Driver/Src/stm32f4xx_hal_pcd.o
                0x0000000008001a64                HAL_PCD_EP_Close
 .text.HAL_PCD_EP_Receive
                0x0000000008001af8       0x96 ./Drivers/STM32F4xx_HAL_Driver/Src/stm32f4xx_hal_pcd.o
                0x0000000008001af8                HAL_PCD_EP_Receive
 .text.HAL_PCD_EP_Transmit
                0x0000000008001b8e       0x94 ./Drivers/STM32F4xx_HAL_Driver/Src/stm32f4xx_hal_pcd.o
                0x0000000008001b8e                HAL_PCD_EP_Transmit
 .text.HAL_PCD_EP_SetStall
                0x0000000008001c22       0xc8 ./Drivers/STM32F4xx_HAL_Driver/Src/stm32f4xx_hal_pcd.o
                0x0000000008001c22                HAL_PCD_EP_SetStall
 .text.HAL_PCD_EP_ClrStall
                0x0000000008001cea       0xac ./Drivers/STM32F4xx_HAL_Driver/Src/stm32f4xx_hal_pcd.o
                0x0000000008001cea                HAL_PCD_EP_ClrStall
 .text.PCD_WriteEmptyTxFifo
                0x0000000008001d96      0x11a ./Drivers/STM32F4xx_HAL_Driver/Src/stm32f4xx_hal_pcd.o
 .text.PCD_EP_OutXfrComplete_int
                0x0000000008001eb0      0x218 ./Drivers/STM32F4xx_HAL_Driver/Src/stm32f4xx_hal_pcd.o
 .text.PCD_EP_OutSetupPacket_int
                0x00000000080020c8       0x8c ./Drivers/STM32F4xx_HAL_Driver/Src/stm32f4xx_hal_pcd.o
 .text.HAL_PCDEx_SetTxFiFo
                0x0000000008002154       0x8e ./Drivers/STM32F4xx_HAL_Driver/Src/stm32f4xx_hal_pcd_ex.o
                0x0000000008002154                HAL_PCDEx_SetTxFiFo
 .text.HAL_PCDEx_SetRxFiFo
                0x00000000080021e2       0x22 ./Drivers/STM32F4xx_HAL_Driver/Src/stm32f4xx_hal_pcd_ex.o
                0x00000000080021e2                HAL_PCDEx_SetRxFiFo
 .text.HAL_PCDEx_LPM_Callback
                0x0000000008002204       0x18 ./Drivers/STM32F4xx_HAL_Driver/Src/stm32f4xx_hal_pcd_ex.o
                0x0000000008002204                HAL_PCDEx_LPM_Callback
 .text.HAL_RCC_OscConfig
                0x000000000800221c      0x4f0 ./Drivers/STM32F4xx_HAL_Driver/Src/stm32f4xx_hal_rcc.o
                0x000000000800221c                HAL_RCC_OscConfig
 .text.HAL_RCC_ClockConfig
                0x000000000800270c      0x1cc ./Drivers/STM32F4xx_HAL_Driver/Src/stm32f4xx_hal_rcc.o
                0x000000000800270c                HAL_RCC_ClockConfig
 .text.HAL_RCC_GetSysClockFreq
                0x00000000080028d8      0x20c ./Drivers/STM32F4xx_HAL_Driver/Src/stm32f4xx_hal_rcc.o
                0x00000000080028d8                HAL_RCC_GetSysClockFreq
 .text.HAL_RCC_GetHCLKFreq
                0x0000000008002ae4       0x18 ./Drivers/STM32F4xx_HAL_Driver/Src/stm32f4xx_hal_rcc.o
                0x0000000008002ae4                HAL_RCC_GetHCLKFreq
 .text.HAL_RCC_GetPCLK1Freq
                0x0000000008002afc       0x28 ./Drivers/STM32F4xx_HAL_Driver/Src/stm32f4xx_hal_rcc.o
                0x0000000008002afc                HAL_RCC_GetPCLK1Freq
 .text.HAL_RCC_GetPCLK2Freq
                0x0000000008002b24       0x28 ./Drivers/STM32F4xx_HAL_Driver/Src/stm32f4xx_hal_rcc.o
                0x0000000008002b24                HAL_RCC_GetPCLK2Freq
 .text.HAL_UART_Init
                0x0000000008002b4c       0x9a ./Drivers/STM32F4xx_HAL_Driver/Src/stm32f4xx_hal_uart.o
                0x0000000008002b4c                HAL_UART_Init
 *fill*         0x0000000008002be6        0x2 
 .text.UART_SetConfig
                0x0000000008002be8      0x4e8 ./Drivers/STM32F4xx_HAL_Driver/Src/stm32f4xx_hal_uart.o
 .text.USB_CoreInit
                0x00000000080030d0       0xc2 ./Drivers/STM32F4xx_HAL_Driver/Src/stm32f4xx_ll_usb.o
                0x00000000080030d0                USB_CoreInit
 *fill*         0x0000000008003192        0x2 
 .text.USB_SetTurnaroundTime
                0x0000000008003194      0x144 ./Drivers/STM32F4xx_HAL_Driver/Src/stm32f4xx_ll_usb.o
                0x0000000008003194                USB_SetTurnaroundTime
 .text.USB_EnableGlobalInt
                0x00000000080032d8       0x22 ./Drivers/STM32F4xx_HAL_Driver/Src/stm32f4xx_ll_usb.o
                0x00000000080032d8                USB_EnableGlobalInt
 .text.USB_DisableGlobalInt
                0x00000000080032fa       0x22 ./Drivers/STM32F4xx_HAL_Driver/Src/stm32f4xx_ll_usb.o
                0x00000000080032fa                USB_DisableGlobalInt
 .text.USB_SetCurrentMode
                0x000000000800331c       0x98 ./Drivers/STM32F4xx_HAL_Driver/Src/stm32f4xx_ll_usb.o
                0x000000000800331c                USB_SetCurrentMode
 .text.USB_DevInit
                0x00000000080033b4      0x2c8 ./Drivers/STM32F4xx_HAL_Driver/Src/stm32f4xx_ll_usb.o
                0x00000000080033b4                USB_DevInit
 .text.USB_FlushTxFifo
                0x000000000800367c       0x48 ./Drivers/STM32F4xx_HAL_Driver/Src/stm32f4xx_ll_usb.o
                0x000000000800367c                USB_FlushTxFifo
 .text.USB_FlushRxFifo
                0x00000000080036c4       0x40 ./Drivers/STM32F4xx_HAL_Driver/Src/stm32f4xx_ll_usb.o
                0x00000000080036c4                USB_FlushRxFifo
 .text.USB_SetDevSpeed
                0x0000000008003704       0x32 ./Drivers/STM32F4xx_HAL_Driver/Src/stm32f4xx_ll_usb.o
                0x0000000008003704                USB_SetDevSpeed
 .text.USB_GetDevSpeed
                0x0000000008003736       0x4a ./Drivers/STM32F4xx_HAL_Driver/Src/stm32f4xx_ll_usb.o
                0x0000000008003736                USB_GetDevSpeed
 .text.USB_ActivateEndpoint
                0x0000000008003780      0x10e ./Drivers/STM32F4xx_HAL_Driver/Src/stm32f4xx_ll_usb.o
                0x0000000008003780                USB_ActivateEndpoint
 *fill*         0x000000000800388e        0x2 
 .text.USB_DeactivateEndpoint
                0x0000000008003890      0x1b8 ./Drivers/STM32F4xx_HAL_Driver/Src/stm32f4xx_ll_usb.o
                0x0000000008003890                USB_DeactivateEndpoint
 .text.USB_EPStartXfer
                0x0000000008003a48      0x488 ./Drivers/STM32F4xx_HAL_Driver/Src/stm32f4xx_ll_usb.o
                0x0000000008003a48                USB_EPStartXfer
 .text.USB_EP0StartXfer
                0x0000000008003ed0      0x2a6 ./Drivers/STM32F4xx_HAL_Driver/Src/stm32f4xx_ll_usb.o
                0x0000000008003ed0                USB_EP0StartXfer
 .text.USB_WritePacket
                0x0000000008004176       0x7c ./Drivers/STM32F4xx_HAL_Driver/Src/stm32f4xx_ll_usb.o
                0x0000000008004176                USB_WritePacket
 .text.USB_ReadPacket
                0x00000000080041f2       0xb0 ./Drivers/STM32F4xx_HAL_Driver/Src/stm32f4xx_ll_usb.o
                0x00000000080041f2                USB_ReadPacket
 .text.USB_EPSetStall
                0x00000000080042a2       0xdc ./Drivers/STM32F4xx_HAL_Driver/Src/stm32f4xx_ll_usb.o
                0x00000000080042a2                USB_EPSetStall
 .text.USB_EPClearStall
                0x000000000800437e       0xcc ./Drivers/STM32F4xx_HAL_Driver/Src/stm32f4xx_ll_usb.o
                0x000000000800437e                USB_EPClearStall
 .text.USB_SetDevAddress
                0x000000000800444a       0x4c ./Drivers/STM32F4xx_HAL_Driver/Src/stm32f4xx_ll_usb.o
                0x000000000800444a                USB_SetDevAddress
 .text.USB_DevConnect
                0x0000000008004496       0x42 ./Drivers/STM32F4xx_HAL_Driver/Src/stm32f4xx_ll_usb.o
                0x0000000008004496                USB_DevConnect
 .text.USB_DevDisconnect
                0x00000000080044d8       0x42 ./Drivers/STM32F4xx_HAL_Driver/Src/stm32f4xx_ll_usb.o
                0x00000000080044d8                USB_DevDisconnect
 .text.USB_ReadInterrupts
                0x000000000800451a       0x26 ./Drivers/STM32F4xx_HAL_Driver/Src/stm32f4xx_ll_usb.o
                0x000000000800451a                USB_ReadInterrupts
 .text.USB_ReadDevAllOutEpInterrupt
                0x0000000008004540       0x34 ./Drivers/STM32F4xx_HAL_Driver/Src/stm32f4xx_ll_usb.o
                0x0000000008004540                USB_ReadDevAllOutEpInterrupt
 .text.USB_ReadDevAllInEpInterrupt
                0x0000000008004574       0x34 ./Drivers/STM32F4xx_HAL_Driver/Src/stm32f4xx_ll_usb.o
                0x0000000008004574                USB_ReadDevAllInEpInterrupt
 .text.USB_ReadDevOutEPInterrupt
                0x00000000080045a8       0x3c ./Drivers/STM32F4xx_HAL_Driver/Src/stm32f4xx_ll_usb.o
                0x00000000080045a8                USB_ReadDevOutEPInterrupt
 .text.USB_ReadDevInEPInterrupt
                0x00000000080045e4       0x5c ./Drivers/STM32F4xx_HAL_Driver/Src/stm32f4xx_ll_usb.o
                0x00000000080045e4                USB_ReadDevInEPInterrupt
 .text.USB_GetMode
                0x0000000008004640       0x1c ./Drivers/STM32F4xx_HAL_Driver/Src/stm32f4xx_ll_usb.o
                0x0000000008004640                USB_GetMode
 .text.USB_ActivateSetup
                0x000000000800465c       0x46 ./Drivers/STM32F4xx_HAL_Driver/Src/stm32f4xx_ll_usb.o
                0x000000000800465c                USB_ActivateSetup
 *fill*         0x00000000080046a2        0x2 
 .text.USB_EP0_OutStart
                0x00000000080046a4       0xbc ./Drivers/STM32F4xx_HAL_Driver/Src/stm32f4xx_ll_usb.o
                0x00000000080046a4                USB_EP0_OutStart
 .text.USB_CoreReset
                0x0000000008004760       0x64 ./Drivers/STM32F4xx_HAL_Driver/Src/stm32f4xx_ll_usb.o
 .text.USBD_CUSTOM_HID_Init
                0x00000000080047c4       0xa0 ./Middlewares/ST/STM32_USB_Device_Library/Class/CustomHID/Src/usbd_customhid.o
 .text.USBD_CUSTOM_HID_DeInit
                0x0000000008004864       0x6a ./Middlewares/ST/STM32_USB_Device_Library/Class/CustomHID/Src/usbd_customhid.o
 *fill*         0x00000000080048ce        0x2 
 .text.USBD_CUSTOM_HID_Setup
                0x00000000080048d0      0x214 ./Middlewares/ST/STM32_USB_Device_Library/Class/CustomHID/Src/usbd_customhid.o
 .text.USBD_CUSTOM_HID_SendReport
                0x0000000008004ae4       0x5a ./Middlewares/ST/STM32_USB_Device_Library/Class/CustomHID/Src/usbd_customhid.o
                0x0000000008004ae4                USBD_CUSTOM_HID_SendReport
 *fill*         0x0000000008004b3e        0x2 
 .text.USBD_CUSTOM_HID_GetFSCfgDesc
                0x0000000008004b40       0x20 ./Middlewares/ST/STM32_USB_Device_Library/Class/CustomHID/Src/usbd_customhid.o
 .text.USBD_CUSTOM_HID_GetHSCfgDesc
                0x0000000008004b60       0x20 ./Middlewares/ST/STM32_USB_Device_Library/Class/CustomHID/Src/usbd_customhid.o
 .text.USBD_CUSTOM_HID_GetOtherSpeedCfgDesc
                0x0000000008004b80       0x20 ./Middlewares/ST/STM32_USB_Device_Library/Class/CustomHID/Src/usbd_customhid.o
 .text.USBD_CUSTOM_HID_DataIn
                0x0000000008004ba0       0x24 ./Middlewares/ST/STM32_USB_Device_Library/Class/CustomHID/Src/usbd_customhid.o
 .text.USBD_CUSTOM_HID_DataOut
                0x0000000008004bc4       0x38 ./Middlewares/ST/STM32_USB_Device_Library/Class/CustomHID/Src/usbd_customhid.o
 .text.USBD_CUSTOM_HID_ReceivePacket
                0x0000000008004bfc       0x34 ./Middlewares/ST/STM32_USB_Device_Library/Class/CustomHID/Src/usbd_customhid.o
                0x0000000008004bfc                USBD_CUSTOM_HID_ReceivePacket
 .text.USBD_CUSTOM_HID_EP0_RxReady
                0x0000000008004c30       0x36 ./Middlewares/ST/STM32_USB_Device_Library/Class/CustomHID/Src/usbd_customhid.o
 *fill*         0x0000000008004c66        0x2 
 .text.USBD_CUSTOM_HID_GetDeviceQualifierDesc
                0x0000000008004c68       0x20 ./Middlewares/ST/STM32_USB_Device_Library/Class/CustomHID/Src/usbd_customhid.o
 .text.USBD_CUSTOM_HID_RegisterInterface
                0x0000000008004c88       0x2a ./Middlewares/ST/STM32_USB_Device_Library/Class/CustomHID/Src/usbd_customhid.o
                0x0000000008004c88                USBD_CUSTOM_HID_RegisterInterface
 .text.USBD_Init
                0x0000000008004cb2       0x60 ./Middlewares/ST/STM32_USB_Device_Library/Core/Src/usbd_core.o
                0x0000000008004cb2                USBD_Init
 .text.USBD_RegisterClass
                0x0000000008004d12       0x4e ./Middlewares/ST/STM32_USB_Device_Library/Core/Src/usbd_core.o
                0x0000000008004d12                USBD_RegisterClass
 .text.USBD_Start
                0x0000000008004d60       0x18 ./Middlewares/ST/STM32_USB_Device_Library/Core/Src/usbd_core.o
                0x0000000008004d60                USBD_Start
 .text.USBD_RunTestMode
                0x0000000008004d78       0x16 ./Middlewares/ST/STM32_USB_Device_Library/Core/Src/usbd_core.o
                0x0000000008004d78                USBD_RunTestMode
 .text.USBD_SetClassConfig
                0x0000000008004d8e       0x38 ./Middlewares/ST/STM32_USB_Device_Library/Core/Src/usbd_core.o
                0x0000000008004d8e                USBD_SetClassConfig
 .text.USBD_ClrClassConfig
                0x0000000008004dc6       0x30 ./Middlewares/ST/STM32_USB_Device_Library/Core/Src/usbd_core.o
                0x0000000008004dc6                USBD_ClrClassConfig
 .text.USBD_LL_SetupStage
                0x0000000008004df6       0xaa ./Middlewares/ST/STM32_USB_Device_Library/Core/Src/usbd_core.o
                0x0000000008004df6                USBD_LL_SetupStage
 .text.USBD_LL_DataOutStage
                0x0000000008004ea0       0xc6 ./Middlewares/ST/STM32_USB_Device_Library/Core/Src/usbd_core.o
                0x0000000008004ea0                USBD_LL_DataOutStage
 .text.USBD_LL_DataInStage
                0x0000000008004f66      0x12c ./Middlewares/ST/STM32_USB_Device_Library/Core/Src/usbd_core.o
                0x0000000008004f66                USBD_LL_DataInStage
 .text.USBD_LL_Reset
                0x0000000008005092       0x9c ./Middlewares/ST/STM32_USB_Device_Library/Core/Src/usbd_core.o
                0x0000000008005092                USBD_LL_Reset
 .text.USBD_LL_SetSpeed
                0x000000000800512e       0x20 ./Middlewares/ST/STM32_USB_Device_Library/Core/Src/usbd_core.o
                0x000000000800512e                USBD_LL_SetSpeed
 .text.USBD_LL_Suspend
                0x000000000800514e       0x2c ./Middlewares/ST/STM32_USB_Device_Library/Core/Src/usbd_core.o
                0x000000000800514e                USBD_LL_Suspend
 .text.USBD_LL_Resume
                0x000000000800517a       0x30 ./Middlewares/ST/STM32_USB_Device_Library/Core/Src/usbd_core.o
                0x000000000800517a                USBD_LL_Resume
 .text.USBD_LL_SOF
                0x00000000080051aa       0x44 ./Middlewares/ST/STM32_USB_Device_Library/Core/Src/usbd_core.o
                0x00000000080051aa                USBD_LL_SOF
 .text.USBD_LL_IsoINIncomplete
                0x00000000080051ee       0x4c ./Middlewares/ST/STM32_USB_Device_Library/Core/Src/usbd_core.o
                0x00000000080051ee                USBD_LL_IsoINIncomplete
 .text.USBD_LL_IsoOUTIncomplete
                0x000000000800523a       0x4c ./Middlewares/ST/STM32_USB_Device_Library/Core/Src/usbd_core.o
                0x000000000800523a                USBD_LL_IsoOUTIncomplete
 .text.USBD_LL_DevConnected
                0x0000000008005286       0x16 ./Middlewares/ST/STM32_USB_Device_Library/Core/Src/usbd_core.o
                0x0000000008005286                USBD_LL_DevConnected
 .text.USBD_LL_DevDisconnected
                0x000000000800529c       0x38 ./Middlewares/ST/STM32_USB_Device_Library/Core/Src/usbd_core.o
                0x000000000800529c                USBD_LL_DevDisconnected
 .text.SWAPBYTE
                0x00000000080052d4       0x3c ./Middlewares/ST/STM32_USB_Device_Library/Core/Src/usbd_ctlreq.o
 .text.USBD_StdDevReq
                0x0000000008005310       0xdc ./Middlewares/ST/STM32_USB_Device_Library/Core/Src/usbd_ctlreq.o
                0x0000000008005310                USBD_StdDevReq
 .text.USBD_StdItfReq
                0x00000000080053ec       0x92 ./Middlewares/ST/STM32_USB_Device_Library/Core/Src/usbd_ctlreq.o
                0x00000000080053ec                USBD_StdItfReq
 .text.USBD_StdEPReq
                0x000000000800547e      0x2c4 ./Middlewares/ST/STM32_USB_Device_Library/Core/Src/usbd_ctlreq.o
                0x000000000800547e                USBD_StdEPReq
 *fill*         0x0000000008005742        0x2 
 .text.USBD_GetDescriptor
                0x0000000008005744      0x2d4 ./Middlewares/ST/STM32_USB_Device_Library/Core/Src/usbd_ctlreq.o
 .text.USBD_SetAddress
                0x0000000008005a18       0x88 ./Middlewares/ST/STM32_USB_Device_Library/Core/Src/usbd_ctlreq.o
 .text.USBD_SetConfig
                0x0000000008005aa0      0x14c ./Middlewares/ST/STM32_USB_Device_Library/Core/Src/usbd_ctlreq.o
 .text.USBD_GetConfig
                0x0000000008005bec       0x6c ./Middlewares/ST/STM32_USB_Device_Library/Core/Src/usbd_ctlreq.o
 .text.USBD_GetStatus
                0x0000000008005c58       0x68 ./Middlewares/ST/STM32_USB_Device_Library/Core/Src/usbd_ctlreq.o
 .text.USBD_SetFeature
                0x0000000008005cc0       0x28 ./Middlewares/ST/STM32_USB_Device_Library/Core/Src/usbd_ctlreq.o
 .text.USBD_ClrFeature
                0x0000000008005ce8       0x44 ./Middlewares/ST/STM32_USB_Device_Library/Core/Src/usbd_ctlreq.o
 .text.USBD_ParseSetupRequest
                0x0000000008005d2c       0x74 ./Middlewares/ST/STM32_USB_Device_Library/Core/Src/usbd_ctlreq.o
                0x0000000008005d2c                USBD_ParseSetupRequest
 .text.USBD_CtlError
                0x0000000008005da0       0x22 ./Middlewares/ST/STM32_USB_Device_Library/Core/Src/usbd_ctlreq.o
                0x0000000008005da0                USBD_CtlError
 .text.USBD_GetString
                0x0000000008005dc2       0x8c ./Middlewares/ST/STM32_USB_Device_Library/Core/Src/usbd_ctlreq.o
                0x0000000008005dc2                USBD_GetString
 .text.USBD_GetLen
                0x0000000008005e4e       0x34 ./Middlewares/ST/STM32_USB_Device_Library/Core/Src/usbd_ctlreq.o
 .text.USBD_CtlSendData
                0x0000000008005e82       0x36 ./Middlewares/ST/STM32_USB_Device_Library/Core/Src/usbd_ioreq.o
                0x0000000008005e82                USBD_CtlSendData
 .text.USBD_CtlContinueSendData
                0x0000000008005eb8       0x22 ./Middlewares/ST/STM32_USB_Device_Library/Core/Src/usbd_ioreq.o
                0x0000000008005eb8                USBD_CtlContinueSendData
 .text.USBD_CtlPrepareRx
                0x0000000008005eda       0x3a ./Middlewares/ST/STM32_USB_Device_Library/Core/Src/usbd_ioreq.o
                0x0000000008005eda                USBD_CtlPrepareRx
 .text.USBD_CtlContinueRx
                0x0000000008005f14       0x22 ./Middlewares/ST/STM32_USB_Device_Library/Core/Src/usbd_ioreq.o
                0x0000000008005f14                USBD_CtlContinueRx
 .text.USBD_CtlSendStatus
                0x0000000008005f36       0x26 ./Middlewares/ST/STM32_USB_Device_Library/Core/Src/usbd_ioreq.o
                0x0000000008005f36                USBD_CtlSendStatus
 .text.USBD_CtlReceiveStatus
                0x0000000008005f5c       0x26 ./Middlewares/ST/STM32_USB_Device_Library/Core/Src/usbd_ioreq.o
                0x0000000008005f5c                USBD_CtlReceiveStatus
 *fill*         0x0000000008005f82        0x2 
 .text.MX_USB_DEVICE_Init
                0x0000000008005f84       0x60 ./USB_DEVICE/App/usb_device.o
                0x0000000008005f84                MX_USB_DEVICE_Init
 .text.CUSTOM_HID_Init_FS
                0x0000000008005fe4       0x10 ./USB_DEVICE/App/usbd_custom_hid_if.o
 .text.CUSTOM_HID_DeInit_FS
                0x0000000008005ff4       0x10 ./USB_DEVICE/App/usbd_custom_hid_if.o
 .text.CUSTOM_HID_OutEvent_FS
                0x0000000008006004       0x4c ./USB_DEVICE/App/usbd_custom_hid_if.o
 .text.USBD_FS_DeviceDescriptor
                0x0000000008006050       0x24 ./USB_DEVICE/App/usbd_desc.o
                0x0000000008006050                USBD_FS_DeviceDescriptor
 .text.USBD_FS_LangIDStrDescriptor
                0x0000000008006074       0x24 ./USB_DEVICE/App/usbd_desc.o
                0x0000000008006074                USBD_FS_LangIDStrDescriptor
 .text.USBD_FS_ProductStrDescriptor
                0x0000000008006098       0x3c ./USB_DEVICE/App/usbd_desc.o
                0x0000000008006098                USBD_FS_ProductStrDescriptor
 .text.USBD_FS_ManufacturerStrDescriptor
                0x00000000080060d4       0x28 ./USB_DEVICE/App/usbd_desc.o
                0x00000000080060d4                USBD_FS_ManufacturerStrDescriptor
 .text.USBD_FS_SerialStrDescriptor
                0x00000000080060fc       0x24 ./USB_DEVICE/App/usbd_desc.o
                0x00000000080060fc                USBD_FS_SerialStrDescriptor
 .text.USBD_FS_ConfigStrDescriptor
                0x0000000008006120       0x3c ./USB_DEVICE/App/usbd_desc.o
                0x0000000008006120                USBD_FS_ConfigStrDescriptor
 .text.USBD_FS_InterfaceStrDescriptor
                0x000000000800615c       0x3c ./USB_DEVICE/App/usbd_desc.o
                0x000000000800615c                USBD_FS_InterfaceStrDescriptor
 .text.Get_SerialNum
                0x0000000008006198       0x58 ./USB_DEVICE/App/usbd_desc.o
 .text.IntToUnicode
                0x00000000080061f0       0x7e ./USB_DEVICE/App/usbd_desc.o
 *fill*         0x000000000800626e        0x2 
 .text.HAL_PCD_MspInit
                0x0000000008006270       0xa8 ./USB_DEVICE/Target/usbd_conf.o
                0x0000000008006270                HAL_PCD_MspInit
 .text.HAL_PCD_SetupStageCallback
                0x0000000008006318       0x24 ./USB_DEVICE/Target/usbd_conf.o
                0x0000000008006318                HAL_PCD_SetupStageCallback
 .text.HAL_PCD_DataOutStageCallback
                0x000000000800633c       0x36 ./USB_DEVICE/Target/usbd_conf.o
                0x000000000800633c                HAL_PCD_DataOutStageCallback
 .text.HAL_PCD_DataInStageCallback
                0x0000000008006372       0x34 ./USB_DEVICE/Target/usbd_conf.o
                0x0000000008006372                HAL_PCD_DataInStageCallback
 .text.HAL_PCD_SOFCallback
                0x00000000080063a6       0x1c ./USB_DEVICE/Target/usbd_conf.o
                0x00000000080063a6                HAL_PCD_SOFCallback
 .text.HAL_PCD_ResetCallback
                0x00000000080063c2       0x50 ./USB_DEVICE/Target/usbd_conf.o
                0x00000000080063c2                HAL_PCD_ResetCallback
 *fill*         0x0000000008006412        0x2 
 .text.HAL_PCD_SuspendCallback
                0x0000000008006414       0x4c ./USB_DEVICE/Target/usbd_conf.o
                0x0000000008006414                HAL_PCD_SuspendCallback
 .text.HAL_PCD_ResumeCallback
                0x0000000008006460       0x1c ./USB_DEVICE/Target/usbd_conf.o
                0x0000000008006460                HAL_PCD_ResumeCallback
 .text.HAL_PCD_ISOOUTIncompleteCallback
                0x000000000800647c       0x24 ./USB_DEVICE/Target/usbd_conf.o
                0x000000000800647c                HAL_PCD_ISOOUTIncompleteCallback
 .text.HAL_PCD_ISOINIncompleteCallback
                0x00000000080064a0       0x24 ./USB_DEVICE/Target/usbd_conf.o
                0x00000000080064a0                HAL_PCD_ISOINIncompleteCallback
 .text.HAL_PCD_ConnectCallback
                0x00000000080064c4       0x1c ./USB_DEVICE/Target/usbd_conf.o
                0x00000000080064c4                HAL_PCD_ConnectCallback
 .text.HAL_PCD_DisconnectCallback
                0x00000000080064e0       0x1c ./USB_DEVICE/Target/usbd_conf.o
                0x00000000080064e0                HAL_PCD_DisconnectCallback
 .text.USBD_LL_Init
                0x00000000080064fc       0x98 ./USB_DEVICE/Target/usbd_conf.o
                0x00000000080064fc                USBD_LL_Init
 .text.USBD_LL_Start
                0x0000000008006594       0x36 ./USB_DEVICE/Target/usbd_conf.o
                0x0000000008006594                USBD_LL_Start
 .text.USBD_LL_OpenEP
                0x00000000080065ca       0x4c ./USB_DEVICE/Target/usbd_conf.o
                0x00000000080065ca                USBD_LL_OpenEP
 .text.USBD_LL_CloseEP
                0x0000000008006616       0x3e ./USB_DEVICE/Target/usbd_conf.o
                0x0000000008006616                USBD_LL_CloseEP
 .text.USBD_LL_StallEP
                0x0000000008006654       0x3e ./USB_DEVICE/Target/usbd_conf.o
                0x0000000008006654                USBD_LL_StallEP
 .text.USBD_LL_ClearStallEP
                0x0000000008006692       0x3e ./USB_DEVICE/Target/usbd_conf.o
                0x0000000008006692                USBD_LL_ClearStallEP
 .text.USBD_LL_IsStallEP
                0x00000000080066d0       0x58 ./USB_DEVICE/Target/usbd_conf.o
                0x00000000080066d0                USBD_LL_IsStallEP
 .text.USBD_LL_SetUSBAddress
                0x0000000008006728       0x3e ./USB_DEVICE/Target/usbd_conf.o
                0x0000000008006728                USBD_LL_SetUSBAddress
 .text.USBD_LL_Transmit
                0x0000000008006766       0x42 ./USB_DEVICE/Target/usbd_conf.o
                0x0000000008006766                USBD_LL_Transmit
 .text.USBD_LL_PrepareReceive
                0x00000000080067a8       0x42 ./USB_DEVICE/Target/usbd_conf.o
                0x00000000080067a8                USBD_LL_PrepareReceive
 *fill*         0x00000000080067ea        0x2 
 .text.USBD_static_malloc
                0x00000000080067ec       0x1c ./USB_DEVICE/Target/usbd_conf.o
                0x00000000080067ec                USBD_static_malloc
 .text.USBD_static_free
                0x0000000008006808       0x14 ./USB_DEVICE/Target/usbd_conf.o
                0x0000000008006808                USBD_static_free
 .text.USBD_Get_USB_Status
                0x000000000800681c       0x58 ./USB_DEVICE/Target/usbd_conf.o
                0x000000000800681c                USBD_Get_USB_Status
 .text.memset   0x0000000008006874       0x10 C:/ST/STM32CubeIDE_1.12.0/STM32CubeIDE/plugins/com.st.stm32cube.ide.mcu.externaltools.gnu-tools-for-stm32.11.3.rel1.win32_1.1.100.202309141235/tools/bin/../lib/gcc/arm-none-eabi/11.3.1/../../../../arm-none-eabi/lib/thumb/v7e-m+fp/hard\libc_nano.a(libc_a-memset.o)
                0x0000000008006874                memset
 .text.__libc_init_array
                0x0000000008006884       0x48 C:/ST/STM32CubeIDE_1.12.0/STM32CubeIDE/plugins/com.st.stm32cube.ide.mcu.externaltools.gnu-tools-for-stm32.11.3.rel1.win32_1.1.100.202309141235/tools/bin/../lib/gcc/arm-none-eabi/11.3.1/../../../../arm-none-eabi/lib/thumb/v7e-m+fp/hard\libc_nano.a(libc_a-init.o)
                0x0000000008006884                __libc_init_array
 *(.glue_7)
 .glue_7        0x00000000080068cc        0x0 linker stubs
 *(.glue_7t)
 .glue_7t       0x00000000080068cc        0x0 linker stubs
 *(.eh_frame)
 .eh_frame      0x00000000080068cc        0x0 C:/ST/STM32CubeIDE_1.12.0/STM32CubeIDE/plugins/com.st.stm32cube.ide.mcu.externaltools.gnu-tools-for-stm32.11.3.rel1.win32_1.1.100.202309141235/tools/bin/../lib/gcc/arm-none-eabi/11.3.1/thumb/v7e-m+fp/hard/crtbegin.o
 *(.init)
 .init          0x00000000080068cc        0x4 C:/ST/STM32CubeIDE_1.12.0/STM32CubeIDE/plugins/com.st.stm32cube.ide.mcu.externaltools.gnu-tools-for-stm32.11.3.rel1.win32_1.1.100.202309141235/tools/bin/../lib/gcc/arm-none-eabi/11.3.1/thumb/v7e-m+fp/hard/crti.o
                0x00000000080068cc                _init
 .init          0x00000000080068d0        0x8 C:/ST/STM32CubeIDE_1.12.0/STM32CubeIDE/plugins/com.st.stm32cube.ide.mcu.externaltools.gnu-tools-for-stm32.11.3.rel1.win32_1.1.100.202309141235/tools/bin/../lib/gcc/arm-none-eabi/11.3.1/thumb/v7e-m+fp/hard/crtn.o
 *(.fini)
 .fini          0x00000000080068d8        0x4 C:/ST/STM32CubeIDE_1.12.0/STM32CubeIDE/plugins/com.st.stm32cube.ide.mcu.externaltools.gnu-tools-for-stm32.11.3.rel1.win32_1.1.100.202309141235/tools/bin/../lib/gcc/arm-none-eabi/11.3.1/thumb/v7e-m+fp/hard/crti.o
                0x00000000080068d8                _fini
 .fini          0x00000000080068dc        0x8 C:/ST/STM32CubeIDE_1.12.0/STM32CubeIDE/plugins/com.st.stm32cube.ide.mcu.externaltools.gnu-tools-for-stm32.11.3.rel1.win32_1.1.100.202309141235/tools/bin/../lib/gcc/arm-none-eabi/11.3.1/thumb/v7e-m+fp/hard/crtn.o
                0x00000000080068e4                . = ALIGN (0x4)
                0x00000000080068e4                _etext = .

.vfp11_veneer   0x00000000080068e4        0x0
 .vfp11_veneer  0x00000000080068e4        0x0 linker stubs

.v4_bx          0x00000000080068e4        0x0
 .v4_bx         0x00000000080068e4        0x0 linker stubs

.iplt           0x00000000080068e4        0x0
 .iplt          0x00000000080068e4        0x0 C:/ST/STM32CubeIDE_1.12.0/STM32CubeIDE/plugins/com.st.stm32cube.ide.mcu.externaltools.gnu-tools-for-stm32.11.3.rel1.win32_1.1.100.202309141235/tools/bin/../lib/gcc/arm-none-eabi/11.3.1/thumb/v7e-m+fp/hard/crtbegin.o

.rodata         0x00000000080068e4       0x78
                0x00000000080068e4                . = ALIGN (0x4)
 *(.rodata)
 .rodata        0x00000000080068e4       0x5d ./USB_DEVICE/App/usbd_desc.o
 *(.rodata*)
 *fill*         0x0000000008006941        0x3 
 .rodata.AHBPrescTable
                0x0000000008006944       0x10 ./Core/Src/system_stm32f4xx.o
                0x0000000008006944                AHBPrescTable
 .rodata.APBPrescTable
                0x0000000008006954        0x8 ./Core/Src/system_stm32f4xx.o
                0x0000000008006954                APBPrescTable
                0x000000000800695c                . = ALIGN (0x4)

.ARM.extab      0x000000000800695c        0x0
                0x000000000800695c                . = ALIGN (0x4)
 *(.ARM.extab* .gnu.linkonce.armextab.*)
                0x000000000800695c                . = ALIGN (0x4)

.ARM            0x000000000800695c        0x8
                0x000000000800695c                . = ALIGN (0x4)
                0x000000000800695c                __exidx_start = .
 *(.ARM.exidx*)
 .ARM.exidx     0x000000000800695c        0x8 C:/ST/STM32CubeIDE_1.12.0/STM32CubeIDE/plugins/com.st.stm32cube.ide.mcu.externaltools.gnu-tools-for-stm32.11.3.rel1.win32_1.1.100.202309141235/tools/bin/../lib/gcc/arm-none-eabi/11.3.1/thumb/v7e-m+fp/hard\libgcc.a(_udivmoddi4.o)
                0x0000000008006964                __exidx_end = .
                0x0000000008006964                . = ALIGN (0x4)

.rel.dyn        0x0000000008006964        0x0
 .rel.iplt      0x0000000008006964        0x0 C:/ST/STM32CubeIDE_1.12.0/STM32CubeIDE/plugins/com.st.stm32cube.ide.mcu.externaltools.gnu-tools-for-stm32.11.3.rel1.win32_1.1.100.202309141235/tools/bin/../lib/gcc/arm-none-eabi/11.3.1/thumb/v7e-m+fp/hard/crtbegin.o

.preinit_array  0x0000000008006964        0x0
                0x0000000008006964                . = ALIGN (0x4)
                0x0000000008006964                PROVIDE (__preinit_array_start = .)
 *(.preinit_array*)
                0x0000000008006964                PROVIDE (__preinit_array_end = .)
                0x0000000008006964                . = ALIGN (0x4)

.init_array     0x0000000008006964        0x4
                0x0000000008006964                . = ALIGN (0x4)
                0x0000000008006964                PROVIDE (__init_array_start = .)
 *(SORT_BY_NAME(.init_array.*))
 *(.init_array*)
 .init_array    0x0000000008006964        0x4 C:/ST/STM32CubeIDE_1.12.0/STM32CubeIDE/plugins/com.st.stm32cube.ide.mcu.externaltools.gnu-tools-for-stm32.11.3.rel1.win32_1.1.100.202309141235/tools/bin/../lib/gcc/arm-none-eabi/11.3.1/thumb/v7e-m+fp/hard/crtbegin.o
                0x0000000008006968                PROVIDE (__init_array_end = .)
                0x0000000008006968                . = ALIGN (0x4)

.fini_array     0x0000000008006968        0x4
                0x0000000008006968                . = ALIGN (0x4)
                [!provide]                        PROVIDE (__fini_array_start = .)
 *(SORT_BY_NAME(.fini_array.*))
 *(.fini_array*)
 .fini_array    0x0000000008006968        0x4 C:/ST/STM32CubeIDE_1.12.0/STM32CubeIDE/plugins/com.st.stm32cube.ide.mcu.externaltools.gnu-tools-for-stm32.11.3.rel1.win32_1.1.100.202309141235/tools/bin/../lib/gcc/arm-none-eabi/11.3.1/thumb/v7e-m+fp/hard/crtbegin.o
                [!provide]                        PROVIDE (__fini_array_end = .)
                0x000000000800696c                . = ALIGN (0x4)
                0x000000000800696c                _sidata = LOADADDR (.data)

.data           0x0000000020000000      0x164 load address 0x000000000800696c
                0x0000000020000000                . = ALIGN (0x4)
                0x0000000020000000                _sdata = .
 *(.data)
 *(.data*)
 .data.SystemCoreClock
                0x0000000020000000        0x4 ./Core/Src/system_stm32f4xx.o
                0x0000000020000000                SystemCoreClock
 .data.uwTickPrio
                0x0000000020000004        0x4 ./Drivers/STM32F4xx_HAL_Driver/Src/stm32f4xx_hal.o
                0x0000000020000004                uwTickPrio
 .data.uwTickFreq
                0x0000000020000008        0x1 ./Drivers/STM32F4xx_HAL_Driver/Src/stm32f4xx_hal.o
                0x0000000020000008                uwTickFreq
 *fill*         0x0000000020000009        0x3 
 .data.USBD_CUSTOM_HID
                0x000000002000000c       0x38 ./Middlewares/ST/STM32_USB_Device_Library/Class/CustomHID/Src/usbd_customhid.o
                0x000000002000000c                USBD_CUSTOM_HID
 .data.USBD_CUSTOM_HID_CfgFSDesc
                0x0000000020000044       0x29 ./Middlewares/ST/STM32_USB_Device_Library/Class/CustomHID/Src/usbd_customhid.o
 *fill*         0x000000002000006d        0x3 
 .data.USBD_CUSTOM_HID_CfgHSDesc
                0x0000000020000070       0x29 ./Middlewares/ST/STM32_USB_Device_Library/Class/CustomHID/Src/usbd_customhid.o
 *fill*         0x0000000020000099        0x3 
 .data.USBD_CUSTOM_HID_OtherSpeedCfgDesc
                0x000000002000009c       0x29 ./Middlewares/ST/STM32_USB_Device_Library/Class/CustomHID/Src/usbd_customhid.o
 *fill*         0x00000000200000c5        0x3 
 .data.USBD_CUSTOM_HID_Desc
                0x00000000200000c8        0x9 ./Middlewares/ST/STM32_USB_Device_Library/Class/CustomHID/Src/usbd_customhid.o
 *fill*         0x00000000200000d1        0x3 
 .data.USBD_CUSTOM_HID_DeviceQualifierDesc
                0x00000000200000d4        0xa ./Middlewares/ST/STM32_USB_Device_Library/Class/CustomHID/Src/usbd_customhid.o
 *fill*         0x00000000200000de        0x2 
 .data.CUSTOM_HID_ReportDesc_FS
                0x00000000200000e0       0x21 ./USB_DEVICE/App/usbd_custom_hid_if.o
 *fill*         0x0000000020000101        0x3 
 .data.USBD_CustomHID_fops_FS
                0x0000000020000104       0x10 ./USB_DEVICE/App/usbd_custom_hid_if.o
                0x0000000020000104                USBD_CustomHID_fops_FS
 .data.FS_Desc  0x0000000020000114       0x1c ./USB_DEVICE/App/usbd_desc.o
                0x0000000020000114                FS_Desc
 .data.USBD_FS_DeviceDesc
                0x0000000020000130       0x12 ./USB_DEVICE/App/usbd_desc.o
                0x0000000020000130                USBD_FS_DeviceDesc
 *fill*         0x0000000020000142        0x2 
 .data.USBD_LangIDDesc
                0x0000000020000144        0x4 ./USB_DEVICE/App/usbd_desc.o
                0x0000000020000144                USBD_LangIDDesc
 .data.USBD_StringSerial
                0x0000000020000148       0x1a ./USB_DEVICE/App/usbd_desc.o
                0x0000000020000148                USBD_StringSerial
 *(.RamFunc)
 *(.RamFunc*)
                0x0000000020000164                . = ALIGN (0x4)
 *fill*         0x0000000020000162        0x2 
                0x0000000020000164                _edata = .

.igot.plt       0x0000000020000164        0x0 load address 0x0000000008006ad0
 .igot.plt      0x0000000020000164        0x0 C:/ST/STM32CubeIDE_1.12.0/STM32CubeIDE/plugins/com.st.stm32cube.ide.mcu.externaltools.gnu-tools-for-stm32.11.3.rel1.win32_1.1.100.202309141235/tools/bin/../lib/gcc/arm-none-eabi/11.3.1/thumb/v7e-m+fp/hard/crtbegin.o
                0x0000000020000164                . = ALIGN (0x4)

.bss            0x0000000020000164      0x99c load address 0x0000000008006ad0
                0x0000000020000164                _sbss = .
                0x0000000020000164                __bss_start__ = _sbss
 *(.bss)
 .bss           0x0000000020000164       0x1c C:/ST/STM32CubeIDE_1.12.0/STM32CubeIDE/plugins/com.st.stm32cube.ide.mcu.externaltools.gnu-tools-for-stm32.11.3.rel1.win32_1.1.100.202309141235/tools/bin/../lib/gcc/arm-none-eabi/11.3.1/thumb/v7e-m+fp/hard/crtbegin.o
 *(.bss*)
 .bss.huart2    0x0000000020000180       0x44 ./Core/Src/main.o
                0x0000000020000180                huart2
 .bss.uwTick    0x00000000200001c4        0x4 ./Drivers/STM32F4xx_HAL_Driver/Src/stm32f4xx_hal.o
                0x00000000200001c4                uwTick
 .bss.cfgidx.0  0x00000000200001c8        0x1 ./Middlewares/ST/STM32_USB_Device_Library/Core/Src/usbd_ctlreq.o
 *fill*         0x00000000200001c9        0x3 
 .bss.hUsbDeviceFS
                0x00000000200001cc      0x2d0 ./USB_DEVICE/App/usb_device.o
                0x00000000200001cc                hUsbDeviceFS
 .bss.buffer    0x000000002000049c       0x40 ./USB_DEVICE/App/usbd_custom_hid_if.o
                0x000000002000049c                buffer
 .bss.USBD_StrDesc
                0x00000000200004dc      0x200 ./USB_DEVICE/App/usbd_desc.o
                0x00000000200004dc                USBD_StrDesc
 .bss.hpcd_USB_OTG_FS
                0x00000000200006dc      0x408 ./USB_DEVICE/Target/usbd_conf.o
                0x00000000200006dc                hpcd_USB_OTG_FS
 .bss.mem.0     0x0000000020000ae4       0x1c ./USB_DEVICE/Target/usbd_conf.o
 *(COMMON)
                0x0000000020000b00                . = ALIGN (0x4)
                0x0000000020000b00                _ebss = .
                0x0000000020000b00                __bss_end__ = _ebss

._user_heap_stack
                0x0000000020000b00      0x600 load address 0x0000000008006ad0
                0x0000000020000b00                . = ALIGN (0x8)
                [!provide]                        PROVIDE (end = .)
                0x0000000020000b00                PROVIDE (_end = .)
                0x0000000020000d00                . = (. + _Min_Heap_Size)
 *fill*         0x0000000020000b00      0x200 
                0x0000000020001100                . = (. + _Min_Stack_Size)
 *fill*         0x0000000020000d00      0x400 
                0x0000000020001100                . = ALIGN (0x8)

/DISCARD/
 libc.a(*)
 libm.a(*)
 libgcc.a(*)

.ARM.attributes
                0x0000000000000000       0x30
 *(.ARM.attributes)
 .ARM.attributes
                0x0000000000000000       0x1e C:/ST/STM32CubeIDE_1.12.0/STM32CubeIDE/plugins/com.st.stm32cube.ide.mcu.externaltools.gnu-tools-for-stm32.11.3.rel1.win32_1.1.100.202309141235/tools/bin/../lib/gcc/arm-none-eabi/11.3.1/thumb/v7e-m+fp/hard/crti.o
 .ARM.attributes
                0x000000000000001e       0x34 C:/ST/STM32CubeIDE_1.12.0/STM32CubeIDE/plugins/com.st.stm32cube.ide.mcu.externaltools.gnu-tools-for-stm32.11.3.rel1.win32_1.1.100.202309141235/tools/bin/../lib/gcc/arm-none-eabi/11.3.1/thumb/v7e-m+fp/hard/crtbegin.o
 .ARM.attributes
                0x0000000000000052       0x34 ./Core/Src/main.o
 .ARM.attributes
                0x0000000000000086       0x34 ./Core/Src/stm32f4xx_hal_msp.o
 .ARM.attributes
                0x00000000000000ba       0x34 ./Core/Src/stm32f4xx_it.o
 .ARM.attributes
                0x00000000000000ee       0x34 ./Core/Src/system_stm32f4xx.o
 .ARM.attributes
                0x0000000000000122       0x21 ./Core/Startup/startup_stm32f401retx.o
 .ARM.attributes
                0x0000000000000143       0x34 ./Drivers/STM32F4xx_HAL_Driver/Src/stm32f4xx_hal.o
 .ARM.attributes
                0x0000000000000177       0x34 ./Drivers/STM32F4xx_HAL_Driver/Src/stm32f4xx_hal_cortex.o
 .ARM.attributes
                0x00000000000001ab       0x34 ./Drivers/STM32F4xx_HAL_Driver/Src/stm32f4xx_hal_gpio.o
 .ARM.attributes
                0x00000000000001df       0x34 ./Drivers/STM32F4xx_HAL_Driver/Src/stm32f4xx_hal_pcd.o
 .ARM.attributes
                0x0000000000000213       0x34 ./Drivers/STM32F4xx_HAL_Driver/Src/stm32f4xx_hal_pcd_ex.o
 .ARM.attributes
                0x0000000000000247       0x34 ./Drivers/STM32F4xx_HAL_Driver/Src/stm32f4xx_hal_rcc.o
 .ARM.attributes
                0x000000000000027b       0x34 ./Drivers/STM32F4xx_HAL_Driver/Src/stm32f4xx_hal_uart.o
 .ARM.attributes
                0x00000000000002af       0x34 ./Drivers/STM32F4xx_HAL_Driver/Src/stm32f4xx_ll_usb.o
 .ARM.attributes
                0x00000000000002e3       0x34 ./Middlewares/ST/STM32_USB_Device_Library/Class/CustomHID/Src/usbd_customhid.o
 .ARM.attributes
                0x0000000000000317       0x34 ./Middlewares/ST/STM32_USB_Device_Library/Core/Src/usbd_core.o
 .ARM.attributes
                0x000000000000034b       0x34 ./Middlewares/ST/STM32_USB_Device_Library/Core/Src/usbd_ctlreq.o
 .ARM.attributes
                0x000000000000037f       0x34 ./Middlewares/ST/STM32_USB_Device_Library/Core/Src/usbd_ioreq.o
 .ARM.attributes
                0x00000000000003b3       0x34 ./USB_DEVICE/App/usb_device.o
 .ARM.attributes
                0x00000000000003e7       0x34 ./USB_DEVICE/App/usbd_custom_hid_if.o
 .ARM.attributes
                0x000000000000041b       0x34 ./USB_DEVICE/App/usbd_desc.o
 .ARM.attributes
                0x000000000000044f       0x34 ./USB_DEVICE/Target/usbd_conf.o
 .ARM.attributes
                0x0000000000000483       0x34 C:/ST/STM32CubeIDE_1.12.0/STM32CubeIDE/plugins/com.st.stm32cube.ide.mcu.externaltools.gnu-tools-for-stm32.11.3.rel1.win32_1.1.100.202309141235/tools/bin/../lib/gcc/arm-none-eabi/11.3.1/../../../../arm-none-eabi/lib/thumb/v7e-m+fp/hard\libc_nano.a(libc_a-memset.o)
 .ARM.attributes
                0x00000000000004b7       0x34 C:/ST/STM32CubeIDE_1.12.0/STM32CubeIDE/plugins/com.st.stm32cube.ide.mcu.externaltools.gnu-tools-for-stm32.11.3.rel1.win32_1.1.100.202309141235/tools/bin/../lib/gcc/arm-none-eabi/11.3.1/../../../../arm-none-eabi/lib/thumb/v7e-m+fp/hard\libc_nano.a(libc_a-init.o)
 .ARM.attributes
                0x00000000000004eb       0x1e C:/ST/STM32CubeIDE_1.12.0/STM32CubeIDE/plugins/com.st.stm32cube.ide.mcu.externaltools.gnu-tools-for-stm32.11.3.rel1.win32_1.1.100.202309141235/tools/bin/../lib/gcc/arm-none-eabi/11.3.1/thumb/v7e-m+fp/hard\libgcc.a(_aeabi_uldivmod.o)
 .ARM.attributes
                0x0000000000000509       0x34 C:/ST/STM32CubeIDE_1.12.0/STM32CubeIDE/plugins/com.st.stm32cube.ide.mcu.externaltools.gnu-tools-for-stm32.11.3.rel1.win32_1.1.100.202309141235/tools/bin/../lib/gcc/arm-none-eabi/11.3.1/thumb/v7e-m+fp/hard\libgcc.a(_udivmoddi4.o)
 .ARM.attributes
                0x000000000000053d       0x1e C:/ST/STM32CubeIDE_1.12.0/STM32CubeIDE/plugins/com.st.stm32cube.ide.mcu.externaltools.gnu-tools-for-stm32.11.3.rel1.win32_1.1.100.202309141235/tools/bin/../lib/gcc/arm-none-eabi/11.3.1/thumb/v7e-m+fp/hard\libgcc.a(_dvmd_tls.o)
 .ARM.attributes
                0x000000000000055b       0x1e C:/ST/STM32CubeIDE_1.12.0/STM32CubeIDE/plugins/com.st.stm32cube.ide.mcu.externaltools.gnu-tools-for-stm32.11.3.rel1.win32_1.1.100.202309141235/tools/bin/../lib/gcc/arm-none-eabi/11.3.1/thumb/v7e-m+fp/hard/crtn.o
OUTPUT(UTN_USBHID02.elf elf32-littlearm)
LOAD linker stubs
LOAD C:/ST/STM32CubeIDE_1.12.0/STM32CubeIDE/plugins/com.st.stm32cube.ide.mcu.externaltools.gnu-tools-for-stm32.11.3.rel1.win32_1.1.100.202309141235/tools/bin/../lib/gcc/arm-none-eabi/11.3.1/../../../../arm-none-eabi/lib/thumb/v7e-m+fp/hard\libc.a
LOAD C:/ST/STM32CubeIDE_1.12.0/STM32CubeIDE/plugins/com.st.stm32cube.ide.mcu.externaltools.gnu-tools-for-stm32.11.3.rel1.win32_1.1.100.202309141235/tools/bin/../lib/gcc/arm-none-eabi/11.3.1/../../../../arm-none-eabi/lib/thumb/v7e-m+fp/hard\libm.a
LOAD C:/ST/STM32CubeIDE_1.12.0/STM32CubeIDE/plugins/com.st.stm32cube.ide.mcu.externaltools.gnu-tools-for-stm32.11.3.rel1.win32_1.1.100.202309141235/tools/bin/../lib/gcc/arm-none-eabi/11.3.1/thumb/v7e-m+fp/hard\libgcc.a

.comment        0x0000000000000000       0x43
 .comment       0x0000000000000000       0x43 C:/ST/STM32CubeIDE_1.12.0/STM32CubeIDE/plugins/com.st.stm32cube.ide.mcu.externaltools.gnu-tools-for-stm32.11.3.rel1.win32_1.1.100.202309141235/tools/bin/../lib/gcc/arm-none-eabi/11.3.1/thumb/v7e-m+fp/hard/crtbegin.o
                                         0x44 (size before relaxing)
 .comment       0x0000000000000043       0x44 ./Core/Src/main.o
 .comment       0x0000000000000043       0x44 ./Core/Src/stm32f4xx_hal_msp.o
 .comment       0x0000000000000043       0x44 ./Core/Src/stm32f4xx_it.o
 .comment       0x0000000000000043       0x44 ./Core/Src/system_stm32f4xx.o
 .comment       0x0000000000000043       0x44 ./Drivers/STM32F4xx_HAL_Driver/Src/stm32f4xx_hal.o
 .comment       0x0000000000000043       0x44 ./Drivers/STM32F4xx_HAL_Driver/Src/stm32f4xx_hal_cortex.o
 .comment       0x0000000000000043       0x44 ./Drivers/STM32F4xx_HAL_Driver/Src/stm32f4xx_hal_gpio.o
 .comment       0x0000000000000043       0x44 ./Drivers/STM32F4xx_HAL_Driver/Src/stm32f4xx_hal_pcd.o
 .comment       0x0000000000000043       0x44 ./Drivers/STM32F4xx_HAL_Driver/Src/stm32f4xx_hal_pcd_ex.o
 .comment       0x0000000000000043       0x44 ./Drivers/STM32F4xx_HAL_Driver/Src/stm32f4xx_hal_rcc.o
 .comment       0x0000000000000043       0x44 ./Drivers/STM32F4xx_HAL_Driver/Src/stm32f4xx_hal_uart.o
 .comment       0x0000000000000043       0x44 ./Drivers/STM32F4xx_HAL_Driver/Src/stm32f4xx_ll_usb.o
 .comment       0x0000000000000043       0x44 ./Middlewares/ST/STM32_USB_Device_Library/Class/CustomHID/Src/usbd_customhid.o
 .comment       0x0000000000000043       0x44 ./Middlewares/ST/STM32_USB_Device_Library/Core/Src/usbd_core.o
 .comment       0x0000000000000043       0x44 ./Middlewares/ST/STM32_USB_Device_Library/Core/Src/usbd_ctlreq.o
 .comment       0x0000000000000043       0x44 ./Middlewares/ST/STM32_USB_Device_Library/Core/Src/usbd_ioreq.o
 .comment       0x0000000000000043       0x44 ./USB_DEVICE/App/usb_device.o
 .comment       0x0000000000000043       0x44 ./USB_DEVICE/App/usbd_custom_hid_if.o
 .comment       0x0000000000000043       0x44 ./USB_DEVICE/App/usbd_desc.o
 .comment       0x0000000000000043       0x44 ./USB_DEVICE/Target/usbd_conf.o

.debug_info     0x0000000000000000     0xfc9c
 .debug_info    0x0000000000000000      0xba3 ./Core/Src/main.o
 .debug_info    0x0000000000000ba3      0x905 ./Core/Src/stm32f4xx_hal_msp.o
 .debug_info    0x00000000000014a8      0x5e8 ./Core/Src/stm32f4xx_it.o
 .debug_info    0x0000000000001a90      0x53e ./Core/Src/system_stm32f4xx.o
 .debug_info    0x0000000000001fce       0x23 ./Core/Startup/startup_stm32f401retx.o
 .debug_info    0x0000000000001ff1      0x8be ./Drivers/STM32F4xx_HAL_Driver/Src/stm32f4xx_hal.o
 .debug_info    0x00000000000028af      0xcb0 ./Drivers/STM32F4xx_HAL_Driver/Src/stm32f4xx_hal_cortex.o
 .debug_info    0x000000000000355f      0x6f9 ./Drivers/STM32F4xx_HAL_Driver/Src/stm32f4xx_hal_gpio.o
 .debug_info    0x0000000000003c58     0x144e ./Drivers/STM32F4xx_HAL_Driver/Src/stm32f4xx_hal_pcd.o
 .debug_info    0x00000000000050a6      0x6ab ./Drivers/STM32F4xx_HAL_Driver/Src/stm32f4xx_hal_pcd_ex.o
 .debug_info    0x0000000000005751      0x8f2 ./Drivers/STM32F4xx_HAL_Driver/Src/stm32f4xx_hal_rcc.o
 .debug_info    0x0000000000006043     0x2fa1 ./Drivers/STM32F4xx_HAL_Driver/Src/stm32f4xx_hal_uart.o
 .debug_info    0x0000000000008fe4     0x185b ./Drivers/STM32F4xx_HAL_Driver/Src/stm32f4xx_ll_usb.o
 .debug_info    0x000000000000a83f      0xb25 ./Middlewares/ST/STM32_USB_Device_Library/Class/CustomHID/Src/usbd_customhid.o
 .debug_info    0x000000000000b364      0xb0e ./Middlewares/ST/STM32_USB_Device_Library/Core/Src/usbd_core.o
 .debug_info    0x000000000000be72      0xa4a ./Middlewares/ST/STM32_USB_Device_Library/Core/Src/usbd_ctlreq.o
 .debug_info    0x000000000000c8bc      0x713 ./Middlewares/ST/STM32_USB_Device_Library/Core/Src/usbd_ioreq.o
 .debug_info    0x000000000000cfcf      0x677 ./USB_DEVICE/App/usb_device.o
 .debug_info    0x000000000000d646      0x699 ./USB_DEVICE/App/usbd_custom_hid_if.o
 .debug_info    0x000000000000dcdf      0x457 ./USB_DEVICE/App/usbd_desc.o
 .debug_info    0x000000000000e136     0x1b66 ./USB_DEVICE/Target/usbd_conf.o

.debug_abbrev   0x0000000000000000     0x2cde
 .debug_abbrev  0x0000000000000000      0x252 ./Core/Src/main.o
 .debug_abbrev  0x0000000000000252      0x1ba ./Core/Src/stm32f4xx_hal_msp.o
 .debug_abbrev  0x000000000000040c      0x1a4 ./Core/Src/stm32f4xx_it.o
 .debug_abbrev  0x00000000000005b0      0x11a ./Core/Src/system_stm32f4xx.o
 .debug_abbrev  0x00000000000006ca       0x12 ./Core/Startup/startup_stm32f401retx.o
 .debug_abbrev  0x00000000000006dc      0x24b ./Drivers/STM32F4xx_HAL_Driver/Src/stm32f4xx_hal.o
 .debug_abbrev  0x0000000000000927      0x327 ./Drivers/STM32F4xx_HAL_Driver/Src/stm32f4xx_hal_cortex.o
 .debug_abbrev  0x0000000000000c4e      0x1d3 ./Drivers/STM32F4xx_HAL_Driver/Src/stm32f4xx_hal_gpio.o
 .debug_abbrev  0x0000000000000e21      0x2cd ./Drivers/STM32F4xx_HAL_Driver/Src/stm32f4xx_hal_pcd.o
 .debug_abbrev  0x00000000000010ee      0x1da ./Drivers/STM32F4xx_HAL_Driver/Src/stm32f4xx_hal_pcd_ex.o
 .debug_abbrev  0x00000000000012c8      0x2b5 ./Drivers/STM32F4xx_HAL_Driver/Src/stm32f4xx_hal_rcc.o
 .debug_abbrev  0x000000000000157d      0x314 ./Drivers/STM32F4xx_HAL_Driver/Src/stm32f4xx_hal_uart.o
 .debug_abbrev  0x0000000000001891      0x2ac ./Drivers/STM32F4xx_HAL_Driver/Src/stm32f4xx_ll_usb.o
 .debug_abbrev  0x0000000000001b3d      0x29c ./Middlewares/ST/STM32_USB_Device_Library/Class/CustomHID/Src/usbd_customhid.o
 .debug_abbrev  0x0000000000001dd9      0x24f ./Middlewares/ST/STM32_USB_Device_Library/Core/Src/usbd_core.o
 .debug_abbrev  0x0000000000002028      0x27e ./Middlewares/ST/STM32_USB_Device_Library/Core/Src/usbd_ctlreq.o
 .debug_abbrev  0x00000000000022a6      0x1a9 ./Middlewares/ST/STM32_USB_Device_Library/Core/Src/usbd_ioreq.o
 .debug_abbrev  0x000000000000244f      0x1a4 ./USB_DEVICE/App/usb_device.o
 .debug_abbrev  0x00000000000025f3      0x1e4 ./USB_DEVICE/App/usbd_custom_hid_if.o
 .debug_abbrev  0x00000000000027d7      0x1e0 ./USB_DEVICE/App/usbd_desc.o
 .debug_abbrev  0x00000000000029b7      0x327 ./USB_DEVICE/Target/usbd_conf.o

.debug_aranges  0x0000000000000000      0xcf0
 .debug_aranges
                0x0000000000000000       0x40 ./Core/Src/main.o
 .debug_aranges
                0x0000000000000040       0x30 ./Core/Src/stm32f4xx_hal_msp.o
 .debug_aranges
                0x0000000000000070       0x68 ./Core/Src/stm32f4xx_it.o
 .debug_aranges
                0x00000000000000d8       0x28 ./Core/Src/system_stm32f4xx.o
 .debug_aranges
                0x0000000000000100       0x28 ./Core/Startup/startup_stm32f401retx.o
 .debug_aranges
                0x0000000000000128       0xf0 ./Drivers/STM32F4xx_HAL_Driver/Src/stm32f4xx_hal.o
 .debug_aranges
                0x0000000000000218      0x118 ./Drivers/STM32F4xx_HAL_Driver/Src/stm32f4xx_hal_cortex.o
 .debug_aranges
                0x0000000000000330       0x58 ./Drivers/STM32F4xx_HAL_Driver/Src/stm32f4xx_hal_gpio.o
 .debug_aranges
                0x0000000000000388      0x138 ./Drivers/STM32F4xx_HAL_Driver/Src/stm32f4xx_hal_pcd.o
 .debug_aranges
                0x00000000000004c0       0x38 ./Drivers/STM32F4xx_HAL_Driver/Src/stm32f4xx_hal_pcd_ex.o
 .debug_aranges
                0x00000000000004f8       0x88 ./Drivers/STM32F4xx_HAL_Driver/Src/stm32f4xx_hal_rcc.o
 .debug_aranges
                0x0000000000000580      0x200 ./Drivers/STM32F4xx_HAL_Driver/Src/stm32f4xx_hal_uart.o
 .debug_aranges
                0x0000000000000780      0x198 ./Drivers/STM32F4xx_HAL_Driver/Src/stm32f4xx_ll_usb.o
 .debug_aranges
                0x0000000000000918       0x80 ./Middlewares/ST/STM32_USB_Device_Library/Class/CustomHID/Src/usbd_customhid.o
 .debug_aranges
                0x0000000000000998       0xb8 ./Middlewares/ST/STM32_USB_Device_Library/Core/Src/usbd_core.o
 .debug_aranges
                0x0000000000000a50       0x90 ./Middlewares/ST/STM32_USB_Device_Library/Core/Src/usbd_ctlreq.o
 .debug_aranges
                0x0000000000000ae0       0x50 ./Middlewares/ST/STM32_USB_Device_Library/Core/Src/usbd_ioreq.o
 .debug_aranges
                0x0000000000000b30       0x20 ./USB_DEVICE/App/usb_device.o
 .debug_aranges
                0x0000000000000b50       0x30 ./USB_DEVICE/App/usbd_custom_hid_if.o
 .debug_aranges
                0x0000000000000b80       0x60 ./USB_DEVICE/App/usbd_desc.o
 .debug_aranges
                0x0000000000000be0      0x110 ./USB_DEVICE/Target/usbd_conf.o

.debug_rnglists
                0x0000000000000000      0x9c2
 .debug_rnglists
                0x0000000000000000       0x2d ./Core/Src/main.o
 .debug_rnglists
                0x000000000000002d       0x20 ./Core/Src/stm32f4xx_hal_msp.o
 .debug_rnglists
                0x000000000000004d       0x49 ./Core/Src/stm32f4xx_it.o
 .debug_rnglists
                0x0000000000000096       0x1a ./Core/Src/system_stm32f4xx.o
 .debug_rnglists
                0x00000000000000b0       0x19 ./Core/Startup/startup_stm32f401retx.o
 .debug_rnglists
                0x00000000000000c9       0xaf ./Drivers/STM32F4xx_HAL_Driver/Src/stm32f4xx_hal.o
 .debug_rnglists
                0x0000000000000178       0xce ./Drivers/STM32F4xx_HAL_Driver/Src/stm32f4xx_hal_cortex.o
 .debug_rnglists
                0x0000000000000246       0x3f ./Drivers/STM32F4xx_HAL_Driver/Src/stm32f4xx_hal_gpio.o
 .debug_rnglists
                0x0000000000000285       0xf0 ./Drivers/STM32F4xx_HAL_Driver/Src/stm32f4xx_hal_pcd.o
 .debug_rnglists
                0x0000000000000375       0x26 ./Drivers/STM32F4xx_HAL_Driver/Src/stm32f4xx_hal_pcd_ex.o
 .debug_rnglists
                0x000000000000039b       0x66 ./Drivers/STM32F4xx_HAL_Driver/Src/stm32f4xx_hal_rcc.o
 .debug_rnglists
                0x0000000000000401      0x1b7 ./Drivers/STM32F4xx_HAL_Driver/Src/stm32f4xx_hal_uart.o
 .debug_rnglists
                0x00000000000005b8      0x141 ./Drivers/STM32F4xx_HAL_Driver/Src/stm32f4xx_ll_usb.o
 .debug_rnglists
                0x00000000000006f9       0x5d ./Middlewares/ST/STM32_USB_Device_Library/Class/CustomHID/Src/usbd_customhid.o
 .debug_rnglists
                0x0000000000000756       0x89 ./Middlewares/ST/STM32_USB_Device_Library/Core/Src/usbd_core.o
 .debug_rnglists
                0x00000000000007df       0x6e ./Middlewares/ST/STM32_USB_Device_Library/Core/Src/usbd_ctlreq.o
 .debug_rnglists
                0x000000000000084d       0x37 ./Middlewares/ST/STM32_USB_Device_Library/Core/Src/usbd_ioreq.o
 .debug_rnglists
                0x0000000000000884       0x13 ./USB_DEVICE/App/usb_device.o
 .debug_rnglists
                0x0000000000000897       0x1f ./USB_DEVICE/App/usbd_custom_hid_if.o
 .debug_rnglists
                0x00000000000008b6       0x43 ./USB_DEVICE/App/usbd_desc.o
 .debug_rnglists
                0x00000000000008f9       0xc9 ./USB_DEVICE/Target/usbd_conf.o

.debug_macro    0x0000000000000000    0x17f26
 .debug_macro   0x0000000000000000      0x351 ./Core/Src/main.o
 .debug_macro   0x0000000000000351      0xaa8 ./Core/Src/main.o
 .debug_macro   0x0000000000000df9      0x29b ./Core/Src/main.o
 .debug_macro   0x0000000000001094       0x2e ./Core/Src/main.o
 .debug_macro   0x00000000000010c2       0x28 ./Core/Src/main.o
 .debug_macro   0x00000000000010ea       0x22 ./Core/Src/main.o
 .debug_macro   0x000000000000110c       0x8e ./Core/Src/main.o
 .debug_macro   0x000000000000119a       0x51 ./Core/Src/main.o
 .debug_macro   0x00000000000011eb      0x103 ./Core/Src/main.o
 .debug_macro   0x00000000000012ee       0x6a ./Core/Src/main.o
 .debug_macro   0x0000000000001358      0x1df ./Core/Src/main.o
 .debug_macro   0x0000000000001537       0x1c ./Core/Src/main.o
 .debug_macro   0x0000000000001553       0x22 ./Core/Src/main.o
 .debug_macro   0x0000000000001575       0xd9 ./Core/Src/main.o
 .debug_macro   0x000000000000164e     0x102d ./Core/Src/main.o
 .debug_macro   0x000000000000267b      0x11f ./Core/Src/main.o
 .debug_macro   0x000000000000279a     0xb86c ./Core/Src/main.o
 .debug_macro   0x000000000000e006       0x6d ./Core/Src/main.o
 .debug_macro   0x000000000000e073     0x3666 ./Core/Src/main.o
 .debug_macro   0x00000000000116d9      0x174 ./Core/Src/main.o
 .debug_macro   0x000000000001184d       0x5c ./Core/Src/main.o
 .debug_macro   0x00000000000118a9      0x416 ./Core/Src/main.o
 .debug_macro   0x0000000000011cbf      0x9fe ./Core/Src/main.o
 .debug_macro   0x00000000000126bd      0x116 ./Core/Src/main.o
 .debug_macro   0x00000000000127d3       0xf8 ./Core/Src/main.o
 .debug_macro   0x00000000000128cb       0xa5 ./Core/Src/main.o
 .debug_macro   0x0000000000012970      0x15f ./Core/Src/main.o
 .debug_macro   0x0000000000012acf      0x287 ./Core/Src/main.o
 .debug_macro   0x0000000000012d56       0x5f ./Core/Src/main.o
 .debug_macro   0x0000000000012db5      0x236 ./Core/Src/main.o
 .debug_macro   0x0000000000012feb      0x132 ./Core/Src/main.o
 .debug_macro   0x000000000001311d      0x264 ./Core/Src/main.o
 .debug_macro   0x0000000000013381       0x2e ./Core/Src/main.o
 .debug_macro   0x00000000000133af      0x11a ./Core/Src/main.o
 .debug_macro   0x00000000000134c9       0x85 ./Core/Src/main.o
 .debug_macro   0x000000000001354e       0x89 ./Core/Src/main.o
 .debug_macro   0x00000000000135d7      0x295 ./Core/Src/main.o
 .debug_macro   0x000000000001386c      0x21e ./Core/Src/main.o
 .debug_macro   0x0000000000013a8a       0xba ./Core/Src/main.o
 .debug_macro   0x0000000000013b44      0x126 ./Core/Src/main.o
 .debug_macro   0x0000000000013c6a       0x58 ./Core/Src/main.o
 .debug_macro   0x0000000000013cc2       0x61 ./Core/Src/main.o
 .debug_macro   0x0000000000013d23       0x2a ./Core/Src/main.o
 .debug_macro   0x0000000000013d4d       0x43 ./Core/Src/main.o
 .debug_macro   0x0000000000013d90       0x34 ./Core/Src/main.o
 .debug_macro   0x0000000000013dc4       0x16 ./Core/Src/main.o
 .debug_macro   0x0000000000013dda       0x35 ./Core/Src/main.o
 .debug_macro   0x0000000000013e0f      0x369 ./Core/Src/main.o
 .debug_macro   0x0000000000014178       0x10 ./Core/Src/main.o
 .debug_macro   0x0000000000014188       0x16 ./Core/Src/main.o
 .debug_macro   0x000000000001419e       0x43 ./Core/Src/main.o
 .debug_macro   0x00000000000141e1       0x34 ./Core/Src/main.o
 .debug_macro   0x0000000000014215       0x10 ./Core/Src/main.o
 .debug_macro   0x0000000000014225       0x58 ./Core/Src/main.o
 .debug_macro   0x000000000001427d       0x8e ./Core/Src/main.o
 .debug_macro   0x000000000001430b       0x1c ./Core/Src/main.o
 .debug_macro   0x0000000000014327      0x177 ./Core/Src/main.o
 .debug_macro   0x000000000001449e       0x16 ./Core/Src/main.o
 .debug_macro   0x00000000000144b4       0x16 ./Core/Src/main.o
 .debug_macro   0x00000000000144ca      0x147 ./Core/Src/main.o
 .debug_macro   0x0000000000014611       0x16 ./Core/Src/main.o
 .debug_macro   0x0000000000014627       0x16 ./Core/Src/main.o
 .debug_macro   0x000000000001463d       0x29 ./Core/Src/main.o
 .debug_macro   0x0000000000014666       0x16 ./Core/Src/main.o
 .debug_macro   0x000000000001467c       0x20 ./Core/Src/main.o
 .debug_macro   0x000000000001469c       0x78 ./Core/Src/main.o
 .debug_macro   0x0000000000014714      0x1ef ./Core/Src/main.o
 .debug_macro   0x0000000000014903      0x1ed ./Core/Src/stm32f4xx_hal_msp.o
 .debug_macro   0x0000000000014af0      0x1f7 ./Core/Src/stm32f4xx_it.o
 .debug_macro   0x0000000000014ce7      0x1de ./Core/Src/system_stm32f4xx.o
 .debug_macro   0x0000000000014ec5      0x23e ./Drivers/STM32F4xx_HAL_Driver/Src/stm32f4xx_hal.o
 .debug_macro   0x0000000000015103      0x1de ./Drivers/STM32F4xx_HAL_Driver/Src/stm32f4xx_hal_cortex.o
 .debug_macro   0x00000000000152e1      0x1e4 ./Drivers/STM32F4xx_HAL_Driver/Src/stm32f4xx_hal_gpio.o
 .debug_macro   0x00000000000154c5      0x1ea ./Drivers/STM32F4xx_HAL_Driver/Src/stm32f4xx_hal_pcd.o
 .debug_macro   0x00000000000156af      0x1de ./Drivers/STM32F4xx_HAL_Driver/Src/stm32f4xx_hal_pcd_ex.o
 .debug_macro   0x000000000001588d      0x202 ./Drivers/STM32F4xx_HAL_Driver/Src/stm32f4xx_hal_rcc.o
 .debug_macro   0x0000000000015a8f      0x1df ./Drivers/STM32F4xx_HAL_Driver/Src/stm32f4xx_hal_uart.o
 .debug_macro   0x0000000000015c6e      0x1de ./Drivers/STM32F4xx_HAL_Driver/Src/stm32f4xx_ll_usb.o
 .debug_macro   0x0000000000015e4c      0x37c ./Middlewares/ST/STM32_USB_Device_Library/Class/CustomHID/Src/usbd_customhid.o
 .debug_macro   0x00000000000161c8       0x97 ./Middlewares/ST/STM32_USB_Device_Library/Class/CustomHID/Src/usbd_customhid.o
 .debug_macro   0x000000000001625f       0xfd ./Middlewares/ST/STM32_USB_Device_Library/Class/CustomHID/Src/usbd_customhid.o
 .debug_macro   0x000000000001635c       0x56 ./Middlewares/ST/STM32_USB_Device_Library/Class/CustomHID/Src/usbd_customhid.o
 .debug_macro   0x00000000000163b2       0x65 ./Middlewares/ST/STM32_USB_Device_Library/Class/CustomHID/Src/usbd_customhid.o
 .debug_macro   0x0000000000016417      0x363 ./Middlewares/ST/STM32_USB_Device_Library/Core/Src/usbd_core.o
 .debug_macro   0x000000000001677a      0x1f5 ./Middlewares/ST/STM32_USB_Device_Library/Core/Src/usbd_core.o
 .debug_macro   0x000000000001696f      0x36d ./Middlewares/ST/STM32_USB_Device_Library/Core/Src/usbd_ctlreq.o
 .debug_macro   0x0000000000016cdc      0x369 ./Middlewares/ST/STM32_USB_Device_Library/Core/Src/usbd_ioreq.o
 .debug_macro   0x0000000000017045      0x39d ./USB_DEVICE/App/usb_device.o
 .debug_macro   0x00000000000173e2       0x5e ./USB_DEVICE/App/usb_device.o
 .debug_macro   0x0000000000017440       0x22 ./USB_DEVICE/App/usb_device.o
 .debug_macro   0x0000000000017462      0x382 ./USB_DEVICE/App/usbd_custom_hid_if.o
 .debug_macro   0x00000000000177e4      0x3a6 ./USB_DEVICE/App/usbd_desc.o
 .debug_macro   0x0000000000017b8a       0x1c ./USB_DEVICE/App/usbd_desc.o
 .debug_macro   0x0000000000017ba6      0x380 ./USB_DEVICE/Target/usbd_conf.o

.debug_line     0x0000000000000000    0x11820
 .debug_line    0x0000000000000000      0xa75 ./Core/Src/main.o
 .debug_line    0x0000000000000a75      0x7b3 ./Core/Src/stm32f4xx_hal_msp.o
 .debug_line    0x0000000000001228      0x83f ./Core/Src/stm32f4xx_it.o
 .debug_line    0x0000000000001a67      0x7e6 ./Core/Src/system_stm32f4xx.o
 .debug_line    0x000000000000224d       0x7a ./Core/Startup/startup_stm32f401retx.o
 .debug_line    0x00000000000022c7      0xa4c ./Drivers/STM32F4xx_HAL_Driver/Src/stm32f4xx_hal.o
 .debug_line    0x0000000000002d13      0xcfb ./Drivers/STM32F4xx_HAL_Driver/Src/stm32f4xx_hal_cortex.o
 .debug_line    0x0000000000003a0e      0xb86 ./Drivers/STM32F4xx_HAL_Driver/Src/stm32f4xx_hal_gpio.o
 .debug_line    0x0000000000004594     0x1399 ./Drivers/STM32F4xx_HAL_Driver/Src/stm32f4xx_hal_pcd.o
 .debug_line    0x000000000000592d      0x82f ./Drivers/STM32F4xx_HAL_Driver/Src/stm32f4xx_hal_pcd_ex.o
 .debug_line    0x000000000000615c      0xdc5 ./Drivers/STM32F4xx_HAL_Driver/Src/stm32f4xx_hal_rcc.o
 .debug_line    0x0000000000006f21     0x2ad0 ./Drivers/STM32F4xx_HAL_Driver/Src/stm32f4xx_hal_uart.o
 .debug_line    0x00000000000099f1     0x19e2 ./Drivers/STM32F4xx_HAL_Driver/Src/stm32f4xx_ll_usb.o
 .debug_line    0x000000000000b3d3      0xd1f ./Middlewares/ST/STM32_USB_Device_Library/Class/CustomHID/Src/usbd_customhid.o
 .debug_line    0x000000000000c0f2      0xe27 ./Middlewares/ST/STM32_USB_Device_Library/Core/Src/usbd_core.o
 .debug_line    0x000000000000cf19     0x10c2 ./Middlewares/ST/STM32_USB_Device_Library/Core/Src/usbd_ctlreq.o
 .debug_line    0x000000000000dfdb      0xa7e ./Middlewares/ST/STM32_USB_Device_Library/Core/Src/usbd_ioreq.o
 .debug_line    0x000000000000ea59      0xa4d ./USB_DEVICE/App/usb_device.o
 .debug_line    0x000000000000f4a6      0xa4b ./USB_DEVICE/App/usbd_custom_hid_if.o
 .debug_line    0x000000000000fef1      0xb03 ./USB_DEVICE/App/usbd_desc.o
 .debug_line    0x00000000000109f4      0xe2c ./USB_DEVICE/Target/usbd_conf.o

.debug_str      0x0000000000000000    0x883bf
 .debug_str     0x0000000000000000    0x84873 ./Core/Src/main.o
                                      0x84ba0 (size before relaxing)
 .debug_str     0x0000000000084873       0x83 ./Core/Src/stm32f4xx_hal_msp.o
                                      0x806fd (size before relaxing)
 .debug_str     0x00000000000848f6      0x41b ./Core/Src/stm32f4xx_it.o
                                      0x8054b (size before relaxing)
 .debug_str     0x0000000000084d11       0xdb ./Core/Src/system_stm32f4xx.o
                                      0x80173 (size before relaxing)
 .debug_str     0x0000000000084dec       0x34 ./Core/Startup/startup_stm32f401retx.o
                                         0x7e (size before relaxing)
 .debug_str     0x0000000000084e20      0x991 ./Drivers/STM32F4xx_HAL_Driver/Src/stm32f4xx_hal.o
                                      0x80b95 (size before relaxing)
 .debug_str     0x00000000000857b1      0x354 ./Drivers/STM32F4xx_HAL_Driver/Src/stm32f4xx_hal_cortex.o
                                      0x808b6 (size before relaxing)
 .debug_str     0x0000000000085b05      0x121 ./Drivers/STM32F4xx_HAL_Driver/Src/stm32f4xx_hal_gpio.o
                                      0x802ee (size before relaxing)
 .debug_str     0x0000000000085c26      0x7ee ./Drivers/STM32F4xx_HAL_Driver/Src/stm32f4xx_hal_pcd.o
                                      0x80bbc (size before relaxing)
 .debug_str     0x0000000000086414      0x11a ./Drivers/STM32F4xx_HAL_Driver/Src/stm32f4xx_hal_pcd_ex.o
                                      0x804ea (size before relaxing)
 .debug_str     0x000000000008652e      0x21f ./Drivers/STM32F4xx_HAL_Driver/Src/stm32f4xx_hal_rcc.o
                                      0x805a7 (size before relaxing)
 .debug_str     0x000000000008674d      0x644 ./Drivers/STM32F4xx_HAL_Driver/Src/stm32f4xx_hal_uart.o
                                      0x80b34 (size before relaxing)
 .debug_str     0x0000000000086d91      0x444 ./Drivers/STM32F4xx_HAL_Driver/Src/stm32f4xx_ll_usb.o
                                      0x80a60 (size before relaxing)
 .debug_str     0x00000000000871d5      0x96d ./Middlewares/ST/STM32_USB_Device_Library/Class/CustomHID/Src/usbd_customhid.o
                                      0x84ddb (size before relaxing)
 .debug_str     0x0000000000087b42      0x281 ./Middlewares/ST/STM32_USB_Device_Library/Core/Src/usbd_core.o
                                      0x84a8f (size before relaxing)
 .debug_str     0x0000000000087dc3      0x139 ./Middlewares/ST/STM32_USB_Device_Library/Core/Src/usbd_ctlreq.o
                                      0x849e1 (size before relaxing)
 .debug_str     0x0000000000087efc       0x67 ./Middlewares/ST/STM32_USB_Device_Library/Core/Src/usbd_ioreq.o
                                      0x848d6 (size before relaxing)
 .debug_str     0x0000000000087f63       0xe0 ./USB_DEVICE/App/usb_device.o
                                      0x84b7e (size before relaxing)
 .debug_str     0x0000000000088043       0x86 ./USB_DEVICE/App/usbd_custom_hid_if.o
                                      0x84b00 (size before relaxing)
 .debug_str     0x00000000000880c9      0x283 ./USB_DEVICE/App/usbd_desc.o
                                      0x8480e (size before relaxing)
 .debug_str     0x000000000008834c       0x73 ./USB_DEVICE/Target/usbd_conf.o
                                      0x85840 (size before relaxing)

.debug_frame    0x0000000000000000     0x343c
 .debug_frame   0x0000000000000000       0xa8 ./Core/Src/main.o
 .debug_frame   0x00000000000000a8       0x7c ./Core/Src/stm32f4xx_hal_msp.o
 .debug_frame   0x0000000000000124      0x120 ./Core/Src/stm32f4xx_it.o
 .debug_frame   0x0000000000000244       0x58 ./Core/Src/system_stm32f4xx.o
 .debug_frame   0x000000000000029c      0x374 ./Drivers/STM32F4xx_HAL_Driver/Src/stm32f4xx_hal.o
 .debug_frame   0x0000000000000610      0x498 ./Drivers/STM32F4xx_HAL_Driver/Src/stm32f4xx_hal_cortex.o
 .debug_frame   0x0000000000000aa8      0x14c ./Drivers/STM32F4xx_HAL_Driver/Src/stm32f4xx_hal_gpio.o
 .debug_frame   0x0000000000000bf4      0x574 ./Drivers/STM32F4xx_HAL_Driver/Src/stm32f4xx_hal_pcd.o
 .debug_frame   0x0000000000001168       0xb0 ./Drivers/STM32F4xx_HAL_Driver/Src/stm32f4xx_hal_pcd_ex.o
 .debug_frame   0x0000000000001218      0x1f4 ./Drivers/STM32F4xx_HAL_Driver/Src/stm32f4xx_hal_rcc.o
 .debug_frame   0x000000000000140c      0x92c ./Drivers/STM32F4xx_HAL_Driver/Src/stm32f4xx_hal_uart.o
 .debug_frame   0x0000000000001d38      0x798 ./Drivers/STM32F4xx_HAL_Driver/Src/stm32f4xx_ll_usb.o
 .debug_frame   0x00000000000024d0      0x200 ./Middlewares/ST/STM32_USB_Device_Library/Class/CustomHID/Src/usbd_customhid.o
 .debug_frame   0x00000000000026d0      0x2f4 ./Middlewares/ST/STM32_USB_Device_Library/Core/Src/usbd_core.o
 .debug_frame   0x00000000000029c4      0x23c ./Middlewares/ST/STM32_USB_Device_Library/Core/Src/usbd_ctlreq.o
 .debug_frame   0x0000000000002c00      0x10c ./Middlewares/ST/STM32_USB_Device_Library/Core/Src/usbd_ioreq.o
 .debug_frame   0x0000000000002d0c       0x2c ./USB_DEVICE/App/usb_device.o
 .debug_frame   0x0000000000002d38       0x7c ./USB_DEVICE/App/usbd_custom_hid_if.o
 .debug_frame   0x0000000000002db4      0x160 ./USB_DEVICE/App/usbd_desc.o
 .debug_frame   0x0000000000002f14      0x47c ./USB_DEVICE/Target/usbd_conf.o
 .debug_frame   0x0000000000003390       0x20 C:/ST/STM32CubeIDE_1.12.0/STM32CubeIDE/plugins/com.st.stm32cube.ide.mcu.externaltools.gnu-tools-for-stm32.11.3.rel1.win32_1.1.100.202309141235/tools/bin/../lib/gcc/arm-none-eabi/11.3.1/../../../../arm-none-eabi/lib/thumb/v7e-m+fp/hard\libc_nano.a(libc_a-memset.o)
 .debug_frame   0x00000000000033b0       0x2c C:/ST/STM32CubeIDE_1.12.0/STM32CubeIDE/plugins/com.st.stm32cube.ide.mcu.externaltools.gnu-tools-for-stm32.11.3.rel1.win32_1.1.100.202309141235/tools/bin/../lib/gcc/arm-none-eabi/11.3.1/../../../../arm-none-eabi/lib/thumb/v7e-m+fp/hard\libc_nano.a(libc_a-init.o)
 .debug_frame   0x00000000000033dc       0x2c C:/ST/STM32CubeIDE_1.12.0/STM32CubeIDE/plugins/com.st.stm32cube.ide.mcu.externaltools.gnu-tools-for-stm32.11.3.rel1.win32_1.1.100.202309141235/tools/bin/../lib/gcc/arm-none-eabi/11.3.1/thumb/v7e-m+fp/hard\libgcc.a(_aeabi_uldivmod.o)
 .debug_frame   0x0000000000003408       0x34 C:/ST/STM32CubeIDE_1.12.0/STM32CubeIDE/plugins/com.st.stm32cube.ide.mcu.externaltools.gnu-tools-for-stm32.11.3.rel1.win32_1.1.100.202309141235/tools/bin/../lib/gcc/arm-none-eabi/11.3.1/thumb/v7e-m+fp/hard\libgcc.a(_udivmoddi4.o)

.debug_line_str
                0x0000000000000000       0x72
 .debug_line_str
                0x0000000000000000       0x72 ./Core/Startup/startup_stm32f401retx.o
                                         0x8a (size before relaxing)
