../Core/Src/main.c:112:6:HAL_I2C_MemRxCpltCallback	16	static
../Core/Src/main.c:125:6:HAL_TIM_IC_CaptureCallback	16	static
../Core/Src/main.c:130:6:Task_ReadSensors	16	static
../Core/Src/main.c:151:6:Task_SendDataToThingspeak	16	static
../Core/Src/main.c:178:5:main	56	static
../Core/Src/main.c:282:6:SystemClock_Config	88	static
../Core/Src/main.c:328:13:MX_ADC1_Init	24	static
../Core/Src/main.c:436:13:MX_I2C1_Init	8	static
../Core/Src/main.c:470:13:MX_TIM2_Init	48	static
../Core/Src/main.c:528:13:MX_TIM3_Init	32	static
../Core/Src/main.c:573:13:MX_USART1_UART_Init	8	static
../Core/Src/main.c:606:13:MX_USART2_UART_Init	8	static
../Core/Src/main.c:637:13:MX_DMA_Init	16	static
../Core/Src/main.c:662:13:MX_GPIO_Init	48	static
../Core/Src/main.c:705:6:StartDefaultTask	16	static
../Core/Src/main.c:724:6:HAL_TIM_PeriodElapsedCallback	16	static
../Core/Src/main.c:744:6:Error_Handler	4	static,ignoring_inline_asm
