../Core/Src/main.c:116:6:HAL_I2C_MemRxCpltCallback	16	static
../Core/Src/main.c:129:6:HAL_I2C_MasterRxCpltCallback	24	static
../Core/Src/main.c:149:6:HAL_TIM_IC_CaptureCallback	16	static
../Core/Src/main.c:154:6:Task_ReadSensors	16	static
../Core/Src/main.c:176:6:Task_SendDataToThingspeak	16	static
../Core/Src/main.c:203:5:main	56	static
../Core/Src/main.c:308:6:SystemClock_Config	88	static
../Core/Src/main.c:354:13:MX_ADC1_Init	24	static
../Core/Src/main.c:462:13:MX_I2C1_Init	8	static
../Core/Src/main.c:496:13:MX_TIM2_Init	48	static
../Core/Src/main.c:554:13:MX_TIM3_Init	32	static
../Core/Src/main.c:599:13:MX_USART1_UART_Init	8	static
../Core/Src/main.c:632:13:MX_USART2_UART_Init	8	static
../Core/Src/main.c:663:13:MX_DMA_Init	16	static
../Core/Src/main.c:688:13:MX_GPIO_Init	48	static
../Core/Src/main.c:731:6:StartDefaultTask	16	static
../Core/Src/main.c:750:6:HAL_TIM_PeriodElapsedCallback	16	static
../Core/Src/main.c:770:6:Error_Handler	4	static,ignoring_inline_asm
