main.c:114:6:HAL_I2C_MemRxCpltCallback	2
main.c:127:6:HAL_TIM_IC_CaptureCallback	1
main.c:132:6:Task_ReadSensors	1
main.c:153:6:Task_SendDataToThingspeak	1
main.c:180:5:main	1
main.c:284:6:SystemClock_Config	3
main.c:330:13:MX_ADC1_Init	10
main.c:438:13:MX_I2C1_Init	2
main.c:472:13:MX_TIM2_Init	6
main.c:530:13:MX_TIM3_Init	4
main.c:575:13:MX_USART1_UART_Init	2
main.c:608:13:MX_USART2_UART_Init	2
main.c:639:13:MX_DMA_Init	1
main.c:664:13:MX_GPIO_Init	1
main.c:707:6:StartDefaultTask	1
main.c:726:6:HAL_TIM_PeriodElapsedCallback	3
main.c:746:6:Error_Handler	1
