../Core/Src/main.c:97:6:Task_ReadSensors	16	static
../Core/Src/main.c:111:6:Task_ReadTemperature	16	static
../Core/Src/main.c:116:6:Task_ReadPressure	16	static
../Core/Src/main.c:121:6:Task_ReadHumidity	16	static
../Core/Src/main.c:126:6:Task_ReadLight	16	static
../Core/Src/main.c:131:6:Task_ReadAirQuality	16	static
../Core/Src/main.c:136:6:Task_ReadWindSpeed	16	static
../Core/Src/main.c:141:6:Task_SendDataToThingspeak	32	static
../Core/Src/main.c:165:5:main	56	static
../Core/Src/main.c:273:6:SystemClock_Config	88	static
../Core/Src/main.c:319:13:MX_ADC1_Init	24	static
../Core/Src/main.c:371:13:MX_I2C1_Init	8	static
../Core/Src/main.c:405:13:MX_USART1_UART_Init	8	static
../Core/Src/main.c:438:13:MX_USART2_UART_Init	8	static
../Core/Src/main.c:469:13:MX_DMA_Init	16	static
../Core/Src/main.c:487:13:MX_GPIO_Init	48	static
../Core/Src/main.c:530:6:StartDefaultTask	16	static
../Core/Src/main.c:549:6:HAL_TIM_PeriodElapsedCallback	16	static
../Core/Src/main.c:566:6:Error_Handler	4	static,ignoring_inline_asm
