../Core/Src/main.c:109:6:HAL_TIM_IC_CaptureCallback	16	static
../Core/Src/main.c:114:6:Task_ReadSensors	16	static
../Core/Src/main.c:133:6:Task_ReadTemperature	16	static
../Core/Src/main.c:138:6:Task_ReadPressure	16	static
../Core/Src/main.c:143:6:Task_ReadHumidity	16	static
../Core/Src/main.c:148:6:Task_ReadLight	16	static
../Core/Src/main.c:153:6:Task_ReadAirQuality	16	static
../Core/Src/main.c:158:6:Task_ReadWindSpeed	16	static
../Core/Src/main.c:163:6:Task_SendDataToThingspeak	16	static
../Core/Src/main.c:190:5:main	56	static
../Core/Src/main.c:301:6:SystemClock_Config	88	static
../Core/Src/main.c:347:13:MX_ADC1_Init	24	static
../Core/Src/main.c:455:13:MX_I2C1_Init	8	static
../Core/Src/main.c:489:13:MX_TIM2_Init	48	static
../Core/Src/main.c:547:13:MX_TIM3_Init	32	static
../Core/Src/main.c:592:13:MX_USART1_UART_Init	8	static
../Core/Src/main.c:625:13:MX_USART2_UART_Init	8	static
../Core/Src/main.c:656:13:MX_DMA_Init	16	static
../Core/Src/main.c:674:13:MX_GPIO_Init	48	static
../Core/Src/main.c:717:6:StartDefaultTask	16	static
../Core/Src/main.c:736:6:HAL_TIM_PeriodElapsedCallback	16	static
../Core/Src/main.c:756:6:Error_Handler	4	static,ignoring_inline_asm
