../Core/Src/main.c:114:6:HAL_I2C_MemRxCpltCallback	16	static
../Core/Src/main.c:127:6:HAL_TIM_IC_CaptureCallback	16	static
../Core/Src/main.c:132:6:Task_ReadSensors	16	static
../Core/Src/main.c:153:6:Task_SendDataToThingspeak	16	static
../Core/Src/main.c:180:5:main	56	static
../Core/Src/main.c:284:6:SystemClock_Config	88	static
../Core/Src/main.c:330:13:MX_ADC1_Init	24	static
../Core/Src/main.c:438:13:MX_I2C1_Init	8	static
../Core/Src/main.c:472:13:MX_TIM2_Init	48	static
../Core/Src/main.c:530:13:MX_TIM3_Init	32	static
../Core/Src/main.c:575:13:MX_USART1_UART_Init	8	static
../Core/Src/main.c:608:13:MX_USART2_UART_Init	8	static
../Core/Src/main.c:639:13:MX_DMA_Init	16	static
../Core/Src/main.c:664:13:MX_GPIO_Init	48	static
../Core/Src/main.c:707:6:StartDefaultTask	16	static
../Core/Src/main.c:726:6:HAL_TIM_PeriodElapsedCallback	16	static
../Core/Src/main.c:746:6:Error_Handler	4	static,ignoring_inline_asm
