../Core/Src/main.c:117:6:HAL_I2C_MemRxCpltCallback	24	static,ignoring_inline_asm
../Core/Src/main.c:134:6:HAL_I2C_MasterRxCpltCallback	24	static,ignoring_inline_asm
../Core/Src/main.c:148:6:HAL_TIM_IC_CaptureCallback	16	static
../Core/Src/main.c:153:6:Task_ReadSensors	16	static
../Core/Src/main.c:175:6:Task_Light	16	static
../Core/Src/main.c:186:6:Task_Pressure	16	static
../Core/Src/main.c:197:6:Task_SendDataToThingspeak	16	static
../Core/Src/main.c:224:5:main	56	static
../Core/Src/main.c:336:6:SystemClock_Config	88	static
../Core/Src/main.c:382:13:MX_ADC1_Init	24	static
../Core/Src/main.c:490:13:MX_I2C1_Init	8	static
../Core/Src/main.c:524:13:MX_TIM2_Init	48	static
../Core/Src/main.c:582:13:MX_TIM3_Init	32	static
../Core/Src/main.c:627:13:MX_USART1_UART_Init	8	static
../Core/Src/main.c:660:13:MX_USART2_UART_Init	8	static
../Core/Src/main.c:691:13:MX_DMA_Init	16	static
../Core/Src/main.c:716:13:MX_GPIO_Init	48	static
../Core/Src/main.c:759:6:StartDefaultTask	16	static
../Core/Src/main.c:778:6:HAL_TIM_PeriodElapsedCallback	16	static
../Core/Src/main.c:798:6:Error_Handler	4	static,ignoring_inline_asm
