main.c:97:6:Task_ReadSensors	1
main.c:111:6:Task_ReadTemperature	1
main.c:116:6:Task_ReadPressure	1
main.c:121:6:Task_ReadHumidity	1
main.c:126:6:Task_ReadLight	1
main.c:131:6:Task_ReadAirQuality	1
main.c:136:6:Task_ReadWindSpeed	1
main.c:141:6:Task_SendDataToThingspeak	1
main.c:165:5:main	1
main.c:273:6:SystemClock_Config	3
main.c:319:13:MX_ADC1_Init	3
main.c:371:13:MX_I2C1_Init	2
main.c:405:13:MX_USART1_UART_Init	2
main.c:438:13:MX_USART2_UART_Init	2
main.c:469:13:MX_DMA_Init	1
main.c:487:13:MX_GPIO_Init	1
main.c:530:6:StartDefaultTask	1
main.c:549:6:HAL_TIM_PeriodElapsedCallback	2
main.c:566:6:Error_Handler	1
