../Core/Src/BME280_STM32.c:51:6:TrimRead	56	static
../Core/Src/BME280_STM32.c:100:5:BME280_Config	48	static
../Core/Src/BME280_STM32.c:165:5:BMEReadRaw	16	static
../Core/Src/BME280_STM32.c:205:6:BME280_WakeUP	32	static
../Core/Src/BME280_STM32.c:227:9:BME280_compensate_T_int32	32	static
../Core/Src/BME280_STM32.c:244:14:BMP280_compensate_T_int32	32	static
../Core/Src/BME280_STM32.c:261:10:BME280_compensate_P_int64	328	static
../Core/Src/BME280_STM32.c:284:14:BMP280_compensate_P_int64	328	static
../Core/Src/BME280_STM32.c:341:10:bme280_compensate_H_int32	24	static
../Core/Src/BME280_STM32.c:362:6:BME280_Measure	8	static
