../Core/Src/BME280_STM32.c:51:6:TrimRead	56	static
../Core/Src/BME280_STM32.c:100:5:BME280_Config	48	static
../Core/Src/BME280_STM32.c:165:5:BMEReadRaw	16	static
../Core/Src/BME280_STM32.c:196:6:BME280_WakeUP	32	static
../Core/Src/BME280_STM32.c:218:9:BME280_compensate_T_int32	32	static
../Core/Src/BME280_STM32.c:235:14:BMP280_compensate_T_int32	32	static
../Core/Src/BME280_STM32.c:252:10:BME280_compensate_P_int64	328	static
../Core/Src/BME280_STM32.c:275:14:BMP280_compensate_P_int64	328	static
../Core/Src/BME280_STM32.c:332:10:bme280_compensate_H_int32	24	static
../Core/Src/BME280_STM32.c:353:6:BME280_Measure	8	static
