../Core/Src/main.c:114:6:Set_Time	32	static
../Core/Src/main.c:146:6:Set_Alarm	48	static
../Core/Src/main.c:174:6:Task_Data_Display	24	static
../Core/Src/main.c:199:6:Task_ReadSensors	16	static
../Core/Src/main.c:223:6:scrollUp	24	static
../Core/Src/main.c:242:5:main	16	static
../Core/Src/main.c:332:6:SystemClock_Config	88	static
../Core/Src/main.c:379:13:MX_ADC1_Init	24	static
../Core/Src/main.c:431:13:MX_I2C1_Init	8	static
../Core/Src/main.c:465:13:MX_RTC_Init	72	static
../Core/Src/main.c:547:13:MX_TIM2_Init	32	static
../Core/Src/main.c:592:13:MX_TIM3_Init	48	static
../Core/Src/main.c:650:13:MX_TIM4_Init	32	static
../Core/Src/main.c:695:13:MX_USART2_UART_Init	8	static
../Core/Src/main.c:726:13:MX_DMA_Init	16	static
../Core/Src/main.c:744:13:MX_GPIO_Init	48	static
../Core/Src/main.c:787:6:StartDefaultTask	16	static
../Core/Src/main.c:806:6:HAL_TIM_PeriodElapsedCallback	16	static
../Core/Src/main.c:879:6:Error_Handler	4	static,ignoring_inline_asm
