../Core/Src/main.c:133:6:HAL_I2C_MemRxCpltCallback	16	static
../Core/Src/main.c:151:6:Set_Time	32	static
../Core/Src/main.c:183:6:Set_Alarm	48	static
../Core/Src/main.c:211:6:scrollUp	24	static
../Core/Src/main.c:224:6:Task_Data_Display	24	static
../Core/Src/main.c:249:6:Task_ReadSensors	16	static
../Core/Src/main.c:275:6:Task_SendDataToThingspeak	16	static
../Core/Src/main.c:304:5:main	16	static
../Core/Src/main.c:411:6:SystemClock_Config	88	static
../Core/Src/main.c:458:13:MX_ADC1_Init	24	static
../Core/Src/main.c:510:13:MX_I2C1_Init	8	static
../Core/Src/main.c:544:13:MX_RTC_Init	72	static
../Core/Src/main.c:626:13:MX_TIM2_Init	32	static
../Core/Src/main.c:671:13:MX_TIM3_Init	48	static
../Core/Src/main.c:729:13:MX_TIM4_Init	32	static
../Core/Src/main.c:774:13:MX_USART2_UART_Init	8	static
../Core/Src/main.c:805:13:MX_DMA_Init	16	static
../Core/Src/main.c:823:13:MX_GPIO_Init	48	static
../Core/Src/main.c:866:6:StartDefaultTask	16	static
../Core/Src/main.c:885:6:HAL_TIM_PeriodElapsedCallback	16	static
../Core/Src/main.c:958:6:Error_Handler	4	static,ignoring_inline_asm
