../Core/Src/main.c:142:6:HAL_I2C_MemRxCpltCallback	24	static,ignoring_inline_asm
../Core/Src/main.c:159:6:HAL_I2C_MasterRxCpltCallback	24	static,ignoring_inline_asm
../Core/Src/main.c:177:6:Set_Time	32	static
../Core/Src/main.c:209:6:Set_Alarm	48	static
../Core/Src/main.c:237:6:scrollUp	24	static
../Core/Src/main.c:250:6:Task_Data_Display	24	static
../Core/Src/main.c:277:6:Task_ReadSensors	16	static
../Core/Src/main.c:304:6:Task_ReadLight	16	static
../Core/Src/main.c:315:6:Task_ReadPressure	16	static
../Core/Src/main.c:325:6:Task_SendDataToThingspeak	16	static
../Core/Src/main.c:354:5:main	56	static
../Core/Src/main.c:467:6:SystemClock_Config	88	static
../Core/Src/main.c:514:13:MX_ADC1_Init	24	static
../Core/Src/main.c:575:13:MX_I2C1_Init	8	static
../Core/Src/main.c:609:13:MX_RTC_Init	72	static
../Core/Src/main.c:691:13:MX_TIM2_Init	32	static
../Core/Src/main.c:736:13:MX_TIM3_Init	48	static
../Core/Src/main.c:794:13:MX_TIM4_Init	32	static
../Core/Src/main.c:839:13:MX_USART1_UART_Init	8	static
../Core/Src/main.c:872:13:MX_USART2_UART_Init	8	static
../Core/Src/main.c:903:13:MX_DMA_Init	16	static
../Core/Src/main.c:928:13:MX_GPIO_Init	48	static
../Core/Src/main.c:977:6:StartDefaultTask	16	static
../Core/Src/main.c:998:6:HAL_TIM_PeriodElapsedCallback	16	static
../Core/Src/main.c:1071:6:Error_Handler	4	static,ignoring_inline_asm
