../Core/Src/main.c:142:6:HAL_I2C_MemRxCpltCallback	16	static
../Core/Src/main.c:160:6:Set_Time	32	static
../Core/Src/main.c:192:6:Set_Alarm	48	static
../Core/Src/main.c:220:6:scrollUp	24	static
../Core/Src/main.c:233:6:Task_Data_Display	24	static
../Core/Src/main.c:258:6:Task_ReadSensors	16	static
../Core/Src/main.c:287:6:Task_SendDataToThingspeak	16	static
../Core/Src/main.c:316:5:main	56	static
../Core/Src/main.c:419:6:SystemClock_Config	88	static
../Core/Src/main.c:466:13:MX_ADC1_Init	24	static
../Core/Src/main.c:527:13:MX_I2C1_Init	8	static
../Core/Src/main.c:561:13:MX_RTC_Init	72	static
../Core/Src/main.c:643:13:MX_TIM2_Init	32	static
../Core/Src/main.c:688:13:MX_TIM3_Init	48	static
../Core/Src/main.c:746:13:MX_TIM4_Init	32	static
../Core/Src/main.c:791:13:MX_USART1_UART_Init	8	static
../Core/Src/main.c:824:13:MX_USART2_UART_Init	8	static
../Core/Src/main.c:855:13:MX_DMA_Init	16	static
../Core/Src/main.c:880:13:MX_GPIO_Init	48	static
../Core/Src/main.c:929:6:StartDefaultTask	16	static
../Core/Src/main.c:950:6:HAL_TIM_PeriodElapsedCallback	16	static
../Core/Src/main.c:1023:6:Error_Handler	4	static,ignoring_inline_asm
