19:48:19 **** Incremental Build of configuration Debug for project EstacionMeteoroV1_RTOS ****
make -j4 all 
arm-none-eabi-gcc "../Core/Src/Display/Datos_Display.c" -mcpu=cortex-m4 -std=gnu11 -g3 -DDEBUG -DUSE_HAL_DRIVER -DSTM32F401xE -c -I../Core/Inc -I"C:/Users/Santi/STM32CubeIDE/estacion_meteorologica2023/EstacionMeteoroV1_RTOS/Core/Inc/Display" -I"C:/Users/Santi/STM32CubeIDE/estacion_meteorologica2023/EstacionMeteoroV1_RTOS/Core/Inc/ESP" -I"C:/Users/Santi/STM32CubeIDE/estacion_meteorologica2023/EstacionMeteoroV1_RTOS/Core/Inc/Sensores" -I../Drivers/STM32F4xx_HAL_Driver/Inc -I../Drivers/STM32F4xx_HAL_Driver/Inc/Legacy -I../Drivers/CMSIS/Device/ST/STM32F4xx/Include -I../Drivers/CMSIS/Include -I../Middlewares/Third_Party/FreeRTOS/Source/include -I../Middlewares/Third_Party/FreeRTOS/Source/CMSIS_RTOS -I../Middlewares/Third_Party/FreeRTOS/Source/portable/GCC/ARM_CM4F -I../USB_DEVICE/App -I../USB_DEVICE/Target -I../Middlewares/ST/STM32_USB_Device_Library/Core/Inc -I../Middlewares/ST/STM32_USB_Device_Library/Class/CustomHID/Inc -O0 -ffunction-sections -fdata-sections -Wall -u _printf_float -fstack-usage -fcyclomatic-complexity -MMD -MP -MF"Core/Src/Display/Datos_Display.d" -MT"Core/Src/Display/Datos_Display.o" --specs=nano.specs -mfpu=fpv4-sp-d16 -mfloat-abi=hard -mthumb -o "Core/Src/Display/Datos_Display.o"
arm-none-eabi-gcc "../Core/Src/main.c" -mcpu=cortex-m4 -std=gnu11 -g3 -DDEBUG -DUSE_HAL_DRIVER -DSTM32F401xE -c -I../Core/Inc -I"C:/Users/Santi/STM32CubeIDE/estacion_meteorologica2023/EstacionMeteoroV1_RTOS/Core/Inc/Display" -I"C:/Users/Santi/STM32CubeIDE/estacion_meteorologica2023/EstacionMeteoroV1_RTOS/Core/Inc/ESP" -I"C:/Users/Santi/STM32CubeIDE/estacion_meteorologica2023/EstacionMeteoroV1_RTOS/Core/Inc/Sensores" -I../Drivers/STM32F4xx_HAL_Driver/Inc -I../Drivers/STM32F4xx_HAL_Driver/Inc/Legacy -I../Drivers/CMSIS/Device/ST/STM32F4xx/Include -I../Drivers/CMSIS/Include -I../Middlewares/Third_Party/FreeRTOS/Source/include -I../Middlewares/Third_Party/FreeRTOS/Source/CMSIS_RTOS -I../Middlewares/Third_Party/FreeRTOS/Source/portable/GCC/ARM_CM4F -I../USB_DEVICE/App -I../USB_DEVICE/Target -I../Middlewares/ST/STM32_USB_Device_Library/Core/Inc -I../Middlewares/ST/STM32_USB_Device_Library/Class/CustomHID/Inc -O0 -ffunction-sections -fdata-sections -Wall -u _printf_float -fstack-usage -fcyclomatic-complexity -MMD -MP -MF"Core/Src/main.d" -MT"Core/Src/main.o" --specs=nano.specs -mfpu=fpv4-sp-d16 -mfloat-abi=hard -mthumb -o "Core/Src/main.o"
../Core/Src/main.c: In function 'Set_Time':
../Core/Src/main.c:199:15: warning: unsigned conversion from 'int' to 'uint8_t' {aka 'unsigned char'} changes value from '2024' to '232' [-Woverflow]
  199 |  sDate.Year = 0x7E8;
      |               ^~~~~
arm-none-eabi-gcc -o "EstacionMeteoroV1_RTOS.elf" @"objects.list"   -mcpu=cortex-m4 -T"C:\Users\Santi\STM32CubeIDE\estacion_meteorologica2023\EstacionMeteoroV1_RTOS\STM32F401RETX_FLASH.ld" --specs=nosys.specs -Wl,-Map="EstacionMeteoroV1_RTOS.map" -Wl,--gc-sections -static -u _printf_float --specs=nano.specs -mfpu=fpv4-sp-d16 -mfloat-abi=hard -mthumb -Wl,--start-group -lc -lm -Wl,--end-group
Finished building target: EstacionMeteoroV1_RTOS.elf
 
arm-none-eabi-size   EstacionMeteoroV1_RTOS.elf 
arm-none-eabi-objdump -h -S  EstacionMeteoroV1_RTOS.elf  > "EstacionMeteoroV1_RTOS.list"
   text	   data	    bss	    dec	    hex	filename
  97636	    764	  24060	 122460	  1de5c	EstacionMeteoroV1_RTOS.elf
Finished building: default.size.stdout
 
Finished building: EstacionMeteoroV1_RTOS.list
 

19:48:21 Build Finished. 0 errors, 1 warnings. (took 2s.63ms)

