18:06:01 **** Incremental Build of configuration Debug for project EstacionMeteoroV1_RTOS ****
make -j4 all 
arm-none-eabi-gcc "../Core/Src/Sensores/BH1750.c" -mcpu=cortex-m4 -std=gnu11 -g3 -DDEBUG -DUSE_HAL_DRIVER -DSTM32F401xE -c -I../Core/Inc -I"C:/Users/Santi/STM32CubeIDE/estacion_meteorologica2023/EstacionMeteoroV1_RTOS/Core/Inc/Display" -I"C:/Users/Santi/STM32CubeIDE/estacion_meteorologica2023/EstacionMeteoroV1_RTOS/Core/Inc/ESP" -I"C:/Users/Santi/STM32CubeIDE/estacion_meteorologica2023/EstacionMeteoroV1_RTOS/Core/Inc/Sensores" -I../Drivers/STM32F4xx_HAL_Driver/Inc -I../Drivers/STM32F4xx_HAL_Driver/Inc/Legacy -I../Drivers/CMSIS/Device/ST/STM32F4xx/Include -I../Drivers/CMSIS/Include -I../Middlewares/Third_Party/FreeRTOS/Source/include -I../Middlewares/Third_Party/FreeRTOS/Source/CMSIS_RTOS -I../Middlewares/Third_Party/FreeRTOS/Source/portable/GCC/ARM_CM4F -I../USB_DEVICE/App -I../USB_DEVICE/Target -I../Middlewares/ST/STM32_USB_Device_Library/Core/Inc -I../Middlewares/ST/STM32_USB_Device_Library/Class/CustomHID/Inc -O0 -ffunction-sections -fdata-sections -Wall -u _printf_float -fstack-usage -fcyclomatic-complexity -MMD -MP -MF"Core/Src/Sensores/BH1750.d" -MT"Core/Src/Sensores/BH1750.o" --specs=nano.specs -mfpu=fpv4-sp-d16 -mfloat-abi=hard -mthumb -o "Core/Src/Sensores/BH1750.o"
arm-none-eabi-gcc "../Core/Src/main.c" -mcpu=cortex-m4 -std=gnu11 -g3 -DDEBUG -DUSE_HAL_DRIVER -DSTM32F401xE -c -I../Core/Inc -I"C:/Users/Santi/STM32CubeIDE/estacion_meteorologica2023/EstacionMeteoroV1_RTOS/Core/Inc/Display" -I"C:/Users/Santi/STM32CubeIDE/estacion_meteorologica2023/EstacionMeteoroV1_RTOS/Core/Inc/ESP" -I"C:/Users/Santi/STM32CubeIDE/estacion_meteorologica2023/EstacionMeteoroV1_RTOS/Core/Inc/Sensores" -I../Drivers/STM32F4xx_HAL_Driver/Inc -I../Drivers/STM32F4xx_HAL_Driver/Inc/Legacy -I../Drivers/CMSIS/Device/ST/STM32F4xx/Include -I../Drivers/CMSIS/Include -I../Middlewares/Third_Party/FreeRTOS/Source/include -I../Middlewares/Third_Party/FreeRTOS/Source/CMSIS_RTOS -I../Middlewares/Third_Party/FreeRTOS/Source/portable/GCC/ARM_CM4F -I../USB_DEVICE/App -I../USB_DEVICE/Target -I../Middlewares/ST/STM32_USB_Device_Library/Core/Inc -I../Middlewares/ST/STM32_USB_Device_Library/Class/CustomHID/Inc -O0 -ffunction-sections -fdata-sections -Wall -u _printf_float -fstack-usage -fcyclomatic-complexity -MMD -MP -MF"Core/Src/main.d" -MT"Core/Src/main.o" --specs=nano.specs -mfpu=fpv4-sp-d16 -mfloat-abi=hard -mthumb -o "Core/Src/main.o"
arm-none-eabi-gcc -o "EstacionMeteoroV1_RTOS.elf" @"objects.list"   -mcpu=cortex-m4 -T"C:\Users\Santi\STM32CubeIDE\estacion_meteorologica2023\EstacionMeteoroV1_RTOS\STM32F401RETX_FLASH.ld" --specs=nosys.specs -Wl,-Map="EstacionMeteoroV1_RTOS.map" -Wl,--gc-sections -static -u _printf_float --specs=nano.specs -mfpu=fpv4-sp-d16 -mfloat-abi=hard -mthumb -Wl,--start-group -lc -lm -Wl,--end-group
Finished building target: EstacionMeteoroV1_RTOS.elf
 
arm-none-eabi-size   EstacionMeteoroV1_RTOS.elf 
arm-none-eabi-objdump -h -S  EstacionMeteoroV1_RTOS.elf  > "EstacionMeteoroV1_RTOS.list"
   text	   data	    bss	    dec	    hex	filename
  97524	    764	  24060	 122348	  1ddec	EstacionMeteoroV1_RTOS.elf
Finished building: default.size.stdout
 
Finished building: EstacionMeteoroV1_RTOS.list
 
18:06:14 **** Incremental Build of configuration Debug for project EstacionMeteoroV1_RTOS ****
make -j4 all 
arm-none-eabi-gcc "../Core/Src/Sensores/BH1750.c" -mcpu=cortex-m4 -std=gnu11 -g3 -DDEBUG -DUSE_HAL_DRIVER -DSTM32F401xE -c -I../Core/Inc -I"C:/Users/Santi/STM32CubeIDE/estacion_meteorologica2023/EstacionMeteoroV1_RTOS/Core/Inc/Display" -I"C:/Users/Santi/STM32CubeIDE/estacion_meteorologica2023/EstacionMeteoroV1_RTOS/Core/Inc/ESP" -I"C:/Users/Santi/STM32CubeIDE/estacion_meteorologica2023/EstacionMeteoroV1_RTOS/Core/Inc/Sensores" -I../Drivers/STM32F4xx_HAL_Driver/Inc -I../Drivers/STM32F4xx_HAL_Driver/Inc/Legacy -I../Drivers/CMSIS/Device/ST/STM32F4xx/Include -I../Drivers/CMSIS/Include -I../Middlewares/Third_Party/FreeRTOS/Source/include -I../Middlewares/Third_Party/FreeRTOS/Source/CMSIS_RTOS -I../Middlewares/Third_Party/FreeRTOS/Source/portable/GCC/ARM_CM4F -I../USB_DEVICE/App -I../USB_DEVICE/Target -I../Middlewares/ST/STM32_USB_Device_Library/Core/Inc -I../Middlewares/ST/STM32_USB_Device_Library/Class/CustomHID/Inc -O0 -ffunction-sections -fdata-sections -Wall -u _printf_float -fstack-usage -fcyclomatic-complexity -MMD -MP -MF"Core/Src/Sensores/BH1750.d" -MT"Core/Src/Sensores/BH1750.o" --specs=nano.specs -mfpu=fpv4-sp-d16 -mfloat-abi=hard -mthumb -o "Core/Src/Sensores/BH1750.o"
arm-none-eabi-gcc "../Core/Src/main.c" -mcpu=cortex-m4 -std=gnu11 -g3 -DDEBUG -DUSE_HAL_DRIVER -DSTM32F401xE -c -I../Core/Inc -I"C:/Users/Santi/STM32CubeIDE/estacion_meteorologica2023/EstacionMeteoroV1_RTOS/Core/Inc/Display" -I"C:/Users/Santi/STM32CubeIDE/estacion_meteorologica2023/EstacionMeteoroV1_RTOS/Core/Inc/ESP" -I"C:/Users/Santi/STM32CubeIDE/estacion_meteorologica2023/EstacionMeteoroV1_RTOS/Core/Inc/Sensores" -I../Drivers/STM32F4xx_HAL_Driver/Inc -I../Drivers/STM32F4xx_HAL_Driver/Inc/Legacy -I../Drivers/CMSIS/Device/ST/STM32F4xx/Include -I../Drivers/CMSIS/Include -I../Middlewares/Third_Party/FreeRTOS/Source/include -I../Middlewares/Third_Party/FreeRTOS/Source/CMSIS_RTOS -I../Middlewares/Third_Party/FreeRTOS/Source/portable/GCC/ARM_CM4F -I../USB_DEVICE/App -I../USB_DEVICE/Target -I../Middlewares/ST/STM32_USB_Device_Library/Core/Inc -I../Middlewares/ST/STM32_USB_Device_Library/Class/CustomHID/Inc -O0 -ffunction-sections -fdata-sections -Wall -u _printf_float -fstack-usage -fcyclomatic-complexity -MMD -MP -MF"Core/Src/main.d" -MT"Core/Src/main.o" --specs=nano.specs -mfpu=fpv4-sp-d16 -mfloat-abi=hard -mthumb -o "Core/Src/main.o"
arm-none-eabi-gcc -o "EstacionMeteoroV1_RTOS.elf" @"objects.list"   -mcpu=cortex-m4 -T"C:\Users\Santi\STM32CubeIDE\estacion_meteorologica2023\EstacionMeteoroV1_RTOS\STM32F401RETX_FLASH.ld" --specs=nosys.specs -Wl,-Map="EstacionMeteoroV1_RTOS.map" -Wl,--gc-sections -static -u _printf_float --specs=nano.specs -mfpu=fpv4-sp-d16 -mfloat-abi=hard -mthumb -Wl,--start-group -lc -lm -Wl,--end-group
Finished building target: EstacionMeteoroV1_RTOS.elf
 
arm-none-eabi-size   EstacionMeteoroV1_RTOS.elf 
arm-none-eabi-objdump -h -S  EstacionMeteoroV1_RTOS.elf  > "EstacionMeteoroV1_RTOS.list"
   text	   data	    bss	    dec	    hex	filename
  97524	    764	  24060	 122348	  1ddec	EstacionMeteoroV1_RTOS.elf
Finished building: default.size.stdout
 
Finished building: EstacionMeteoroV1_RTOS.list
 
18:10:04 **** Incremental Build of configuration Debug for project EstacionMeteoroV1_RTOS ****
make -j4 all 
arm-none-eabi-gcc "../Core/Src/main.c" -mcpu=cortex-m4 -std=gnu11 -g3 -DDEBUG -DUSE_HAL_DRIVER -DSTM32F401xE -c -I../Core/Inc -I"C:/Users/Santi/STM32CubeIDE/estacion_meteorologica2023/EstacionMeteoroV1_RTOS/Core/Inc/Display" -I"C:/Users/Santi/STM32CubeIDE/estacion_meteorologica2023/EstacionMeteoroV1_RTOS/Core/Inc/ESP" -I"C:/Users/Santi/STM32CubeIDE/estacion_meteorologica2023/EstacionMeteoroV1_RTOS/Core/Inc/Sensores" -I../Drivers/STM32F4xx_HAL_Driver/Inc -I../Drivers/STM32F4xx_HAL_Driver/Inc/Legacy -I../Drivers/CMSIS/Device/ST/STM32F4xx/Include -I../Drivers/CMSIS/Include -I../Middlewares/Third_Party/FreeRTOS/Source/include -I../Middlewares/Third_Party/FreeRTOS/Source/CMSIS_RTOS -I../Middlewares/Third_Party/FreeRTOS/Source/portable/GCC/ARM_CM4F -I../USB_DEVICE/App -I../USB_DEVICE/Target -I../Middlewares/ST/STM32_USB_Device_Library/Core/Inc -I../Middlewares/ST/STM32_USB_Device_Library/Class/CustomHID/Inc -O0 -ffunction-sections -fdata-sections -Wall -u _printf_float -fstack-usage -fcyclomatic-complexity -MMD -MP -MF"Core/Src/main.d" -MT"Core/Src/main.o" --specs=nano.specs -mfpu=fpv4-sp-d16 -mfloat-abi=hard -mthumb -o "Core/Src/main.o"
arm-none-eabi-gcc -o "EstacionMeteoroV1_RTOS.elf" @"objects.list"   -mcpu=cortex-m4 -T"C:\Users\Santi\STM32CubeIDE\estacion_meteorologica2023\EstacionMeteoroV1_RTOS\STM32F401RETX_FLASH.ld" --specs=nosys.specs -Wl,-Map="EstacionMeteoroV1_RTOS.map" -Wl,--gc-sections -static -u _printf_float --specs=nano.specs -mfpu=fpv4-sp-d16 -mfloat-abi=hard -mthumb -Wl,--start-group -lc -lm -Wl,--end-group
Finished building target: EstacionMeteoroV1_RTOS.elf
 
arm-none-eabi-size   EstacionMeteoroV1_RTOS.elf 
arm-none-eabi-objdump -h -S  EstacionMeteoroV1_RTOS.elf  > "EstacionMeteoroV1_RTOS.list"
   text	   data	    bss	    dec	    hex	filename
  97524	    764	  24060	 122348	  1ddec	EstacionMeteoroV1_RTOS.elf
Finished building: default.size.stdout
 
Finished building: EstacionMeteoroV1_RTOS.list
 
18:14:42 **** Incremental Build of configuration Debug for project EstacionMeteoroV1_RTOS ****
make -j4 all 
arm-none-eabi-gcc "../Core/Src/main.c" -mcpu=cortex-m4 -std=gnu11 -g3 -DDEBUG -DUSE_HAL_DRIVER -DSTM32F401xE -c -I../Core/Inc -I"C:/Users/Santi/STM32CubeIDE/estacion_meteorologica2023/EstacionMeteoroV1_RTOS/Core/Inc/Display" -I"C:/Users/Santi/STM32CubeIDE/estacion_meteorologica2023/EstacionMeteoroV1_RTOS/Core/Inc/ESP" -I"C:/Users/Santi/STM32CubeIDE/estacion_meteorologica2023/EstacionMeteoroV1_RTOS/Core/Inc/Sensores" -I../Drivers/STM32F4xx_HAL_Driver/Inc -I../Drivers/STM32F4xx_HAL_Driver/Inc/Legacy -I../Drivers/CMSIS/Device/ST/STM32F4xx/Include -I../Drivers/CMSIS/Include -I../Middlewares/Third_Party/FreeRTOS/Source/include -I../Middlewares/Third_Party/FreeRTOS/Source/CMSIS_RTOS -I../Middlewares/Third_Party/FreeRTOS/Source/portable/GCC/ARM_CM4F -I../USB_DEVICE/App -I../USB_DEVICE/Target -I../Middlewares/ST/STM32_USB_Device_Library/Core/Inc -I../Middlewares/ST/STM32_USB_Device_Library/Class/CustomHID/Inc -O0 -ffunction-sections -fdata-sections -Wall -u _printf_float -fstack-usage -fcyclomatic-complexity -MMD -MP -MF"Core/Src/main.d" -MT"Core/Src/main.o" --specs=nano.specs -mfpu=fpv4-sp-d16 -mfloat-abi=hard -mthumb -o "Core/Src/main.o"
arm-none-eabi-gcc -o "EstacionMeteoroV1_RTOS.elf" @"objects.list"   -mcpu=cortex-m4 -T"C:\Users\Santi\STM32CubeIDE\estacion_meteorologica2023\EstacionMeteoroV1_RTOS\STM32F401RETX_FLASH.ld" --specs=nosys.specs -Wl,-Map="EstacionMeteoroV1_RTOS.map" -Wl,--gc-sections -static -u _printf_float --specs=nano.specs -mfpu=fpv4-sp-d16 -mfloat-abi=hard -mthumb -Wl,--start-group -lc -lm -Wl,--end-group
Finished building target: EstacionMeteoroV1_RTOS.elf
 
arm-none-eabi-size   EstacionMeteoroV1_RTOS.elf 
arm-none-eabi-objdump -h -S  EstacionMeteoroV1_RTOS.elf  > "EstacionMeteoroV1_RTOS.list"
   text	   data	    bss	    dec	    hex	filename
  97556	    764	  24060	 122380	  1de0c	EstacionMeteoroV1_RTOS.elf
Finished building: default.size.stdout
 
Finished building: EstacionMeteoroV1_RTOS.list
 
18:20:01 **** Incremental Build of configuration Debug for project EstacionMeteoroV1_RTOS ****
make -j4 all 
arm-none-eabi-gcc "../Core/Src/main.c" -mcpu=cortex-m4 -std=gnu11 -g3 -DDEBUG -DUSE_HAL_DRIVER -DSTM32F401xE -c -I../Core/Inc -I"C:/Users/Santi/STM32CubeIDE/estacion_meteorologica2023/EstacionMeteoroV1_RTOS/Core/Inc/Display" -I"C:/Users/Santi/STM32CubeIDE/estacion_meteorologica2023/EstacionMeteoroV1_RTOS/Core/Inc/ESP" -I"C:/Users/Santi/STM32CubeIDE/estacion_meteorologica2023/EstacionMeteoroV1_RTOS/Core/Inc/Sensores" -I../Drivers/STM32F4xx_HAL_Driver/Inc -I../Drivers/STM32F4xx_HAL_Driver/Inc/Legacy -I../Drivers/CMSIS/Device/ST/STM32F4xx/Include -I../Drivers/CMSIS/Include -I../Middlewares/Third_Party/FreeRTOS/Source/include -I../Middlewares/Third_Party/FreeRTOS/Source/CMSIS_RTOS -I../Middlewares/Third_Party/FreeRTOS/Source/portable/GCC/ARM_CM4F -I../USB_DEVICE/App -I../USB_DEVICE/Target -I../Middlewares/ST/STM32_USB_Device_Library/Core/Inc -I../Middlewares/ST/STM32_USB_Device_Library/Class/CustomHID/Inc -O0 -ffunction-sections -fdata-sections -Wall -u _printf_float -fstack-usage -fcyclomatic-complexity -MMD -MP -MF"Core/Src/main.d" -MT"Core/Src/main.o" --specs=nano.specs -mfpu=fpv4-sp-d16 -mfloat-abi=hard -mthumb -o "Core/Src/main.o"
arm-none-eabi-gcc -o "EstacionMeteoroV1_RTOS.elf" @"objects.list"   -mcpu=cortex-m4 -T"C:\Users\Santi\STM32CubeIDE\estacion_meteorologica2023\EstacionMeteoroV1_RTOS\STM32F401RETX_FLASH.ld" --specs=nosys.specs -Wl,-Map="EstacionMeteoroV1_RTOS.map" -Wl,--gc-sections -static -u _printf_float --specs=nano.specs -mfpu=fpv4-sp-d16 -mfloat-abi=hard -mthumb -Wl,--start-group -lc -lm -Wl,--end-group
Finished building target: EstacionMeteoroV1_RTOS.elf
 
arm-none-eabi-size   EstacionMeteoroV1_RTOS.elf 
arm-none-eabi-objdump -h -S  EstacionMeteoroV1_RTOS.elf  > "EstacionMeteoroV1_RTOS.list"
   text	   data	    bss	    dec	    hex	filename
  97524	    764	  24060	 122348	  1ddec	EstacionMeteoroV1_RTOS.elf
Finished building: default.size.stdout
 
Finished building: EstacionMeteoroV1_RTOS.list
 
18:26:52 **** Incremental Build of configuration Debug for project EstacionMeteoroV1_RTOS ****
make -j4 all 
arm-none-eabi-gcc "../Core/Src/main.c" -mcpu=cortex-m4 -std=gnu11 -g3 -DDEBUG -DUSE_HAL_DRIVER -DSTM32F401xE -c -I../Core/Inc -I"C:/Users/Santi/STM32CubeIDE/estacion_meteorologica2023/EstacionMeteoroV1_RTOS/Core/Inc/Display" -I"C:/Users/Santi/STM32CubeIDE/estacion_meteorologica2023/EstacionMeteoroV1_RTOS/Core/Inc/ESP" -I"C:/Users/Santi/STM32CubeIDE/estacion_meteorologica2023/EstacionMeteoroV1_RTOS/Core/Inc/Sensores" -I../Drivers/STM32F4xx_HAL_Driver/Inc -I../Drivers/STM32F4xx_HAL_Driver/Inc/Legacy -I../Drivers/CMSIS/Device/ST/STM32F4xx/Include -I../Drivers/CMSIS/Include -I../Middlewares/Third_Party/FreeRTOS/Source/include -I../Middlewares/Third_Party/FreeRTOS/Source/CMSIS_RTOS -I../Middlewares/Third_Party/FreeRTOS/Source/portable/GCC/ARM_CM4F -I../USB_DEVICE/App -I../USB_DEVICE/Target -I../Middlewares/ST/STM32_USB_Device_Library/Core/Inc -I../Middlewares/ST/STM32_USB_Device_Library/Class/CustomHID/Inc -O0 -ffunction-sections -fdata-sections -Wall -u _printf_float -fstack-usage -fcyclomatic-complexity -MMD -MP -MF"Core/Src/main.d" -MT"Core/Src/main.o" --specs=nano.specs -mfpu=fpv4-sp-d16 -mfloat-abi=hard -mthumb -o "Core/Src/main.o"
arm-none-eabi-gcc -o "EstacionMeteoroV1_RTOS.elf" @"objects.list"   -mcpu=cortex-m4 -T"C:\Users\Santi\STM32CubeIDE\estacion_meteorologica2023\EstacionMeteoroV1_RTOS\STM32F401RETX_FLASH.ld" --specs=nosys.specs -Wl,-Map="EstacionMeteoroV1_RTOS.map" -Wl,--gc-sections -static -u _printf_float --specs=nano.specs -mfpu=fpv4-sp-d16 -mfloat-abi=hard -mthumb -Wl,--start-group -lc -lm -Wl,--end-group
Finished building target: EstacionMeteoroV1_RTOS.elf
 
arm-none-eabi-size   EstacionMeteoroV1_RTOS.elf 
arm-none-eabi-objdump -h -S  EstacionMeteoroV1_RTOS.elf  > "EstacionMeteoroV1_RTOS.list"
   text	   data	    bss	    dec	    hex	filename
  95240	    764	  23956	 119960	  1d498	EstacionMeteoroV1_RTOS.elf
Finished building: default.size.stdout
 
Finished building: EstacionMeteoroV1_RTOS.list
 
18:28:33 **** Incremental Build of configuration Debug for project EstacionMeteoroV1_RTOS ****
make -j4 all 
arm-none-eabi-gcc -o "EstacionMeteoroV1_RTOS.elf" @"objects.list"   -mcpu=cortex-m4 -T"C:\Users\Santi\STM32CubeIDE\estacion_meteorologica2023\EstacionMeteoroV1_RTOS\STM32F401RETX_FLASH.ld" --specs=nosys.specs -Wl,-Map="EstacionMeteoroV1_RTOS.map" -Wl,--gc-sections -static -u _printf_float --specs=nano.specs -mfpu=fpv4-sp-d16 -mfloat-abi=hard -mthumb -Wl,--start-group -lc -lm -Wl,--end-group
Finished building target: EstacionMeteoroV1_RTOS.elf
 
arm-none-eabi-size   EstacionMeteoroV1_RTOS.elf 
arm-none-eabi-objdump -h -S  EstacionMeteoroV1_RTOS.elf  > "EstacionMeteoroV1_RTOS.list"
   text	   data	    bss	    dec	    hex	filename
  95240	    764	  23956	 119960	  1d498	EstacionMeteoroV1_RTOS.elf
Finished building: default.size.stdout
 
Finished building: EstacionMeteoroV1_RTOS.list
 
18:34:21 **** Incremental Build of configuration Debug for project Test_SensoresFreeRTOS ****
make -j4 all 
arm-none-eabi-size   Test_SensoresFreeRTOS.elf 
   text	   data	    bss	    dec	    hex	filename
  63556	    488	  20320	  84364	  1498c	Test_SensoresFreeRTOS.elf
Finished building: default.size.stdout
 
18:35:31 **** Incremental Build of configuration Debug for project EstacionMeteoroV1_RTOS ****
make -j4 all 
arm-none-eabi-size   EstacionMeteoroV1_RTOS.elf 
   text	   data	    bss	    dec	    hex	filename
  95240	    764	  23956	 119960	  1d498	EstacionMeteoroV1_RTOS.elf
Finished building: default.size.stdout
 
18:35:32 **** Incremental Build of configuration Debug for project EstacionMeteoroV1_RTOS ****
make -j4 all 
arm-none-eabi-size   EstacionMeteoroV1_RTOS.elf 
   text	   data	    bss	    dec	    hex	filename
  95240	    764	  23956	 119960	  1d498	EstacionMeteoroV1_RTOS.elf
Finished building: default.size.stdout
 
18:36:25 **** Incremental Build of configuration Debug for project EstacionMeteoroV1_RTOS ****
make -j4 all 
arm-none-eabi-gcc "../Core/Src/main.c" -mcpu=cortex-m4 -std=gnu11 -g3 -DDEBUG -DUSE_HAL_DRIVER -DSTM32F401xE -c -I../Core/Inc -I"C:/Users/Santi/STM32CubeIDE/estacion_meteorologica2023/EstacionMeteoroV1_RTOS/Core/Inc/Display" -I"C:/Users/Santi/STM32CubeIDE/estacion_meteorologica2023/EstacionMeteoroV1_RTOS/Core/Inc/ESP" -I"C:/Users/Santi/STM32CubeIDE/estacion_meteorologica2023/EstacionMeteoroV1_RTOS/Core/Inc/Sensores" -I../Drivers/STM32F4xx_HAL_Driver/Inc -I../Drivers/STM32F4xx_HAL_Driver/Inc/Legacy -I../Drivers/CMSIS/Device/ST/STM32F4xx/Include -I../Drivers/CMSIS/Include -I../Middlewares/Third_Party/FreeRTOS/Source/include -I../Middlewares/Third_Party/FreeRTOS/Source/CMSIS_RTOS -I../Middlewares/Third_Party/FreeRTOS/Source/portable/GCC/ARM_CM4F -I../USB_DEVICE/App -I../USB_DEVICE/Target -I../Middlewares/ST/STM32_USB_Device_Library/Core/Inc -I../Middlewares/ST/STM32_USB_Device_Library/Class/CustomHID/Inc -O0 -ffunction-sections -fdata-sections -Wall -u _printf_float -fstack-usage -fcyclomatic-complexity -MMD -MP -MF"Core/Src/main.d" -MT"Core/Src/main.o" --specs=nano.specs -mfpu=fpv4-sp-d16 -mfloat-abi=hard -mthumb -o "Core/Src/main.o"
arm-none-eabi-gcc -o "EstacionMeteoroV1_RTOS.elf" @"objects.list"   -mcpu=cortex-m4 -T"C:\Users\Santi\STM32CubeIDE\estacion_meteorologica2023\EstacionMeteoroV1_RTOS\STM32F401RETX_FLASH.ld" --specs=nosys.specs -Wl,-Map="EstacionMeteoroV1_RTOS.map" -Wl,--gc-sections -static -u _printf_float --specs=nano.specs -mfpu=fpv4-sp-d16 -mfloat-abi=hard -mthumb -Wl,--start-group -lc -lm -Wl,--end-group
Finished building target: EstacionMeteoroV1_RTOS.elf
 
arm-none-eabi-size   EstacionMeteoroV1_RTOS.elf 
arm-none-eabi-objdump -h -S  EstacionMeteoroV1_RTOS.elf  > "EstacionMeteoroV1_RTOS.list"
   text	   data	    bss	    dec	    hex	filename
  97524	    764	  24060	 122348	  1ddec	EstacionMeteoroV1_RTOS.elf
Finished building: default.size.stdout
 
Finished building: EstacionMeteoroV1_RTOS.list
 
18:40:00 **** Incremental Build of configuration Debug for project Display_Sensores_RTOS ****
make -j4 all 
arm-none-eabi-size   Display_Sensores_RTOS.elf 
   text	   data	    bss	    dec	    hex	filename
  52704	    508	  20868	  74080	  12160	Display_Sensores_RTOS.elf
Finished building: default.size.stdout
 
18:47:14 **** Incremental Build of configuration Debug for project EstacionMeteoroV1_RTOS ****
make -j4 all 
arm-none-eabi-size   EstacionMeteoroV1_RTOS.elf 
   text	   data	    bss	    dec	    hex	filename
  97524	    764	  24060	 122348	  1ddec	EstacionMeteoroV1_RTOS.elf
Finished building: default.size.stdout
 
18:47:17 **** Incremental Build of configuration Debug for project EstacionMeteoroV1_RTOS ****
make -j4 all 
arm-none-eabi-size   EstacionMeteoroV1_RTOS.elf 
   text	   data	    bss	    dec	    hex	filename
  97524	    764	  24060	 122348	  1ddec	EstacionMeteoroV1_RTOS.elf
Finished building: default.size.stdout
 
18:51:07 **** Incremental Build of configuration Debug for project EstacionMeteoroV1_RTOS ****
make -j4 all 
arm-none-eabi-gcc "../Core/Src/main.c" -mcpu=cortex-m4 -std=gnu11 -g3 -DDEBUG -DUSE_HAL_DRIVER -DSTM32F401xE -c -I../Core/Inc -I"C:/Users/Santi/STM32CubeIDE/estacion_meteorologica2023/EstacionMeteoroV1_RTOS/Core/Inc/Display" -I"C:/Users/Santi/STM32CubeIDE/estacion_meteorologica2023/EstacionMeteoroV1_RTOS/Core/Inc/ESP" -I"C:/Users/Santi/STM32CubeIDE/estacion_meteorologica2023/EstacionMeteoroV1_RTOS/Core/Inc/Sensores" -I../Drivers/STM32F4xx_HAL_Driver/Inc -I../Drivers/STM32F4xx_HAL_Driver/Inc/Legacy -I../Drivers/CMSIS/Device/ST/STM32F4xx/Include -I../Drivers/CMSIS/Include -I../Middlewares/Third_Party/FreeRTOS/Source/include -I../Middlewares/Third_Party/FreeRTOS/Source/CMSIS_RTOS -I../Middlewares/Third_Party/FreeRTOS/Source/portable/GCC/ARM_CM4F -I../USB_DEVICE/App -I../USB_DEVICE/Target -I../Middlewares/ST/STM32_USB_Device_Library/Core/Inc -I../Middlewares/ST/STM32_USB_Device_Library/Class/CustomHID/Inc -O0 -ffunction-sections -fdata-sections -Wall -u _printf_float -fstack-usage -fcyclomatic-complexity -MMD -MP -MF"Core/Src/main.d" -MT"Core/Src/main.o" --specs=nano.specs -mfpu=fpv4-sp-d16 -mfloat-abi=hard -mthumb -o "Core/Src/main.o"
arm-none-eabi-gcc -o "EstacionMeteoroV1_RTOS.elf" @"objects.list"   -mcpu=cortex-m4 -T"C:\Users\Santi\STM32CubeIDE\estacion_meteorologica2023\EstacionMeteoroV1_RTOS\STM32F401RETX_FLASH.ld" --specs=nosys.specs -Wl,-Map="EstacionMeteoroV1_RTOS.map" -Wl,--gc-sections -static -u _printf_float --specs=nano.specs -mfpu=fpv4-sp-d16 -mfloat-abi=hard -mthumb -Wl,--start-group -lc -lm -Wl,--end-group
Finished building target: EstacionMeteoroV1_RTOS.elf
 
arm-none-eabi-size   EstacionMeteoroV1_RTOS.elf 
arm-none-eabi-objdump -h -S  EstacionMeteoroV1_RTOS.elf  > "EstacionMeteoroV1_RTOS.list"
   text	   data	    bss	    dec	    hex	filename
  97540	    764	  24060	 122364	  1ddfc	EstacionMeteoroV1_RTOS.elf
Finished building: default.size.stdout
 
Finished building: EstacionMeteoroV1_RTOS.list
 
18:56:17 **** Incremental Build of configuration Debug for project EstacionMeteoroV1_RTOS ****
make -j4 all 
arm-none-eabi-gcc "../Core/Src/main.c" -mcpu=cortex-m4 -std=gnu11 -g3 -DDEBUG -DUSE_HAL_DRIVER -DSTM32F401xE -c -I../Core/Inc -I"C:/Users/Santi/STM32CubeIDE/estacion_meteorologica2023/EstacionMeteoroV1_RTOS/Core/Inc/Display" -I"C:/Users/Santi/STM32CubeIDE/estacion_meteorologica2023/EstacionMeteoroV1_RTOS/Core/Inc/ESP" -I"C:/Users/Santi/STM32CubeIDE/estacion_meteorologica2023/EstacionMeteoroV1_RTOS/Core/Inc/Sensores" -I../Drivers/STM32F4xx_HAL_Driver/Inc -I../Drivers/STM32F4xx_HAL_Driver/Inc/Legacy -I../Drivers/CMSIS/Device/ST/STM32F4xx/Include -I../Drivers/CMSIS/Include -I../Middlewares/Third_Party/FreeRTOS/Source/include -I../Middlewares/Third_Party/FreeRTOS/Source/CMSIS_RTOS -I../Middlewares/Third_Party/FreeRTOS/Source/portable/GCC/ARM_CM4F -I../USB_DEVICE/App -I../USB_DEVICE/Target -I../Middlewares/ST/STM32_USB_Device_Library/Core/Inc -I../Middlewares/ST/STM32_USB_Device_Library/Class/CustomHID/Inc -O0 -ffunction-sections -fdata-sections -Wall -u _printf_float -fstack-usage -fcyclomatic-complexity -MMD -MP -MF"Core/Src/main.d" -MT"Core/Src/main.o" --specs=nano.specs -mfpu=fpv4-sp-d16 -mfloat-abi=hard -mthumb -o "Core/Src/main.o"
arm-none-eabi-gcc -o "EstacionMeteoroV1_RTOS.elf" @"objects.list"   -mcpu=cortex-m4 -T"C:\Users\Santi\STM32CubeIDE\estacion_meteorologica2023\EstacionMeteoroV1_RTOS\STM32F401RETX_FLASH.ld" --specs=nosys.specs -Wl,-Map="EstacionMeteoroV1_RTOS.map" -Wl,--gc-sections -static -u _printf_float --specs=nano.specs -mfpu=fpv4-sp-d16 -mfloat-abi=hard -mthumb -Wl,--start-group -lc -lm -Wl,--end-group
Finished building target: EstacionMeteoroV1_RTOS.elf
 
arm-none-eabi-size   EstacionMeteoroV1_RTOS.elf 
arm-none-eabi-objdump -h -S  EstacionMeteoroV1_RTOS.elf  > "EstacionMeteoroV1_RTOS.list"
   text	   data	    bss	    dec	    hex	filename
  97540	    764	  24060	 122364	  1ddfc	EstacionMeteoroV1_RTOS.elf
Finished building: default.size.stdout
 
Finished building: EstacionMeteoroV1_RTOS.list
 
19:00:42 **** Incremental Build of configuration Debug for project EstacionMeteoroV1_RTOS ****
make -j4 all 
arm-none-eabi-gcc "../Core/Src/main.c" -mcpu=cortex-m4 -std=gnu11 -g3 -DDEBUG -DUSE_HAL_DRIVER -DSTM32F401xE -c -I../Core/Inc -I"C:/Users/Santi/STM32CubeIDE/estacion_meteorologica2023/EstacionMeteoroV1_RTOS/Core/Inc/Display" -I"C:/Users/Santi/STM32CubeIDE/estacion_meteorologica2023/EstacionMeteoroV1_RTOS/Core/Inc/ESP" -I"C:/Users/Santi/STM32CubeIDE/estacion_meteorologica2023/EstacionMeteoroV1_RTOS/Core/Inc/Sensores" -I../Drivers/STM32F4xx_HAL_Driver/Inc -I../Drivers/STM32F4xx_HAL_Driver/Inc/Legacy -I../Drivers/CMSIS/Device/ST/STM32F4xx/Include -I../Drivers/CMSIS/Include -I../Middlewares/Third_Party/FreeRTOS/Source/include -I../Middlewares/Third_Party/FreeRTOS/Source/CMSIS_RTOS -I../Middlewares/Third_Party/FreeRTOS/Source/portable/GCC/ARM_CM4F -I../USB_DEVICE/App -I../USB_DEVICE/Target -I../Middlewares/ST/STM32_USB_Device_Library/Core/Inc -I../Middlewares/ST/STM32_USB_Device_Library/Class/CustomHID/Inc -O0 -ffunction-sections -fdata-sections -Wall -u _printf_float -fstack-usage -fcyclomatic-complexity -MMD -MP -MF"Core/Src/main.d" -MT"Core/Src/main.o" --specs=nano.specs -mfpu=fpv4-sp-d16 -mfloat-abi=hard -mthumb -o "Core/Src/main.o"
arm-none-eabi-gcc -o "EstacionMeteoroV1_RTOS.elf" @"objects.list"   -mcpu=cortex-m4 -T"C:\Users\Santi\STM32CubeIDE\estacion_meteorologica2023\EstacionMeteoroV1_RTOS\STM32F401RETX_FLASH.ld" --specs=nosys.specs -Wl,-Map="EstacionMeteoroV1_RTOS.map" -Wl,--gc-sections -static -u _printf_float --specs=nano.specs -mfpu=fpv4-sp-d16 -mfloat-abi=hard -mthumb -Wl,--start-group -lc -lm -Wl,--end-group
Finished building target: EstacionMeteoroV1_RTOS.elf
 
arm-none-eabi-size   EstacionMeteoroV1_RTOS.elf 
arm-none-eabi-objdump -h -S  EstacionMeteoroV1_RTOS.elf  > "EstacionMeteoroV1_RTOS.list"
   text	   data	    bss	    dec	    hex	filename
  91348	    748	  24036	 116132	  1c5a4	EstacionMeteoroV1_RTOS.elf
Finished building: default.size.stdout
 
Finished building: EstacionMeteoroV1_RTOS.list
 
19:02:03 **** Incremental Build of configuration Debug for project EstacionMeteoroV1_RTOS ****
make -j4 all 
arm-none-eabi-gcc "../Core/Src/main.c" -mcpu=cortex-m4 -std=gnu11 -g3 -DDEBUG -DUSE_HAL_DRIVER -DSTM32F401xE -c -I../Core/Inc -I"C:/Users/Santi/STM32CubeIDE/estacion_meteorologica2023/EstacionMeteoroV1_RTOS/Core/Inc/Display" -I"C:/Users/Santi/STM32CubeIDE/estacion_meteorologica2023/EstacionMeteoroV1_RTOS/Core/Inc/ESP" -I"C:/Users/Santi/STM32CubeIDE/estacion_meteorologica2023/EstacionMeteoroV1_RTOS/Core/Inc/Sensores" -I../Drivers/STM32F4xx_HAL_Driver/Inc -I../Drivers/STM32F4xx_HAL_Driver/Inc/Legacy -I../Drivers/CMSIS/Device/ST/STM32F4xx/Include -I../Drivers/CMSIS/Include -I../Middlewares/Third_Party/FreeRTOS/Source/include -I../Middlewares/Third_Party/FreeRTOS/Source/CMSIS_RTOS -I../Middlewares/Third_Party/FreeRTOS/Source/portable/GCC/ARM_CM4F -I../USB_DEVICE/App -I../USB_DEVICE/Target -I../Middlewares/ST/STM32_USB_Device_Library/Core/Inc -I../Middlewares/ST/STM32_USB_Device_Library/Class/CustomHID/Inc -O0 -ffunction-sections -fdata-sections -Wall -u _printf_float -fstack-usage -fcyclomatic-complexity -MMD -MP -MF"Core/Src/main.d" -MT"Core/Src/main.o" --specs=nano.specs -mfpu=fpv4-sp-d16 -mfloat-abi=hard -mthumb -o "Core/Src/main.o"
arm-none-eabi-gcc -o "EstacionMeteoroV1_RTOS.elf" @"objects.list"   -mcpu=cortex-m4 -T"C:\Users\Santi\STM32CubeIDE\estacion_meteorologica2023\EstacionMeteoroV1_RTOS\STM32F401RETX_FLASH.ld" --specs=nosys.specs -Wl,-Map="EstacionMeteoroV1_RTOS.map" -Wl,--gc-sections -static -u _printf_float --specs=nano.specs -mfpu=fpv4-sp-d16 -mfloat-abi=hard -mthumb -Wl,--start-group -lc -lm -Wl,--end-group
Finished building target: EstacionMeteoroV1_RTOS.elf
 
arm-none-eabi-size   EstacionMeteoroV1_RTOS.elf 
arm-none-eabi-objdump -h -S  EstacionMeteoroV1_RTOS.elf  > "EstacionMeteoroV1_RTOS.list"
   text	   data	    bss	    dec	    hex	filename
  97572	    764	  24060	 122396	  1de1c	EstacionMeteoroV1_RTOS.elf
Finished building: default.size.stdout
 
Finished building: EstacionMeteoroV1_RTOS.list
 
19:04:42 **** Incremental Build of configuration Debug for project EstacionMeteoroV1_RTOS ****
make -j4 all 
arm-none-eabi-gcc "../Core/Src/main.c" -mcpu=cortex-m4 -std=gnu11 -g3 -DDEBUG -DUSE_HAL_DRIVER -DSTM32F401xE -c -I../Core/Inc -I"C:/Users/Santi/STM32CubeIDE/estacion_meteorologica2023/EstacionMeteoroV1_RTOS/Core/Inc/Display" -I"C:/Users/Santi/STM32CubeIDE/estacion_meteorologica2023/EstacionMeteoroV1_RTOS/Core/Inc/ESP" -I"C:/Users/Santi/STM32CubeIDE/estacion_meteorologica2023/EstacionMeteoroV1_RTOS/Core/Inc/Sensores" -I../Drivers/STM32F4xx_HAL_Driver/Inc -I../Drivers/STM32F4xx_HAL_Driver/Inc/Legacy -I../Drivers/CMSIS/Device/ST/STM32F4xx/Include -I../Drivers/CMSIS/Include -I../Middlewares/Third_Party/FreeRTOS/Source/include -I../Middlewares/Third_Party/FreeRTOS/Source/CMSIS_RTOS -I../Middlewares/Third_Party/FreeRTOS/Source/portable/GCC/ARM_CM4F -I../USB_DEVICE/App -I../USB_DEVICE/Target -I../Middlewares/ST/STM32_USB_Device_Library/Core/Inc -I../Middlewares/ST/STM32_USB_Device_Library/Class/CustomHID/Inc -O0 -ffunction-sections -fdata-sections -Wall -u _printf_float -fstack-usage -fcyclomatic-complexity -MMD -MP -MF"Core/Src/main.d" -MT"Core/Src/main.o" --specs=nano.specs -mfpu=fpv4-sp-d16 -mfloat-abi=hard -mthumb -o "Core/Src/main.o"
arm-none-eabi-gcc -o "EstacionMeteoroV1_RTOS.elf" @"objects.list"   -mcpu=cortex-m4 -T"C:\Users\Santi\STM32CubeIDE\estacion_meteorologica2023\EstacionMeteoroV1_RTOS\STM32F401RETX_FLASH.ld" --specs=nosys.specs -Wl,-Map="EstacionMeteoroV1_RTOS.map" -Wl,--gc-sections -static -u _printf_float --specs=nano.specs -mfpu=fpv4-sp-d16 -mfloat-abi=hard -mthumb -Wl,--start-group -lc -lm -Wl,--end-group
Finished building target: EstacionMeteoroV1_RTOS.elf
 
arm-none-eabi-size   EstacionMeteoroV1_RTOS.elf 
arm-none-eabi-objdump -h -S  EstacionMeteoroV1_RTOS.elf  > "EstacionMeteoroV1_RTOS.list"
   text	   data	    bss	    dec	    hex	filename
  97588	    764	  24060	 122412	  1de2c	EstacionMeteoroV1_RTOS.elf
Finished building: default.size.stdout
 
Finished building: EstacionMeteoroV1_RTOS.list
 
19:06:22 **** Incremental Build of configuration Debug for project EstacionMeteoroV1_RTOS ****
make -j4 all 
arm-none-eabi-gcc "../Core/Src/main.c" -mcpu=cortex-m4 -std=gnu11 -g3 -DDEBUG -DUSE_HAL_DRIVER -DSTM32F401xE -c -I../Core/Inc -I"C:/Users/Santi/STM32CubeIDE/estacion_meteorologica2023/EstacionMeteoroV1_RTOS/Core/Inc/Display" -I"C:/Users/Santi/STM32CubeIDE/estacion_meteorologica2023/EstacionMeteoroV1_RTOS/Core/Inc/ESP" -I"C:/Users/Santi/STM32CubeIDE/estacion_meteorologica2023/EstacionMeteoroV1_RTOS/Core/Inc/Sensores" -I../Drivers/STM32F4xx_HAL_Driver/Inc -I../Drivers/STM32F4xx_HAL_Driver/Inc/Legacy -I../Drivers/CMSIS/Device/ST/STM32F4xx/Include -I../Drivers/CMSIS/Include -I../Middlewares/Third_Party/FreeRTOS/Source/include -I../Middlewares/Third_Party/FreeRTOS/Source/CMSIS_RTOS -I../Middlewares/Third_Party/FreeRTOS/Source/portable/GCC/ARM_CM4F -I../USB_DEVICE/App -I../USB_DEVICE/Target -I../Middlewares/ST/STM32_USB_Device_Library/Core/Inc -I../Middlewares/ST/STM32_USB_Device_Library/Class/CustomHID/Inc -O0 -ffunction-sections -fdata-sections -Wall -u _printf_float -fstack-usage -fcyclomatic-complexity -MMD -MP -MF"Core/Src/main.d" -MT"Core/Src/main.o" --specs=nano.specs -mfpu=fpv4-sp-d16 -mfloat-abi=hard -mthumb -o "Core/Src/main.o"
arm-none-eabi-gcc -o "EstacionMeteoroV1_RTOS.elf" @"objects.list"   -mcpu=cortex-m4 -T"C:\Users\Santi\STM32CubeIDE\estacion_meteorologica2023\EstacionMeteoroV1_RTOS\STM32F401RETX_FLASH.ld" --specs=nosys.specs -Wl,-Map="EstacionMeteoroV1_RTOS.map" -Wl,--gc-sections -static -u _printf_float --specs=nano.specs -mfpu=fpv4-sp-d16 -mfloat-abi=hard -mthumb -Wl,--start-group -lc -lm -Wl,--end-group
Finished building target: EstacionMeteoroV1_RTOS.elf
 
arm-none-eabi-size   EstacionMeteoroV1_RTOS.elf 
arm-none-eabi-objdump -h -S  EstacionMeteoroV1_RTOS.elf  > "EstacionMeteoroV1_RTOS.list"
   text	   data	    bss	    dec	    hex	filename
  97588	    764	  24060	 122412	  1de2c	EstacionMeteoroV1_RTOS.elf
Finished building: default.size.stdout
 
Finished building: EstacionMeteoroV1_RTOS.list
 
19:14:20 **** Incremental Build of configuration Debug for project EstacionMeteoroV1_RTOS ****
make -j4 all 
arm-none-eabi-gcc "../Core/Src/Display/Datos_Display.c" -mcpu=cortex-m4 -std=gnu11 -g3 -DDEBUG -DUSE_HAL_DRIVER -DSTM32F401xE -c -I../Core/Inc -I"C:/Users/Santi/STM32CubeIDE/estacion_meteorologica2023/EstacionMeteoroV1_RTOS/Core/Inc/Display" -I"C:/Users/Santi/STM32CubeIDE/estacion_meteorologica2023/EstacionMeteoroV1_RTOS/Core/Inc/ESP" -I"C:/Users/Santi/STM32CubeIDE/estacion_meteorologica2023/EstacionMeteoroV1_RTOS/Core/Inc/Sensores" -I../Drivers/STM32F4xx_HAL_Driver/Inc -I../Drivers/STM32F4xx_HAL_Driver/Inc/Legacy -I../Drivers/CMSIS/Device/ST/STM32F4xx/Include -I../Drivers/CMSIS/Include -I../Middlewares/Third_Party/FreeRTOS/Source/include -I../Middlewares/Third_Party/FreeRTOS/Source/CMSIS_RTOS -I../Middlewares/Third_Party/FreeRTOS/Source/portable/GCC/ARM_CM4F -I../USB_DEVICE/App -I../USB_DEVICE/Target -I../Middlewares/ST/STM32_USB_Device_Library/Core/Inc -I../Middlewares/ST/STM32_USB_Device_Library/Class/CustomHID/Inc -O0 -ffunction-sections -fdata-sections -Wall -u _printf_float -fstack-usage -fcyclomatic-complexity -MMD -MP -MF"Core/Src/Display/Datos_Display.d" -MT"Core/Src/Display/Datos_Display.o" --specs=nano.specs -mfpu=fpv4-sp-d16 -mfloat-abi=hard -mthumb -o "Core/Src/Display/Datos_Display.o"
arm-none-eabi-gcc "../Core/Src/main.c" -mcpu=cortex-m4 -std=gnu11 -g3 -DDEBUG -DUSE_HAL_DRIVER -DSTM32F401xE -c -I../Core/Inc -I"C:/Users/Santi/STM32CubeIDE/estacion_meteorologica2023/EstacionMeteoroV1_RTOS/Core/Inc/Display" -I"C:/Users/Santi/STM32CubeIDE/estacion_meteorologica2023/EstacionMeteoroV1_RTOS/Core/Inc/ESP" -I"C:/Users/Santi/STM32CubeIDE/estacion_meteorologica2023/EstacionMeteoroV1_RTOS/Core/Inc/Sensores" -I../Drivers/STM32F4xx_HAL_Driver/Inc -I../Drivers/STM32F4xx_HAL_Driver/Inc/Legacy -I../Drivers/CMSIS/Device/ST/STM32F4xx/Include -I../Drivers/CMSIS/Include -I../Middlewares/Third_Party/FreeRTOS/Source/include -I../Middlewares/Third_Party/FreeRTOS/Source/CMSIS_RTOS -I../Middlewares/Third_Party/FreeRTOS/Source/portable/GCC/ARM_CM4F -I../USB_DEVICE/App -I../USB_DEVICE/Target -I../Middlewares/ST/STM32_USB_Device_Library/Core/Inc -I../Middlewares/ST/STM32_USB_Device_Library/Class/CustomHID/Inc -O0 -ffunction-sections -fdata-sections -Wall -u _printf_float -fstack-usage -fcyclomatic-complexity -MMD -MP -MF"Core/Src/main.d" -MT"Core/Src/main.o" --specs=nano.specs -mfpu=fpv4-sp-d16 -mfloat-abi=hard -mthumb -o "Core/Src/main.o"
../Core/Src/main.c: In function 'Set_Time':
../Core/Src/main.c:199:15: warning: unsigned conversion from 'int' to 'uint8_t' {aka 'unsigned char'} changes value from '2024' to '232' [-Woverflow]
  199 |  sDate.Year = 0x7E8;
      |               ^~~~~
arm-none-eabi-gcc -o "EstacionMeteoroV1_RTOS.elf" @"objects.list"   -mcpu=cortex-m4 -T"C:\Users\Santi\STM32CubeIDE\estacion_meteorologica2023\EstacionMeteoroV1_RTOS\STM32F401RETX_FLASH.ld" --specs=nosys.specs -Wl,-Map="EstacionMeteoroV1_RTOS.map" -Wl,--gc-sections -static -u _printf_float --specs=nano.specs -mfpu=fpv4-sp-d16 -mfloat-abi=hard -mthumb -Wl,--start-group -lc -lm -Wl,--end-group
Finished building target: EstacionMeteoroV1_RTOS.elf
 
arm-none-eabi-size   EstacionMeteoroV1_RTOS.elf 
arm-none-eabi-objdump -h -S  EstacionMeteoroV1_RTOS.elf  > "EstacionMeteoroV1_RTOS.list"
   text	   data	    bss	    dec	    hex	filename
  97556	    764	  24060	 122380	  1de0c	EstacionMeteoroV1_RTOS.elf
Finished building: default.size.stdout
 
Finished building: EstacionMeteoroV1_RTOS.list
 
19:16:54 **** Incremental Build of configuration Debug for project EstacionMeteoroV1_RTOS ****
make -j4 all 
arm-none-eabi-gcc "../Core/Src/Display/Datos_Display.c" -mcpu=cortex-m4 -std=gnu11 -g3 -DDEBUG -DUSE_HAL_DRIVER -DSTM32F401xE -c -I../Core/Inc -I"C:/Users/Santi/STM32CubeIDE/estacion_meteorologica2023/EstacionMeteoroV1_RTOS/Core/Inc/Display" -I"C:/Users/Santi/STM32CubeIDE/estacion_meteorologica2023/EstacionMeteoroV1_RTOS/Core/Inc/ESP" -I"C:/Users/Santi/STM32CubeIDE/estacion_meteorologica2023/EstacionMeteoroV1_RTOS/Core/Inc/Sensores" -I../Drivers/STM32F4xx_HAL_Driver/Inc -I../Drivers/STM32F4xx_HAL_Driver/Inc/Legacy -I../Drivers/CMSIS/Device/ST/STM32F4xx/Include -I../Drivers/CMSIS/Include -I../Middlewares/Third_Party/FreeRTOS/Source/include -I../Middlewares/Third_Party/FreeRTOS/Source/CMSIS_RTOS -I../Middlewares/Third_Party/FreeRTOS/Source/portable/GCC/ARM_CM4F -I../USB_DEVICE/App -I../USB_DEVICE/Target -I../Middlewares/ST/STM32_USB_Device_Library/Core/Inc -I../Middlewares/ST/STM32_USB_Device_Library/Class/CustomHID/Inc -O0 -ffunction-sections -fdata-sections -Wall -u _printf_float -fstack-usage -fcyclomatic-complexity -MMD -MP -MF"Core/Src/Display/Datos_Display.d" -MT"Core/Src/Display/Datos_Display.o" --specs=nano.specs -mfpu=fpv4-sp-d16 -mfloat-abi=hard -mthumb -o "Core/Src/Display/Datos_Display.o"
arm-none-eabi-gcc -o "EstacionMeteoroV1_RTOS.elf" @"objects.list"   -mcpu=cortex-m4 -T"C:\Users\Santi\STM32CubeIDE\estacion_meteorologica2023\EstacionMeteoroV1_RTOS\STM32F401RETX_FLASH.ld" --specs=nosys.specs -Wl,-Map="EstacionMeteoroV1_RTOS.map" -Wl,--gc-sections -static -u _printf_float --specs=nano.specs -mfpu=fpv4-sp-d16 -mfloat-abi=hard -mthumb -Wl,--start-group -lc -lm -Wl,--end-group
Finished building target: EstacionMeteoroV1_RTOS.elf
 
arm-none-eabi-size   EstacionMeteoroV1_RTOS.elf 
arm-none-eabi-objdump -h -S  EstacionMeteoroV1_RTOS.elf  > "EstacionMeteoroV1_RTOS.list"
   text	   data	    bss	    dec	    hex	filename
  97588	    764	  24060	 122412	  1de2c	EstacionMeteoroV1_RTOS.elf
Finished building: default.size.stdout
 
Finished building: EstacionMeteoroV1_RTOS.list
 
19:39:03 **** Incremental Build of configuration Debug for project EstacionMeteoroV1_RTOS ****
make -j4 all 
arm-none-eabi-gcc "../Core/Src/Display/Datos_Display.c" -mcpu=cortex-m4 -std=gnu11 -g3 -DDEBUG -DUSE_HAL_DRIVER -DSTM32F401xE -c -I../Core/Inc -I"C:/Users/Santi/STM32CubeIDE/estacion_meteorologica2023/EstacionMeteoroV1_RTOS/Core/Inc/Display" -I"C:/Users/Santi/STM32CubeIDE/estacion_meteorologica2023/EstacionMeteoroV1_RTOS/Core/Inc/ESP" -I"C:/Users/Santi/STM32CubeIDE/estacion_meteorologica2023/EstacionMeteoroV1_RTOS/Core/Inc/Sensores" -I../Drivers/STM32F4xx_HAL_Driver/Inc -I../Drivers/STM32F4xx_HAL_Driver/Inc/Legacy -I../Drivers/CMSIS/Device/ST/STM32F4xx/Include -I../Drivers/CMSIS/Include -I../Middlewares/Third_Party/FreeRTOS/Source/include -I../Middlewares/Third_Party/FreeRTOS/Source/CMSIS_RTOS -I../Middlewares/Third_Party/FreeRTOS/Source/portable/GCC/ARM_CM4F -I../USB_DEVICE/App -I../USB_DEVICE/Target -I../Middlewares/ST/STM32_USB_Device_Library/Core/Inc -I../Middlewares/ST/STM32_USB_Device_Library/Class/CustomHID/Inc -O0 -ffunction-sections -fdata-sections -Wall -u _printf_float -fstack-usage -fcyclomatic-complexity -MMD -MP -MF"Core/Src/Display/Datos_Display.d" -MT"Core/Src/Display/Datos_Display.o" --specs=nano.specs -mfpu=fpv4-sp-d16 -mfloat-abi=hard -mthumb -o "Core/Src/Display/Datos_Display.o"
arm-none-eabi-gcc -o "EstacionMeteoroV1_RTOS.elf" @"objects.list"   -mcpu=cortex-m4 -T"C:\Users\Santi\STM32CubeIDE\estacion_meteorologica2023\EstacionMeteoroV1_RTOS\STM32F401RETX_FLASH.ld" --specs=nosys.specs -Wl,-Map="EstacionMeteoroV1_RTOS.map" -Wl,--gc-sections -static -u _printf_float --specs=nano.specs -mfpu=fpv4-sp-d16 -mfloat-abi=hard -mthumb -Wl,--start-group -lc -lm -Wl,--end-group
Finished building target: EstacionMeteoroV1_RTOS.elf
 
arm-none-eabi-size   EstacionMeteoroV1_RTOS.elf 
arm-none-eabi-objdump -h -S  EstacionMeteoroV1_RTOS.elf  > "EstacionMeteoroV1_RTOS.list"
   text	   data	    bss	    dec	    hex	filename
  97596	    764	  24060	 122420	  1de34	EstacionMeteoroV1_RTOS.elf
Finished building: default.size.stdout
 
Finished building: EstacionMeteoroV1_RTOS.list
 
19:40:28 **** Incremental Build of configuration Debug for project EstacionMeteoroV1_RTOS ****
make -j4 all 
arm-none-eabi-gcc "../Core/Src/Display/Datos_Display.c" -mcpu=cortex-m4 -std=gnu11 -g3 -DDEBUG -DUSE_HAL_DRIVER -DSTM32F401xE -c -I../Core/Inc -I"C:/Users/Santi/STM32CubeIDE/estacion_meteorologica2023/EstacionMeteoroV1_RTOS/Core/Inc/Display" -I"C:/Users/Santi/STM32CubeIDE/estacion_meteorologica2023/EstacionMeteoroV1_RTOS/Core/Inc/ESP" -I"C:/Users/Santi/STM32CubeIDE/estacion_meteorologica2023/EstacionMeteoroV1_RTOS/Core/Inc/Sensores" -I../Drivers/STM32F4xx_HAL_Driver/Inc -I../Drivers/STM32F4xx_HAL_Driver/Inc/Legacy -I../Drivers/CMSIS/Device/ST/STM32F4xx/Include -I../Drivers/CMSIS/Include -I../Middlewares/Third_Party/FreeRTOS/Source/include -I../Middlewares/Third_Party/FreeRTOS/Source/CMSIS_RTOS -I../Middlewares/Third_Party/FreeRTOS/Source/portable/GCC/ARM_CM4F -I../USB_DEVICE/App -I../USB_DEVICE/Target -I../Middlewares/ST/STM32_USB_Device_Library/Core/Inc -I../Middlewares/ST/STM32_USB_Device_Library/Class/CustomHID/Inc -O0 -ffunction-sections -fdata-sections -Wall -u _printf_float -fstack-usage -fcyclomatic-complexity -MMD -MP -MF"Core/Src/Display/Datos_Display.d" -MT"Core/Src/Display/Datos_Display.o" --specs=nano.specs -mfpu=fpv4-sp-d16 -mfloat-abi=hard -mthumb -o "Core/Src/Display/Datos_Display.o"
arm-none-eabi-gcc -o "EstacionMeteoroV1_RTOS.elf" @"objects.list"   -mcpu=cortex-m4 -T"C:\Users\Santi\STM32CubeIDE\estacion_meteorologica2023\EstacionMeteoroV1_RTOS\STM32F401RETX_FLASH.ld" --specs=nosys.specs -Wl,-Map="EstacionMeteoroV1_RTOS.map" -Wl,--gc-sections -static -u _printf_float --specs=nano.specs -mfpu=fpv4-sp-d16 -mfloat-abi=hard -mthumb -Wl,--start-group -lc -lm -Wl,--end-group
Finished building target: EstacionMeteoroV1_RTOS.elf
 
arm-none-eabi-size   EstacionMeteoroV1_RTOS.elf 
arm-none-eabi-objdump -h -S  EstacionMeteoroV1_RTOS.elf  > "EstacionMeteoroV1_RTOS.list"
   text	   data	    bss	    dec	    hex	filename
  97612	    764	  24060	 122436	  1de44	EstacionMeteoroV1_RTOS.elf
Finished building: default.size.stdout
 
Finished building: EstacionMeteoroV1_RTOS.list
 
19:42:47 **** Incremental Build of configuration Debug for project EstacionMeteoroV1_RTOS ****
make -j4 all 
arm-none-eabi-gcc "../Core/Src/Display/Datos_Display.c" -mcpu=cortex-m4 -std=gnu11 -g3 -DDEBUG -DUSE_HAL_DRIVER -DSTM32F401xE -c -I../Core/Inc -I"C:/Users/Santi/STM32CubeIDE/estacion_meteorologica2023/EstacionMeteoroV1_RTOS/Core/Inc/Display" -I"C:/Users/Santi/STM32CubeIDE/estacion_meteorologica2023/EstacionMeteoroV1_RTOS/Core/Inc/ESP" -I"C:/Users/Santi/STM32CubeIDE/estacion_meteorologica2023/EstacionMeteoroV1_RTOS/Core/Inc/Sensores" -I../Drivers/STM32F4xx_HAL_Driver/Inc -I../Drivers/STM32F4xx_HAL_Driver/Inc/Legacy -I../Drivers/CMSIS/Device/ST/STM32F4xx/Include -I../Drivers/CMSIS/Include -I../Middlewares/Third_Party/FreeRTOS/Source/include -I../Middlewares/Third_Party/FreeRTOS/Source/CMSIS_RTOS -I../Middlewares/Third_Party/FreeRTOS/Source/portable/GCC/ARM_CM4F -I../USB_DEVICE/App -I../USB_DEVICE/Target -I../Middlewares/ST/STM32_USB_Device_Library/Core/Inc -I../Middlewares/ST/STM32_USB_Device_Library/Class/CustomHID/Inc -O0 -ffunction-sections -fdata-sections -Wall -u _printf_float -fstack-usage -fcyclomatic-complexity -MMD -MP -MF"Core/Src/Display/Datos_Display.d" -MT"Core/Src/Display/Datos_Display.o" --specs=nano.specs -mfpu=fpv4-sp-d16 -mfloat-abi=hard -mthumb -o "Core/Src/Display/Datos_Display.o"
arm-none-eabi-gcc -o "EstacionMeteoroV1_RTOS.elf" @"objects.list"   -mcpu=cortex-m4 -T"C:\Users\Santi\STM32CubeIDE\estacion_meteorologica2023\EstacionMeteoroV1_RTOS\STM32F401RETX_FLASH.ld" --specs=nosys.specs -Wl,-Map="EstacionMeteoroV1_RTOS.map" -Wl,--gc-sections -static -u _printf_float --specs=nano.specs -mfpu=fpv4-sp-d16 -mfloat-abi=hard -mthumb -Wl,--start-group -lc -lm -Wl,--end-group
Finished building target: EstacionMeteoroV1_RTOS.elf
 
arm-none-eabi-size   EstacionMeteoroV1_RTOS.elf 
arm-none-eabi-objdump -h -S  EstacionMeteoroV1_RTOS.elf  > "EstacionMeteoroV1_RTOS.list"
   text	   data	    bss	    dec	    hex	filename
  97620	    764	  24060	 122444	  1de4c	EstacionMeteoroV1_RTOS.elf
Finished building: default.size.stdout
 
Finished building: EstacionMeteoroV1_RTOS.list
 
19:48:19 **** Incremental Build of configuration Debug for project EstacionMeteoroV1_RTOS ****
make -j4 all 
arm-none-eabi-gcc "../Core/Src/Display/Datos_Display.c" -mcpu=cortex-m4 -std=gnu11 -g3 -DDEBUG -DUSE_HAL_DRIVER -DSTM32F401xE -c -I../Core/Inc -I"C:/Users/Santi/STM32CubeIDE/estacion_meteorologica2023/EstacionMeteoroV1_RTOS/Core/Inc/Display" -I"C:/Users/Santi/STM32CubeIDE/estacion_meteorologica2023/EstacionMeteoroV1_RTOS/Core/Inc/ESP" -I"C:/Users/Santi/STM32CubeIDE/estacion_meteorologica2023/EstacionMeteoroV1_RTOS/Core/Inc/Sensores" -I../Drivers/STM32F4xx_HAL_Driver/Inc -I../Drivers/STM32F4xx_HAL_Driver/Inc/Legacy -I../Drivers/CMSIS/Device/ST/STM32F4xx/Include -I../Drivers/CMSIS/Include -I../Middlewares/Third_Party/FreeRTOS/Source/include -I../Middlewares/Third_Party/FreeRTOS/Source/CMSIS_RTOS -I../Middlewares/Third_Party/FreeRTOS/Source/portable/GCC/ARM_CM4F -I../USB_DEVICE/App -I../USB_DEVICE/Target -I../Middlewares/ST/STM32_USB_Device_Library/Core/Inc -I../Middlewares/ST/STM32_USB_Device_Library/Class/CustomHID/Inc -O0 -ffunction-sections -fdata-sections -Wall -u _printf_float -fstack-usage -fcyclomatic-complexity -MMD -MP -MF"Core/Src/Display/Datos_Display.d" -MT"Core/Src/Display/Datos_Display.o" --specs=nano.specs -mfpu=fpv4-sp-d16 -mfloat-abi=hard -mthumb -o "Core/Src/Display/Datos_Display.o"
arm-none-eabi-gcc "../Core/Src/main.c" -mcpu=cortex-m4 -std=gnu11 -g3 -DDEBUG -DUSE_HAL_DRIVER -DSTM32F401xE -c -I../Core/Inc -I"C:/Users/Santi/STM32CubeIDE/estacion_meteorologica2023/EstacionMeteoroV1_RTOS/Core/Inc/Display" -I"C:/Users/Santi/STM32CubeIDE/estacion_meteorologica2023/EstacionMeteoroV1_RTOS/Core/Inc/ESP" -I"C:/Users/Santi/STM32CubeIDE/estacion_meteorologica2023/EstacionMeteoroV1_RTOS/Core/Inc/Sensores" -I../Drivers/STM32F4xx_HAL_Driver/Inc -I../Drivers/STM32F4xx_HAL_Driver/Inc/Legacy -I../Drivers/CMSIS/Device/ST/STM32F4xx/Include -I../Drivers/CMSIS/Include -I../Middlewares/Third_Party/FreeRTOS/Source/include -I../Middlewares/Third_Party/FreeRTOS/Source/CMSIS_RTOS -I../Middlewares/Third_Party/FreeRTOS/Source/portable/GCC/ARM_CM4F -I../USB_DEVICE/App -I../USB_DEVICE/Target -I../Middlewares/ST/STM32_USB_Device_Library/Core/Inc -I../Middlewares/ST/STM32_USB_Device_Library/Class/CustomHID/Inc -O0 -ffunction-sections -fdata-sections -Wall -u _printf_float -fstack-usage -fcyclomatic-complexity -MMD -MP -MF"Core/Src/main.d" -MT"Core/Src/main.o" --specs=nano.specs -mfpu=fpv4-sp-d16 -mfloat-abi=hard -mthumb -o "Core/Src/main.o"
../Core/Src/main.c: In function 'Set_Time':
../Core/Src/main.c:199:15: warning: unsigned conversion from 'int' to 'uint8_t' {aka 'unsigned char'} changes value from '2024' to '232' [-Woverflow]
  199 |  sDate.Year = 0x7E8;
      |               ^~~~~
arm-none-eabi-gcc -o "EstacionMeteoroV1_RTOS.elf" @"objects.list"   -mcpu=cortex-m4 -T"C:\Users\Santi\STM32CubeIDE\estacion_meteorologica2023\EstacionMeteoroV1_RTOS\STM32F401RETX_FLASH.ld" --specs=nosys.specs -Wl,-Map="EstacionMeteoroV1_RTOS.map" -Wl,--gc-sections -static -u _printf_float --specs=nano.specs -mfpu=fpv4-sp-d16 -mfloat-abi=hard -mthumb -Wl,--start-group -lc -lm -Wl,--end-group
Finished building target: EstacionMeteoroV1_RTOS.elf
 
arm-none-eabi-size   EstacionMeteoroV1_RTOS.elf 
arm-none-eabi-objdump -h -S  EstacionMeteoroV1_RTOS.elf  > "EstacionMeteoroV1_RTOS.list"
   text	   data	    bss	    dec	    hex	filename
  97636	    764	  24060	 122460	  1de5c	EstacionMeteoroV1_RTOS.elf
Finished building: default.size.stdout
 
Finished building: EstacionMeteoroV1_RTOS.list
 
