20:10:56 **** Incremental Build of configuration Debug for project Test_BH1750 ****
make -j4 all 
arm-none-eabi-gcc "../Core/Src/main.c" -mcpu=cortex-m4 -std=gnu11 -g3 -DDEBUG -DUSE_HAL_DRIVER -DSTM32F401xE -c -I../Core/Inc -I../Drivers/STM32F4xx_HAL_Driver/Inc -I../Drivers/STM32F4xx_HAL_Driver/Inc/Legacy -I../Drivers/CMSIS/Device/ST/STM32F4xx/Include -I../Drivers/CMSIS/Include -O0 -ffunction-sections -fdata-sections -Wall -fstack-usage -fcyclomatic-complexity -MMD -MP -MF"Core/Src/main.d" -MT"Core/Src/main.o" --specs=nano.specs -mfpu=fpv4-sp-d16 -mfloat-abi=hard -mthumb -o "Core/Src/main.o"
arm-none-eabi-gcc -o "Test_BH1750.elf" @"objects.list"   -mcpu=cortex-m4 -T"C:\Users\santi\STM32CubeIDE\estacion_meteorologica2023\Test_BH1750\STM32F401RETX_FLASH.ld" --specs=nosys.specs -Wl,-Map="Test_BH1750.map" -Wl,--gc-sections -static --specs=nano.specs -mfpu=fpv4-sp-d16 -mfloat-abi=hard -mthumb -u _printf_float -Wl,--start-group -lc -lm -Wl,--end-group
Finished building target: Test_BH1750.elf
 
arm-none-eabi-size   Test_BH1750.elf 
arm-none-eabi-objdump -h -S  Test_BH1750.elf  > "Test_BH1750.list"
   text	   data	    bss	    dec	    hex	filename
  34880	    484	   1948	  37312	   91c0	Test_BH1750.elf
Finished building: default.size.stdout
 
Finished building: Test_BH1750.list
 

20:10:58 Build Finished. 0 errors, 0 warnings. (took 1s.516ms)

