../Core/Src/main.c:77:6:HAL_TIM_PeriodElapsedCallback	16	static
../Core/Src/main.c:86:6:HAL_TIM_IC_CaptureCallback	16	static
../Core/Src/main.c:91:7:ConvertRPMtoMeterPerSecond	16	static
../Core/Src/main.c:102:5:main	8	static
../Core/Src/main.c:157:6:SystemClock_Config	88	static
../Core/Src/main.c:203:13:MX_TIM2_Init	48	static
../Core/Src/main.c:261:13:MX_TIM3_Init	32	static
../Core/Src/main.c:306:13:MX_USART2_UART_Init	8	static
../Core/Src/main.c:339:13:MX_GPIO_Init	48	static
../Core/Src/main.c:379:6:Error_Handler	4	static,ignoring_inline_asm
